Archive member included to satisfy reference by file (symbol)

C:/ST/STM32CubeIDE_1.17.0/STM32CubeIDE/plugins/com.st.stm32cube.ide.mcu.externaltools.gnu-tools-for-stm32.12.3.rel1.win32_1.1.0.202410251130/tools/bin/../lib/gcc/arm-none-eabi/12.3.1/../../../../arm-none-eabi/lib/thumb/v7e-m+dp/hard\libc_nano.a(libc_a-exit.o)
                              C:/ST/STM32CubeIDE_1.17.0/STM32CubeIDE/plugins/com.st.stm32cube.ide.mcu.externaltools.gnu-tools-for-stm32.12.3.rel1.win32_1.1.0.202410251130/tools/bin/../lib/gcc/arm-none-eabi/12.3.1/../../../../arm-none-eabi/lib/thumb/v7e-m+dp/hard/crt0.o (exit)
C:/ST/STM32CubeIDE_1.17.0/STM32CubeIDE/plugins/com.st.stm32cube.ide.mcu.externaltools.gnu-tools-for-stm32.12.3.rel1.win32_1.1.0.202410251130/tools/bin/../lib/gcc/arm-none-eabi/12.3.1/../../../../arm-none-eabi/lib/thumb/v7e-m+dp/hard\libc_nano.a(libc_a-strtoul.o)
                              ./debug_console/debug_console.o (strtoul)
C:/ST/STM32CubeIDE_1.17.0/STM32CubeIDE/plugins/com.st.stm32cube.ide.mcu.externaltools.gnu-tools-for-stm32.12.3.rel1.win32_1.1.0.202410251130/tools/bin/../lib/gcc/arm-none-eabi/12.3.1/../../../../arm-none-eabi/lib/thumb/v7e-m+dp/hard\libc_nano.a(libc_a-ctype_.o)
                              ./debug_console/debug_console.o (_ctype_)
C:/ST/STM32CubeIDE_1.17.0/STM32CubeIDE/plugins/com.st.stm32cube.ide.mcu.externaltools.gnu-tools-for-stm32.12.3.rel1.win32_1.1.0.202410251130/tools/bin/../lib/gcc/arm-none-eabi/12.3.1/../../../../arm-none-eabi/lib/thumb/v7e-m+dp/hard\libc_nano.a(libc_a-findfp.o)
                              C:/ST/STM32CubeIDE_1.17.0/STM32CubeIDE/plugins/com.st.stm32cube.ide.mcu.externaltools.gnu-tools-for-stm32.12.3.rel1.win32_1.1.0.202410251130/tools/bin/../lib/gcc/arm-none-eabi/12.3.1/../../../../arm-none-eabi/lib/thumb/v7e-m+dp/hard\libc_nano.a(libc_a-exit.o) (__stdio_exit_handler)
C:/ST/STM32CubeIDE_1.17.0/STM32CubeIDE/plugins/com.st.stm32cube.ide.mcu.externaltools.gnu-tools-for-stm32.12.3.rel1.win32_1.1.0.202410251130/tools/bin/../lib/gcc/arm-none-eabi/12.3.1/../../../../arm-none-eabi/lib/thumb/v7e-m+dp/hard\libc_nano.a(libc_a-fwalk.o)
                              C:/ST/STM32CubeIDE_1.17.0/STM32CubeIDE/plugins/com.st.stm32cube.ide.mcu.externaltools.gnu-tools-for-stm32.12.3.rel1.win32_1.1.0.202410251130/tools/bin/../lib/gcc/arm-none-eabi/12.3.1/../../../../arm-none-eabi/lib/thumb/v7e-m+dp/hard\libc_nano.a(libc_a-findfp.o) (_fwalk_sglue)
C:/ST/STM32CubeIDE_1.17.0/STM32CubeIDE/plugins/com.st.stm32cube.ide.mcu.externaltools.gnu-tools-for-stm32.12.3.rel1.win32_1.1.0.202410251130/tools/bin/../lib/gcc/arm-none-eabi/12.3.1/../../../../arm-none-eabi/lib/thumb/v7e-m+dp/hard\libc_nano.a(libc_a-sscanf.o)
                              ./debug_console/debug_console.o (sscanf)
C:/ST/STM32CubeIDE_1.17.0/STM32CubeIDE/plugins/com.st.stm32cube.ide.mcu.externaltools.gnu-tools-for-stm32.12.3.rel1.win32_1.1.0.202410251130/tools/bin/../lib/gcc/arm-none-eabi/12.3.1/../../../../arm-none-eabi/lib/thumb/v7e-m+dp/hard\libc_nano.a(libc_a-stdio.o)
                              C:/ST/STM32CubeIDE_1.17.0/STM32CubeIDE/plugins/com.st.stm32cube.ide.mcu.externaltools.gnu-tools-for-stm32.12.3.rel1.win32_1.1.0.202410251130/tools/bin/../lib/gcc/arm-none-eabi/12.3.1/../../../../arm-none-eabi/lib/thumb/v7e-m+dp/hard\libc_nano.a(libc_a-findfp.o) (__sread)
C:/ST/STM32CubeIDE_1.17.0/STM32CubeIDE/plugins/com.st.stm32cube.ide.mcu.externaltools.gnu-tools-for-stm32.12.3.rel1.win32_1.1.0.202410251130/tools/bin/../lib/gcc/arm-none-eabi/12.3.1/../../../../arm-none-eabi/lib/thumb/v7e-m+dp/hard\libc_nano.a(libc_a-vsprintf.o)
                              ./debug_console/debug_console.o (vsprintf)
C:/ST/STM32CubeIDE_1.17.0/STM32CubeIDE/plugins/com.st.stm32cube.ide.mcu.externaltools.gnu-tools-for-stm32.12.3.rel1.win32_1.1.0.202410251130/tools/bin/../lib/gcc/arm-none-eabi/12.3.1/../../../../arm-none-eabi/lib/thumb/v7e-m+dp/hard\libc_nano.a(libc_a-memset.o)
                              C:/ST/STM32CubeIDE_1.17.0/STM32CubeIDE/plugins/com.st.stm32cube.ide.mcu.externaltools.gnu-tools-for-stm32.12.3.rel1.win32_1.1.0.202410251130/tools/bin/../lib/gcc/arm-none-eabi/12.3.1/../../../../arm-none-eabi/lib/thumb/v7e-m+dp/hard/crt0.o (memset)
C:/ST/STM32CubeIDE_1.17.0/STM32CubeIDE/plugins/com.st.stm32cube.ide.mcu.externaltools.gnu-tools-for-stm32.12.3.rel1.win32_1.1.0.202410251130/tools/bin/../lib/gcc/arm-none-eabi/12.3.1/../../../../arm-none-eabi/lib/thumb/v7e-m+dp/hard\libc_nano.a(libc_a-closer.o)
                              C:/ST/STM32CubeIDE_1.17.0/STM32CubeIDE/plugins/com.st.stm32cube.ide.mcu.externaltools.gnu-tools-for-stm32.12.3.rel1.win32_1.1.0.202410251130/tools/bin/../lib/gcc/arm-none-eabi/12.3.1/../../../../arm-none-eabi/lib/thumb/v7e-m+dp/hard\libc_nano.a(libc_a-stdio.o) (_close_r)
[...]
Memory Configuration

Name             Origin             Length             Attributes
FLASH            0x08000000         0x00200000         xr
DTCMRAM          0x20000000         0x00020000         xrw
RAM_D1           0x24000000         0x00080000         xrw
RAM_D2           0x30000000         0x00048000         xrw
RAM_D3           0x38000000         0x00010000         xrw
ITCMRAM          0x00000000         0x00010000         xrw
*default*        0x00000000         0xffffffff

Linker script and memory map

LOAD C:/ST/STM32CubeIDE_1.17.0/STM32CubeIDE/plugins/com.st.stm32cube.ide.mcu.externaltools.gnu-tools-for-stm32.12.3.rel1.win32_1.1.0.202410251130/tools/bin/../lib/gcc/arm-none-eabi/12.3.1/thumb/v7e-m+dp/hard/crti.o
LOAD C:/ST/STM32CubeIDE_1.17.0/STM32CubeIDE/plugins/com.st.stm32cube.ide.mcu.externaltools.gnu-tools-for-stm32.12.3.rel1.win32_1.1.0.202410251130/tools/bin/../lib/gcc/arm-none-eabi/12.3.1/thumb/v7e-m+dp/hard/crtbegin.o
LOAD C:/ST/STM32CubeIDE_1.17.0/STM32CubeIDE/plugins/com.st.stm32cube.ide.mcu.externaltools.gnu-tools-for-stm32.12.3.rel1.win32_1.1.0.202410251130/tools/bin/../lib/gcc/arm-none-eabi/12.3.1/../../../../arm-none-eabi/lib/thumb/v7e-m+dp/hard/crt0.o
LOAD ./Core/Src/adc.o
LOAD ./Core/Src/bdma.o
LOAD ./Core/Src/gpio.o
LOAD ./Core/Src/main.o
LOAD ./Core/Src/memorymap.o
LOAD ./Core/Src/quadspi.o
LOAD ./Core/Src/stm32h7xx_hal_msp.o
LOAD ./Core/Src/stm32h7xx_hal_timebase_tim.o
LOAD ./Core/Src/stm32h7xx_it.o
LOAD ./Core/Src/syscalls.o
LOAD ./Core/Src/sysmem.o
LOAD ./Core/Src/system_stm32h7xx.o
LOAD ./Core/Startup/startup_stm32h743vitx.o
LOAD ./Drivers/STM32H7xx_HAL_Driver/Src/stm32h7xx_hal.o
LOAD ./Drivers/STM32H7xx_HAL_Driver/Src/stm32h7xx_hal_adc.o
LOAD ./Drivers/STM32H7xx_HAL_Driver/Src/stm32h7xx_hal_adc_ex.o
LOAD ./Drivers/STM32H7xx_HAL_Driver/Src/stm32h7xx_hal_cortex.o
LOAD ./Drivers/STM32H7xx_HAL_Driver/Src/stm32h7xx_hal_dma.o
LOAD ./Drivers/STM32H7xx_HAL_Driver/Src/stm32h7xx_hal_dma_ex.o
LOAD ./Drivers/STM32H7xx_HAL_Driver/Src/stm32h7xx_hal_exti.o
LOAD ./Drivers/STM32H7xx_HAL_Driver/Src/stm32h7xx_hal_flash.o
LOAD ./Drivers/STM32H7xx_HAL_Driver/Src/stm32h7xx_hal_flash_ex.o
LOAD ./Drivers/STM32H7xx_HAL_Driver/Src/stm32h7xx_hal_gpio.o
LOAD ./Drivers/STM32H7xx_HAL_Driver/Src/stm32h7xx_hal_hsem.o
LOAD ./Drivers/STM32H7xx_HAL_Driver/Src/stm32h7xx_hal_i2c.o
LOAD ./Drivers/STM32H7xx_HAL_Driver/Src/stm32h7xx_hal_i2c_ex.o
LOAD ./Drivers/STM32H7xx_HAL_Driver/Src/stm32h7xx_hal_mdma.o
LOAD ./Drivers/STM32H7xx_HAL_Driver/Src/stm32h7xx_hal_pcd.o
LOAD ./Drivers/STM32H7xx_HAL_Driver/Src/stm32h7xx_hal_pcd_ex.o
LOAD ./Drivers/STM32H7xx_HAL_Driver/Src/stm32h7xx_hal_pwr.o
LOAD ./Drivers/STM32H7xx_HAL_Driver/Src/stm32h7xx_hal_pwr_ex.o
LOAD ./Drivers/STM32H7xx_HAL_Driver/Src/stm32h7xx_hal_qspi.o
LOAD ./Drivers/STM32H7xx_HAL_Driver/Src/stm32h7xx_hal_rcc.o
LOAD ./Drivers/STM32H7xx_HAL_Driver/Src/stm32h7xx_hal_rcc_ex.o
LOAD ./Drivers/STM32H7xx_HAL_Driver/Src/stm32h7xx_hal_tim.o
LOAD ./Drivers/STM32H7xx_HAL_Driver/Src/stm32h7xx_hal_tim_ex.o
LOAD ./Drivers/STM32H7xx_HAL_Driver/Src/stm32h7xx_ll_delayblock.o
LOAD ./Drivers/STM32H7xx_HAL_Driver/Src/stm32h7xx_ll_usb.o
LOAD ./Middlewares/ST/STM32_USB_Device_Library/Class/CDC/Src/usbd_cdc.o
LOAD ./Middlewares/ST/STM32_USB_Device_Library/Core/Src/usbd_core.o
LOAD ./Middlewares/ST/STM32_USB_Device_Library/Core/Src/usbd_ctlreq.o
LOAD ./Middlewares/ST/STM32_USB_Device_Library/Core/Src/usbd_ioreq.o
LOAD ./USB_DEVICE/App/usb_device.o
LOAD ./USB_DEVICE/App/usbd_cdc_if.o
LOAD ./USB_DEVICE/App/usbd_desc.o
LOAD ./USB_DEVICE/Target/usbd_conf.o
LOAD ./debug_console/debug_console.o
START GROUP
LOAD C:/ST/STM32CubeIDE_1.17.0/STM32CubeIDE/plugins/com.st.stm32cube.ide.mcu.externaltools.gnu-tools-for-stm32.12.3.rel1.win32_1.1.0.202410251130/tools/bin/../lib/gcc/arm-none-eabi/12.3.1/../../../../arm-none-eabi/lib/thumb/v7e-m+dp/hard\libstdc++_nano.a
LOAD C:/ST/STM32CubeIDE_1.17.0/STM32CubeIDE/plugins/com.st.stm32cube.ide.mcu.externaltools.gnu-tools-for-stm32.12.3.rel1.win32_1.1.0.202410251130/tools/bin/../lib/gcc/arm-none-eabi/12.3.1/../../../../arm-none-eabi/lib/thumb/v7e-m+dp/hard\libsupc++_nano.a
END GROUP
LOAD C:/ST/STM32CubeIDE_1.17.0/STM32CubeIDE/plugins/com.st.stm32cube.ide.mcu.externaltools.gnu-tools-for-stm32.12.3.rel1.win32_1.1.0.202410251130/tools/bin/../lib/gcc/arm-none-eabi/12.3.1/../../../../arm-none-eabi/lib/thumb/v7e-m+dp/hard\libstdc++_nano.a
LOAD C:/ST/STM32CubeIDE_1.17.0/STM32CubeIDE/plugins/com.st.stm32cube.ide.mcu.externaltools.gnu-tools-for-stm32.12.3.rel1.win32_1.1.0.202410251130/tools/bin/../lib/gcc/arm-none-eabi/12.3.1/../../../../arm-none-eabi/lib/thumb/v7e-m+dp/hard\libm.a
LOAD C:/ST/STM32CubeIDE_1.17.0/STM32CubeIDE/plugins/com.st.stm32cube.ide.mcu.externaltools.gnu-tools-for-stm32.12.3.rel1.win32_1.1.0.202410251130/tools/bin/../lib/gcc/arm-none-eabi/12.3.1/../../../../arm-none-eabi/lib/thumb/v7e-m+dp/hard\libc_nano.a
START GROUP
LOAD C:/ST/STM32CubeIDE_1.17.0/STM32CubeIDE/plugins/com.st.stm32cube.ide.mcu.externaltools.gnu-tools-for-stm32.12.3.rel1.win32_1.1.0.202410251130/tools/bin/../lib/gcc/arm-none-eabi/12.3.1/thumb/v7e-m+dp/hard\libgcc.a
LOAD C:/ST/STM32CubeIDE_1.17.0/STM32CubeIDE/plugins/com.st.stm32cube.ide.mcu.externaltools.gnu-tools-for-stm32.12.3.rel1.win32_1.1.0.202410251130/tools/bin/../lib/gcc/arm-none-eabi/12.3.1/../../../../arm-none-eabi/lib/thumb/v7e-m+dp/hard\libc_nano.a
END GROUP
START GROUP
LOAD C:/ST/STM32CubeIDE_1.17.0/STM32CubeIDE/plugins/com.st.stm32cube.ide.mcu.externaltools.gnu-tools-for-stm32.12.3.rel1.win32_1.1.0.202410251130/tools/bin/../lib/gcc/arm-none-eabi/12.3.1/thumb/v7e-m+dp/hard\libgcc.a
LOAD C:/ST/STM32CubeIDE_1.17.0/STM32CubeIDE/plugins/com.st.stm32cube.ide.mcu.externaltools.gnu-tools-for-stm32.12.3.rel1.win32_1.1.0.202410251130/tools/bin/../lib/gcc/arm-none-eabi/12.3.1/../../../../arm-none-eabi/lib/thumb/v7e-m+dp/hard\libc_nano.a
LOAD C:/ST/STM32CubeIDE_1.17.0/STM32CubeIDE/plugins/com.st.stm32cube.ide.mcu.externaltools.gnu-tools-for-stm32.12.3.rel1.win32_1.1.0.202410251130/tools/bin/../lib/gcc/arm-none-eabi/12.3.1/../../../../arm-none-eabi/lib/thumb/v7e-m+dp/hard\libnosys.a
END GROUP
START GROUP
LOAD C:/ST/STM32CubeIDE_1.17.0/STM32CubeIDE/plugins/com.st.stm32cube.ide.mcu.externaltools.gnu-tools-for-stm32.12.3.rel1.win32_1.1.0.202410251130/tools/bin/../lib/gcc/arm-none-eabi/12.3.1/thumb/v7e-m+dp/hard\libgcc.a
LOAD C:/ST/STM32CubeIDE_1.17.0/STM32CubeIDE/plugins/com.st.stm32cube.ide.mcu.externaltools.gnu-tools-for-stm32.12.3.rel1.win32_1.1.0.202410251130/tools/bin/../lib/gcc/arm-none-eabi/12.3.1/../../../../arm-none-eabi/lib/thumb/v7e-m+dp/hard\libc_nano.a
LOAD C:/ST/STM32CubeIDE_1.17.0/STM32CubeIDE/plugins/com.st.stm32cube.ide.mcu.externaltools.gnu-tools-for-stm32.12.3.rel1.win32_1.1.0.202410251130/tools/bin/../lib/gcc/arm-none-eabi/12.3.1/../../../../arm-none-eabi/lib/thumb/v7e-m+dp/hard\libnosys.a
END GROUP
LOAD C:/ST/STM32CubeIDE_1.17.0/STM32CubeIDE/plugins/com.st.stm32cube.ide.mcu.externaltools.gnu-tools-for-stm32.12.3.rel1.win32_1.1.0.202410251130/tools/bin/../lib/gcc/arm-none-eabi/12.3.1/thumb/v7e-m+dp/hard/crtend.o
LOAD C:/ST/STM32CubeIDE_1.17.0/STM32CubeIDE/plugins/com.st.stm32cube.ide.mcu.externaltools.gnu-tools-for-stm32.12.3.rel1.win32_1.1.0.202410251130/tools/bin/../lib/gcc/arm-none-eabi/12.3.1/thumb/v7e-m+dp/hard/crtn.o
                0x24080000                        _estack = (ORIGIN (RAM_D1) + LENGTH (RAM_D1))
                0x00000200                        _Min_Heap_Size = 0x200
                0x00000400                        _Min_Stack_Size = 0x400

.isr_vector     0x08000000      0x298
                0x08000000                        . = ALIGN (0x4)
 *(.isr_vector)
 .isr_vector    0x08000000      0x298 ./Core/Startup/startup_stm32h743vitx.o
                0x08000000                g_pfnVectors
                0x08000298                        . = ALIGN (0x4)

.text           0x080002a0    0x1089c
                0x080002a0                        . = ALIGN (0x4)
 *(.text)
 .text          0x080002a0       0x40 C:/ST/STM32CubeIDE_1.17.0/STM32CubeIDE/plugins/com.st.stm32cube.ide.mcu.externaltools.gnu-tools-for-stm32.12.3.rel1.win32_1.1.0.202410251130/tools/bin/../lib/gcc/arm-none-eabi/12.3.1/thumb/v7e-m+dp/hard/crtbegin.o
 .text          0x080002e0       0x10 C:/ST/STM32CubeIDE_1.17.0/STM32CubeIDE/plugins/com.st.stm32cube.ide.mcu.externaltools.gnu-tools-for-stm32.12.3.rel1.win32_1.1.0.202410251130/tools/bin/../lib/gcc/arm-none-eabi/12.3.1/../../../../arm-none-eabi/lib/thumb/v7e-m+dp/hard\libc_nano.a(libc_a-strlen.o)
                0x080002e0                strlen
 .text          0x080002f0       0xa0 C:/ST/STM32CubeIDE_1.17.0/STM32CubeIDE/plugins/com.st.stm32cube.ide.mcu.externaltools.gnu-tools-for-stm32.12.3.rel1.win32_1.1.0.202410251130/tools/bin/../lib/gcc/arm-none-eabi/12.3.1/../../../../arm-none-eabi/lib/thumb/v7e-m+dp/hard\libc_nano.a(libc_a-memchr.o)
                0x080002f0                memchr
 *(.text*)
 .text.MX_ADC3_Init
                0x08000390       0xe4 ./Core/Src/adc.o
                0x08000390                MX_ADC3_Init
 .text.HAL_ADC_MspInit
                0x08000474       0xf8 ./Core/Src/adc.o
                0x08000474                HAL_ADC_MspInit
 .text.HAL_ADC_ConvCpltCallback
                0x0800056c       0x40 ./Core/Src/adc.o
                0x0800056c                HAL_ADC_ConvCpltCallback
 .text.HAL_ADC_ErrorCallback
                0x080005ac       0x44 ./Core/Src/adc.o
                0x080005ac                HAL_ADC_ErrorCallback
 .text.CalcTemperature
                0x080005f0       0xf4 ./Core/Src/adc.o
                0x080005f0                CalcTemperature
 .text.MX_BDMA_Init
                0x080006e4       0x40 ./Core/Src/bdma.o
                0x080006e4                MX_BDMA_Init
 .text.MX_GPIO_Init
                0x08000724       0xe4 ./Core/Src/gpio.o
                0x08000724                MX_GPIO_Init
 .text.main     0x08000808       0x50 ./Core/Src/main.o
                0x08000808                main
 .text.SystemClock_Config
                0x08000858       0xf4 ./Core/Src/main.o
                0x08000858                SystemClock_Config
 .text.HAL_TIM_PeriodElapsedCallback
                0x0800094c       0x24 ./Core/Src/main.o
                0x0800094c                HAL_TIM_PeriodElapsedCallback
 .text.Error_Handler
                0x08000970        0xc ./Core/Src/main.o
                0x08000970                Error_Handler
 .text.MX_QUADSPI_Init
                0x0800097c       0x58 ./Core/Src/quadspi.o
                0x0800097c                MX_QUADSPI_Init
 .text.HAL_QSPI_MspInit
                0x080009d4      0x194 ./Core/Src/quadspi.o
                0x080009d4                HAL_QSPI_MspInit
 .text.HAL_MspInit
                0x08000b68       0x34 ./Core/Src/stm32h7xx_hal_msp.o
                0x08000b68                HAL_MspInit
 .text.HAL_InitTick
                0x08000b9c       0xc4 ./Core/Src/stm32h7xx_hal_timebase_tim.o
                0x08000b9c                HAL_InitTick
 .text.NMI_Handler
                0x08000c60        0x8 ./Core/Src/stm32h7xx_it.o
                0x08000c60                NMI_Handler
 .text.HardFault_Handler
                0x08000c68        0x8 ./Core/Src/stm32h7xx_it.o
                0x08000c68                HardFault_Handler
 .text.MemManage_Handler
                0x08000c70        0x8 ./Core/Src/stm32h7xx_it.o
                0x08000c70                MemManage_Handler
 .text.BusFault_Handler
                0x08000c78        0x8 ./Core/Src/stm32h7xx_it.o
                0x08000c78                BusFault_Handler
 .text.UsageFault_Handler
                0x08000c80        0x8 ./Core/Src/stm32h7xx_it.o
                0x08000c80                UsageFault_Handler
 .text.SVC_Handler
                0x08000c88        0xe ./Core/Src/stm32h7xx_it.o
                0x08000c88                SVC_Handler
 .text.DebugMon_Handler
                0x08000c96        0xe ./Core/Src/stm32h7xx_it.o
                0x08000c96                DebugMon_Handler
 .text.PendSV_Handler
                0x08000ca4        0xe ./Core/Src/stm32h7xx_it.o
                0x08000ca4                PendSV_Handler
 .text.SysTick_Handler
                0x08000cb2        0xe ./Core/Src/stm32h7xx_it.o
                0x08000cb2                SysTick_Handler
 .text.TIM1_UP_IRQHandler
                0x08000cc0       0x14 ./Core/Src/stm32h7xx_it.o
                0x08000cc0                TIM1_UP_IRQHandler
 .text.OTG_FS_IRQHandler
                0x08000cd4       0x14 ./Core/Src/stm32h7xx_it.o
                0x08000cd4                OTG_FS_IRQHandler
 .text.BDMA_Channel0_IRQHandler
                0x08000ce8       0x14 ./Core/Src/stm32h7xx_it.o
                0x08000ce8                BDMA_Channel0_IRQHandler
 .text._sbrk    0x08000cfc       0x6c ./Core/Src/sysmem.o
                0x08000cfc                _sbrk
 .text.SystemInit
                0x08000d68      0x140 ./Core/Src/system_stm32h7xx.o
                0x08000d68                SystemInit
 .text.ExitRun0Mode
                0x08000ea8       0x30 ./Core/Src/system_stm32h7xx.o
                0x08000ea8                ExitRun0Mode
 .text.Reset_Handler
                0x08000ed8       0x54 ./Core/Startup/startup_stm32h743vitx.o
                0x08000ed8                Reset_Handler
 .text.Default_Handler
                0x08000f2c        0x2 ./Core/Startup/startup_stm32h743vitx.o
                0x08000f2c                RTC_Alarm_IRQHandler
                0x08000f2c                EXTI2_IRQHandler
                0x08000f2c                TIM8_CC_IRQHandler
                0x08000f2c                HRTIM1_Master_IRQHandler
                0x08000f2c                UART8_IRQHandler
                0x08000f2c                SPI4_IRQHandler
                0x08000f2c                TIM1_CC_IRQHandler
                0x08000f2c                BDMA_Channel6_IRQHandler
                0x08000f2c                DMA2_Stream5_IRQHandler
                0x08000f2c                HRTIM1_FLT_IRQHandler
                0x08000f2c                JPEG_IRQHandler
                0x08000f2c                DMA1_Stream5_IRQHandler
                0x08000f2c                BDMA_Channel1_IRQHandler
                0x08000f2c                HRTIM1_TIMD_IRQHandler
                0x08000f2c                TAMP_STAMP_IRQHandler
                0x08000f2c                EXTI3_IRQHandler
                0x08000f2c                LPTIM4_IRQHandler
                0x08000f2c                TIM8_TRG_COM_TIM14_IRQHandler
                0x08000f2c                LPTIM2_IRQHandler
                0x08000f2c                DFSDM1_FLT1_IRQHandler
                0x08000f2c                DMAMUX2_OVR_IRQHandler
                0x08000f2c                TIM8_UP_TIM13_IRQHandler
                0x08000f2c                I2C3_ER_IRQHandler
                0x08000f2c                DFSDM1_FLT2_IRQHandler
                0x08000f2c                MDMA_IRQHandler
                0x08000f2c                LPTIM3_IRQHandler
                0x08000f2c                HSEM1_IRQHandler
                0x08000f2c                EXTI0_IRQHandler
                0x08000f2c                I2C2_EV_IRQHandler
                0x08000f2c                DMA1_Stream2_IRQHandler
                0x08000f2c                FPU_IRQHandler
                0x08000f2c                OTG_HS_WKUP_IRQHandler
                0x08000f2c                FDCAN1_IT1_IRQHandler
                0x08000f2c                LTDC_ER_IRQHandler
                0x08000f2c                DMA2_Stream2_IRQHandler
                0x08000f2c                HRTIM1_TIME_IRQHandler
                0x08000f2c                SPI1_IRQHandler
                0x08000f2c                TIM6_DAC_IRQHandler
                0x08000f2c                DCMI_IRQHandler
                0x08000f2c                HRTIM1_TIMC_IRQHandler
                0x08000f2c                DMA2_Stream3_IRQHandler
                0x08000f2c                SAI2_IRQHandler
                0x08000f2c                DFSDM1_FLT3_IRQHandler
                0x08000f2c                USART6_IRQHandler
                0x08000f2c                TIM17_IRQHandler
                0x08000f2c                USART3_IRQHandler
                0x08000f2c                BDMA_Channel7_IRQHandler
                0x08000f2c                LPTIM5_IRQHandler
                0x08000f2c                UART5_IRQHandler
                0x08000f2c                ADC3_IRQHandler
                0x08000f2c                DMA2_Stream0_IRQHandler
                0x08000f2c                TIM4_IRQHandler
                0x08000f2c                BDMA_Channel2_IRQHandler
                0x08000f2c                QUADSPI_IRQHandler
                0x08000f2c                I2C1_EV_IRQHandler
                0x08000f2c                DMA1_Stream6_IRQHandler
                0x08000f2c                DMAMUX1_OVR_IRQHandler
                0x08000f2c                DMA1_Stream1_IRQHandler
                0x08000f2c                TIM16_IRQHandler
                0x08000f2c                UART4_IRQHandler
                0x08000f2c                BDMA_Channel5_IRQHandler
                0x08000f2c                TIM3_IRQHandler
                0x08000f2c                RCC_IRQHandler
                0x08000f2c                TIM8_BRK_TIM12_IRQHandler
                0x08000f2c                TIM1_TRG_COM_IRQHandler
                0x08000f2c                Default_Handler
                0x08000f2c                ECC_IRQHandler
                0x08000f2c                CEC_IRQHandler
                0x08000f2c                EXTI15_10_IRQHandler
                0x08000f2c                ADC_IRQHandler
                0x08000f2c                DMA1_Stream7_IRQHandler
                0x08000f2c                HRTIM1_TIMA_IRQHandler
                0x08000f2c                SPI5_IRQHandler
                0x08000f2c                TIM7_IRQHandler
                0x08000f2c                SDMMC1_IRQHandler
                0x08000f2c                TIM5_IRQHandler
                0x08000f2c                DMA2_Stream7_IRQHandler
                0x08000f2c                TIM15_IRQHandler
                0x08000f2c                PVD_AVD_IRQHandler
                0x08000f2c                I2C3_EV_IRQHandler
                0x08000f2c                EXTI9_5_IRQHandler
                0x08000f2c                RTC_WKUP_IRQHandler
                0x08000f2c                LTDC_IRQHandler
                0x08000f2c                SAI3_IRQHandler
                0x08000f2c                ETH_WKUP_IRQHandler
                0x08000f2c                SPDIF_RX_IRQHandler
                0x08000f2c                SPI2_IRQHandler
                0x08000f2c                OTG_HS_EP1_IN_IRQHandler
                0x08000f2c                DMA1_Stream0_IRQHandler
                0x08000f2c                CRS_IRQHandler
                0x08000f2c                EXTI4_IRQHandler
                0x08000f2c                RNG_IRQHandler
                0x08000f2c                HRTIM1_TIMB_IRQHandler
                0x08000f2c                FDCAN2_IT1_IRQHandler
                0x08000f2c                ETH_IRQHandler
                0x08000f2c                BDMA_Channel4_IRQHandler
                0x08000f2c                OTG_HS_EP1_OUT_IRQHandler
                0x08000f2c                WWDG_IRQHandler
                0x08000f2c                SPI6_IRQHandler
                0x08000f2c                MDIOS_IRQHandler
                0x08000f2c                I2C4_EV_IRQHandler
                0x08000f2c                FDCAN2_IT0_IRQHandler
                0x08000f2c                LPUART1_IRQHandler
                0x08000f2c                FDCAN1_IT0_IRQHandler
                0x08000f2c                TIM2_IRQHandler
                0x08000f2c                OTG_FS_WKUP_IRQHandler
                0x08000f2c                OTG_HS_IRQHandler
                0x08000f2c                DMA2D_IRQHandler
                0x08000f2c                TIM1_BRK_IRQHandler
                0x08000f2c                EXTI1_IRQHandler
                0x08000f2c                SDMMC2_IRQHandler
                0x08000f2c                OTG_FS_EP1_OUT_IRQHandler
                0x08000f2c                BDMA_Channel3_IRQHandler
                0x08000f2c                UART7_IRQHandler
                0x08000f2c                MDIOS_WKUP_IRQHandler
                0x08000f2c                USART2_IRQHandler
                0x08000f2c                DFSDM1_FLT0_IRQHandler
                0x08000f2c                SAI4_IRQHandler
                0x08000f2c                I2C2_ER_IRQHandler
                0x08000f2c                DMA2_Stream1_IRQHandler
                0x08000f2c                FLASH_IRQHandler
                0x08000f2c                DMA2_Stream4_IRQHandler
                0x08000f2c                USART1_IRQHandler
                0x08000f2c                SPI3_IRQHandler
                0x08000f2c                WAKEUP_PIN_IRQHandler
                0x08000f2c                DMA1_Stream4_IRQHandler
                0x08000f2c                OTG_FS_EP1_IN_IRQHandler
                0x08000f2c                I2C1_ER_IRQHandler
                0x08000f2c                FMC_IRQHandler
                0x08000f2c                FDCAN_CAL_IRQHandler
                0x08000f2c                SWPMI1_IRQHandler
                0x08000f2c                COMP1_IRQHandler
                0x08000f2c                LPTIM1_IRQHandler
                0x08000f2c                I2C4_ER_IRQHandler
                0x08000f2c                DMA2_Stream6_IRQHandler
                0x08000f2c                SAI1_IRQHandler
                0x08000f2c                DMA1_Stream3_IRQHandler
 *fill*         0x08000f2e        0x2 
 .text.HAL_Init
                0x08000f30       0x78 ./Drivers/STM32H7xx_HAL_Driver/Src/stm32h7xx_hal.o
                0x08000f30                HAL_Init
 .text.HAL_IncTick
                0x08000fa8       0x28 ./Drivers/STM32H7xx_HAL_Driver/Src/stm32h7xx_hal.o
                0x08000fa8                HAL_IncTick
 .text.HAL_GetTick
                0x08000fd0       0x18 ./Drivers/STM32H7xx_HAL_Driver/Src/stm32h7xx_hal.o
                0x08000fd0                HAL_GetTick
 .text.HAL_Delay
                0x08000fe8       0x48 ./Drivers/STM32H7xx_HAL_Driver/Src/stm32h7xx_hal.o
                0x08000fe8                HAL_Delay
 .text.HAL_GetREVID
                0x08001030       0x18 ./Drivers/STM32H7xx_HAL_Driver/Src/stm32h7xx_hal.o
                0x08001030                HAL_GetREVID
 .text.LL_ADC_SetCommonClock
                0x08001048       0x26 ./Drivers/STM32H7xx_HAL_Driver/Src/stm32h7xx_hal_adc.o
 .text.LL_ADC_SetCommonPathInternalCh
                0x0800106e       0x26 ./Drivers/STM32H7xx_HAL_Driver/Src/stm32h7xx_hal_adc.o
 .text.LL_ADC_GetCommonPathInternalCh
                0x08001094       0x1c ./Drivers/STM32H7xx_HAL_Driver/Src/stm32h7xx_hal_adc.o
 .text.LL_ADC_SetChannelPreselection
                0x080010b0       0x66 ./Drivers/STM32H7xx_HAL_Driver/Src/stm32h7xx_hal_adc.o
 .text.LL_ADC_SetOffset
                0x08001116       0x40 ./Drivers/STM32H7xx_HAL_Driver/Src/stm32h7xx_hal_adc.o
 .text.LL_ADC_SetDataRightShift
                0x08001156       0x32 ./Drivers/STM32H7xx_HAL_Driver/Src/stm32h7xx_hal_adc.o
 .text.LL_ADC_SetOffsetSignedSaturation
                0x08001188       0x36 ./Drivers/STM32H7xx_HAL_Driver/Src/stm32h7xx_hal_adc.o
 .text.LL_ADC_REG_IsTriggerSourceSWStart
                0x080011be       0x26 ./Drivers/STM32H7xx_HAL_Driver/Src/stm32h7xx_hal_adc.o
 .text.LL_ADC_REG_SetSequencerRanks
                0x080011e4       0x58 ./Drivers/STM32H7xx_HAL_Driver/Src/stm32h7xx_hal_adc.o
 .text.LL_ADC_REG_SetDataTransferMode
                0x0800123c       0x26 ./Drivers/STM32H7xx_HAL_Driver/Src/stm32h7xx_hal_adc.o
 .text.LL_ADC_SetChannelSamplingTime
                0x08001262       0x56 ./Drivers/STM32H7xx_HAL_Driver/Src/stm32h7xx_hal_adc.o
 .text.LL_ADC_SetChannelSingleDiff
                0x080012b8       0x48 ./Drivers/STM32H7xx_HAL_Driver/Src/stm32h7xx_hal_adc.o
 .text.LL_ADC_GetMultimode
                0x08001300       0x1c ./Drivers/STM32H7xx_HAL_Driver/Src/stm32h7xx_hal_adc.o
 .text.LL_ADC_DisableDeepPowerDown
                0x0800131c       0x24 ./Drivers/STM32H7xx_HAL_Driver/Src/stm32h7xx_hal_adc.o
 .text.LL_ADC_IsDeepPowerDownEnabled
                0x08001340       0x28 ./Drivers/STM32H7xx_HAL_Driver/Src/stm32h7xx_hal_adc.o
 .text.LL_ADC_EnableInternalRegulator
                0x08001368       0x28 ./Drivers/STM32H7xx_HAL_Driver/Src/stm32h7xx_hal_adc.o
 .text.LL_ADC_IsInternalRegulatorEnabled
                0x08001390       0x28 ./Drivers/STM32H7xx_HAL_Driver/Src/stm32h7xx_hal_adc.o
 .text.LL_ADC_Enable
                0x080013b8       0x28 ./Drivers/STM32H7xx_HAL_Driver/Src/stm32h7xx_hal_adc.o
 .text.LL_ADC_Disable
                0x080013e0       0x28 ./Drivers/STM32H7xx_HAL_Driver/Src/stm32h7xx_hal_adc.o
 .text.LL_ADC_IsEnabled
                0x08001408       0x26 ./Drivers/STM32H7xx_HAL_Driver/Src/stm32h7xx_hal_adc.o
 .text.LL_ADC_IsDisableOngoing
                0x0800142e       0x26 ./Drivers/STM32H7xx_HAL_Driver/Src/stm32h7xx_hal_adc.o
 .text.LL_ADC_REG_StartConversion
                0x08001454       0x28 ./Drivers/STM32H7xx_HAL_Driver/Src/stm32h7xx_hal_adc.o
 .text.LL_ADC_REG_StopConversion
                0x0800147c       0x28 ./Drivers/STM32H7xx_HAL_Driver/Src/stm32h7xx_hal_adc.o
 .text.LL_ADC_REG_IsConversionOngoing
                0x080014a4       0x26 ./Drivers/STM32H7xx_HAL_Driver/Src/stm32h7xx_hal_adc.o
 *fill*         0x080014ca        0x2 
 .text.LL_ADC_INJ_StopConversion
                0x080014cc       0x28 ./Drivers/STM32H7xx_HAL_Driver/Src/stm32h7xx_hal_adc.o
 .text.LL_ADC_INJ_IsConversionOngoing
                0x080014f4       0x26 ./Drivers/STM32H7xx_HAL_Driver/Src/stm32h7xx_hal_adc.o
 *fill*         0x0800151a        0x2 
 .text.HAL_ADC_Init
                0x0800151c      0x344 ./Drivers/STM32H7xx_HAL_Driver/Src/stm32h7xx_hal_adc.o
                0x0800151c                HAL_ADC_Init
 .text.HAL_ADC_Start_DMA
                0x08001860      0x188 ./Drivers/STM32H7xx_HAL_Driver/Src/stm32h7xx_hal_adc.o
                0x08001860                HAL_ADC_Start_DMA
 .text.HAL_ADC_Stop_DMA
                0x080019e8       0xc4 ./Drivers/STM32H7xx_HAL_Driver/Src/stm32h7xx_hal_adc.o
                0x080019e8                HAL_ADC_Stop_DMA
 .text.HAL_ADC_ConvHalfCpltCallback
                0x08001aac       0x14 ./Drivers/STM32H7xx_HAL_Driver/Src/stm32h7xx_hal_adc.o
                0x08001aac                HAL_ADC_ConvHalfCpltCallback
 .text.HAL_ADC_ConfigChannel
                0x08001ac0      0x5e0 ./Drivers/STM32H7xx_HAL_Driver/Src/stm32h7xx_hal_adc.o
                0x08001ac0                HAL_ADC_ConfigChannel
 .text.ADC_ConversionStop
                0x080020a0      0x178 ./Drivers/STM32H7xx_HAL_Driver/Src/stm32h7xx_hal_adc.o
                0x080020a0                ADC_ConversionStop
 .text.ADC_Enable
                0x08002218      0x114 ./Drivers/STM32H7xx_HAL_Driver/Src/stm32h7xx_hal_adc.o
                0x08002218                ADC_Enable
 .text.ADC_Disable
                0x0800232c       0xbe ./Drivers/STM32H7xx_HAL_Driver/Src/stm32h7xx_hal_adc.o
                0x0800232c                ADC_Disable
 .text.ADC_DMAConvCplt
                0x080023ea       0xd8 ./Drivers/STM32H7xx_HAL_Driver/Src/stm32h7xx_hal_adc.o
                0x080023ea                ADC_DMAConvCplt
 .text.ADC_DMAHalfConvCplt
                0x080024c2       0x1c ./Drivers/STM32H7xx_HAL_Driver/Src/stm32h7xx_hal_adc.o
                0x080024c2                ADC_DMAHalfConvCplt
 .text.ADC_DMAError
                0x080024de       0x34 ./Drivers/STM32H7xx_HAL_Driver/Src/stm32h7xx_hal_adc.o
                0x080024de                ADC_DMAError
 *fill*         0x08002512        0x2 
 .text.ADC_ConfigureBoostMode
                0x08002514      0x218 ./Drivers/STM32H7xx_HAL_Driver/Src/stm32h7xx_hal_adc.o
                0x08002514                ADC_ConfigureBoostMode
 .text.__NVIC_SetPriorityGrouping
                0x0800272c       0x48 ./Drivers/STM32H7xx_HAL_Driver/Src/stm32h7xx_hal_cortex.o
 .text.__NVIC_GetPriorityGrouping
                0x08002774       0x1c ./Drivers/STM32H7xx_HAL_Driver/Src/stm32h7xx_hal_cortex.o
 .text.__NVIC_EnableIRQ
                0x08002790       0x3c ./Drivers/STM32H7xx_HAL_Driver/Src/stm32h7xx_hal_cortex.o
 .text.__NVIC_SetPriority
                0x080027cc       0x54 ./Drivers/STM32H7xx_HAL_Driver/Src/stm32h7xx_hal_cortex.o
 .text.NVIC_EncodePriority
                0x08002820       0x66 ./Drivers/STM32H7xx_HAL_Driver/Src/stm32h7xx_hal_cortex.o
 .text.HAL_NVIC_SetPriorityGrouping
                0x08002886       0x16 ./Drivers/STM32H7xx_HAL_Driver/Src/stm32h7xx_hal_cortex.o
                0x08002886                HAL_NVIC_SetPriorityGrouping
 .text.HAL_NVIC_SetPriority
                0x0800289c       0x34 ./Drivers/STM32H7xx_HAL_Driver/Src/stm32h7xx_hal_cortex.o
                0x0800289c                HAL_NVIC_SetPriority
 .text.HAL_NVIC_EnableIRQ
                0x080028d0       0x1c ./Drivers/STM32H7xx_HAL_Driver/Src/stm32h7xx_hal_cortex.o
                0x080028d0                HAL_NVIC_EnableIRQ
 .text.HAL_DMA_Init
                0x080028ec      0x6b8 ./Drivers/STM32H7xx_HAL_Driver/Src/stm32h7xx_hal_dma.o
                0x080028ec                HAL_DMA_Init
 .text.HAL_DMA_Start_IT
                0x08002fa4      0x4d4 ./Drivers/STM32H7xx_HAL_Driver/Src/stm32h7xx_hal_dma.o
                0x08002fa4                HAL_DMA_Start_IT
 .text.HAL_DMA_Abort
                0x08003478      0x63c ./Drivers/STM32H7xx_HAL_Driver/Src/stm32h7xx_hal_dma.o
                0x08003478                HAL_DMA_Abort
 .text.HAL_DMA_IRQHandler
                0x08003ab4      0xe54 ./Drivers/STM32H7xx_HAL_Driver/Src/stm32h7xx_hal_dma.o
                0x08003ab4                HAL_DMA_IRQHandler
 .text.DMA_SetConfig
                0x08004908      0x358 ./Drivers/STM32H7xx_HAL_Driver/Src/stm32h7xx_hal_dma.o
 .text.DMA_CalcBaseAndBitshift
                0x08004c60      0x164 ./Drivers/STM32H7xx_HAL_Driver/Src/stm32h7xx_hal_dma.o
 .text.DMA_CheckFifoParam
                0x08004dc4       0xf8 ./Drivers/STM32H7xx_HAL_Driver/Src/stm32h7xx_hal_dma.o
 .text.DMA_CalcDMAMUXChannelBaseAndMask
                0x08004ebc      0x134 ./Drivers/STM32H7xx_HAL_Driver/Src/stm32h7xx_hal_dma.o
 .text.DMA_CalcDMAMUXRequestGenBaseAndMask
                0x08004ff0       0xe8 ./Drivers/STM32H7xx_HAL_Driver/Src/stm32h7xx_hal_dma.o
 .text.HAL_GPIO_Init
                0x080050d8      0x360 ./Drivers/STM32H7xx_HAL_Driver/Src/stm32h7xx_hal_gpio.o
                0x080050d8                HAL_GPIO_Init
 .text.HAL_GPIO_WritePin
                0x08005438       0x32 ./Drivers/STM32H7xx_HAL_Driver/Src/stm32h7xx_hal_gpio.o
                0x08005438                HAL_GPIO_WritePin
 .text.HAL_PCD_Init
                0x0800546a      0x218 ./Drivers/STM32H7xx_HAL_Driver/Src/stm32h7xx_hal_pcd.o
                0x0800546a                HAL_PCD_Init
 .text.HAL_PCD_Start
                0x08005682       0x6a ./Drivers/STM32H7xx_HAL_Driver/Src/stm32h7xx_hal_pcd.o
                0x08005682                HAL_PCD_Start
 .text.HAL_PCD_IRQHandler
                0x080056ec      0x99c ./Drivers/STM32H7xx_HAL_Driver/Src/stm32h7xx_hal_pcd.o
                0x080056ec                HAL_PCD_IRQHandler
 .text.HAL_PCD_SetAddress
                0x08006088       0x48 ./Drivers/STM32H7xx_HAL_Driver/Src/stm32h7xx_hal_pcd.o
                0x08006088                HAL_PCD_SetAddress
 .text.HAL_PCD_EP_Open
                0x080060d0       0xd4 ./Drivers/STM32H7xx_HAL_Driver/Src/stm32h7xx_hal_pcd.o
                0x080060d0                HAL_PCD_EP_Open
 .text.HAL_PCD_EP_Close
                0x080061a4       0x94 ./Drivers/STM32H7xx_HAL_Driver/Src/stm32h7xx_hal_pcd.o
                0x080061a4                HAL_PCD_EP_Close
 .text.HAL_PCD_EP_Receive
                0x08006238       0x76 ./Drivers/STM32H7xx_HAL_Driver/Src/stm32h7xx_hal_pcd.o
                0x08006238                HAL_PCD_EP_Receive
 .text.HAL_PCD_EP_GetRxCount
                0x080062ae       0x30 ./Drivers/STM32H7xx_HAL_Driver/Src/stm32h7xx_hal_pcd.o
                0x080062ae                HAL_PCD_EP_GetRxCount
 .text.HAL_PCD_EP_Transmit
                0x080062de       0x74 ./Drivers/STM32H7xx_HAL_Driver/Src/stm32h7xx_hal_pcd.o
                0x080062de                HAL_PCD_EP_Transmit
 .text.HAL_PCD_EP_SetStall
                0x08006352       0xc6 ./Drivers/STM32H7xx_HAL_Driver/Src/stm32h7xx_hal_pcd.o
                0x08006352                HAL_PCD_EP_SetStall
 .text.HAL_PCD_EP_ClrStall
                0x08006418       0xac ./Drivers/STM32H7xx_HAL_Driver/Src/stm32h7xx_hal_pcd.o
                0x08006418                HAL_PCD_EP_ClrStall
 .text.HAL_PCD_EP_Abort
                0x080064c4       0x62 ./Drivers/STM32H7xx_HAL_Driver/Src/stm32h7xx_hal_pcd.o
                0x080064c4                HAL_PCD_EP_Abort
 .text.PCD_WriteEmptyTxFifo
                0x08006526      0x118 ./Drivers/STM32H7xx_HAL_Driver/Src/stm32h7xx_hal_pcd.o
 *fill*         0x0800663e        0x2 
 .text.PCD_EP_OutXfrComplete_int
                0x08006640      0x1d0 ./Drivers/STM32H7xx_HAL_Driver/Src/stm32h7xx_hal_pcd.o
 .text.PCD_EP_OutSetupPacket_int
                0x08006810       0x8c ./Drivers/STM32H7xx_HAL_Driver/Src/stm32h7xx_hal_pcd.o
 .text.HAL_PCDEx_SetTxFiFo
                0x0800689c       0x8e ./Drivers/STM32H7xx_HAL_Driver/Src/stm32h7xx_hal_pcd_ex.o
                0x0800689c                HAL_PCDEx_SetTxFiFo
 .text.HAL_PCDEx_SetRxFiFo
                0x0800692a       0x22 ./Drivers/STM32H7xx_HAL_Driver/Src/stm32h7xx_hal_pcd_ex.o
                0x0800692a                HAL_PCDEx_SetRxFiFo
 .text.HAL_PCDEx_ActivateLPM
                0x0800694c       0x48 ./Drivers/STM32H7xx_HAL_Driver/Src/stm32h7xx_hal_pcd_ex.o
                0x0800694c                HAL_PCDEx_ActivateLPM
 .text.HAL_PCDEx_LPM_Callback
                0x08006994       0x18 ./Drivers/STM32H7xx_HAL_Driver/Src/stm32h7xx_hal_pcd_ex.o
                0x08006994                HAL_PCDEx_LPM_Callback
 .text.HAL_PWREx_ConfigSupply
                0x080069ac       0x74 ./Drivers/STM32H7xx_HAL_Driver/Src/stm32h7xx_hal_pwr_ex.o
                0x080069ac                HAL_PWREx_ConfigSupply
 .text.HAL_PWREx_EnableUSBVoltageDetector
                0x08006a20       0x20 ./Drivers/STM32H7xx_HAL_Driver/Src/stm32h7xx_hal_pwr_ex.o
                0x08006a20                HAL_PWREx_EnableUSBVoltageDetector
 .text.HAL_QSPI_Init
                0x08006a40       0xe8 ./Drivers/STM32H7xx_HAL_Driver/Src/stm32h7xx_hal_qspi.o
                0x08006a40                HAL_QSPI_Init
 .text.HAL_QSPI_SetTimeout
                0x08006b28       0x1c ./Drivers/STM32H7xx_HAL_Driver/Src/stm32h7xx_hal_qspi.o
                0x08006b28                HAL_QSPI_SetTimeout
 .text.QSPI_WaitFlagStateUntilTimeout
                0x08006b44       0x6e ./Drivers/STM32H7xx_HAL_Driver/Src/stm32h7xx_hal_qspi.o
 *fill*         0x08006bb2        0x2 
 .text.HAL_RCC_OscConfig
                0x08006bb4      0x8b4 ./Drivers/STM32H7xx_HAL_Driver/Src/stm32h7xx_hal_rcc.o
                0x08006bb4                HAL_RCC_OscConfig
 .text.HAL_RCC_ClockConfig
                0x08007468      0x36c ./Drivers/STM32H7xx_HAL_Driver/Src/stm32h7xx_hal_rcc.o
                0x08007468                HAL_RCC_ClockConfig
 .text.HAL_RCC_GetSysClockFreq
                0x080077d4      0x2f4 ./Drivers/STM32H7xx_HAL_Driver/Src/stm32h7xx_hal_rcc.o
                0x080077d4                HAL_RCC_GetSysClockFreq
 .text.HAL_RCC_GetHCLKFreq
                0x08007ac8       0x60 ./Drivers/STM32H7xx_HAL_Driver/Src/stm32h7xx_hal_rcc.o
                0x08007ac8                HAL_RCC_GetHCLKFreq
 .text.HAL_RCC_GetPCLK1Freq
                0x08007b28       0x2c ./Drivers/STM32H7xx_HAL_Driver/Src/stm32h7xx_hal_rcc.o
                0x08007b28                HAL_RCC_GetPCLK1Freq
 .text.HAL_RCC_GetPCLK2Freq
                0x08007b54       0x2c ./Drivers/STM32H7xx_HAL_Driver/Src/stm32h7xx_hal_rcc.o
                0x08007b54                HAL_RCC_GetPCLK2Freq
 .text.HAL_RCC_GetClockConfig
                0x08007b80       0x84 ./Drivers/STM32H7xx_HAL_Driver/Src/stm32h7xx_hal_rcc.o
                0x08007b80                HAL_RCC_GetClockConfig
 .text.HAL_RCCEx_PeriphCLKConfig
                0x08007c04     0x1414 ./Drivers/STM32H7xx_HAL_Driver/Src/stm32h7xx_hal_rcc_ex.o
                0x08007c04                HAL_RCCEx_PeriphCLKConfig
 .text.HAL_RCCEx_GetPeriphCLKFreq
                0x08009018      0xb00 ./Drivers/STM32H7xx_HAL_Driver/Src/stm32h7xx_hal_rcc_ex.o
                0x08009018                HAL_RCCEx_GetPeriphCLKFreq
 .text.HAL_RCCEx_GetD3PCLK1Freq
                0x08009b18       0x2c ./Drivers/STM32H7xx_HAL_Driver/Src/stm32h7xx_hal_rcc_ex.o
                0x08009b18                HAL_RCCEx_GetD3PCLK1Freq
 .text.HAL_RCCEx_GetPLL2ClockFreq
                0x08009b44      0x2a8 ./Drivers/STM32H7xx_HAL_Driver/Src/stm32h7xx_hal_rcc_ex.o
                0x08009b44                HAL_RCCEx_GetPLL2ClockFreq
 .text.HAL_RCCEx_GetPLL3ClockFreq
                0x08009dec      0x2a8 ./Drivers/STM32H7xx_HAL_Driver/Src/stm32h7xx_hal_rcc_ex.o
                0x08009dec                HAL_RCCEx_GetPLL3ClockFreq
 .text.HAL_RCCEx_GetPLL1ClockFreq
                0x0800a094      0x2a4 ./Drivers/STM32H7xx_HAL_Driver/Src/stm32h7xx_hal_rcc_ex.o
                0x0800a094                HAL_RCCEx_GetPLL1ClockFreq
 .text.RCCEx_PLL2_Config
                0x0800a338      0x164 ./Drivers/STM32H7xx_HAL_Driver/Src/stm32h7xx_hal_rcc_ex.o
 .text.RCCEx_PLL3_Config
                0x0800a49c      0x164 ./Drivers/STM32H7xx_HAL_Driver/Src/stm32h7xx_hal_rcc_ex.o
 .text.HAL_TIM_Base_Init
                0x0800a600       0xae ./Drivers/STM32H7xx_HAL_Driver/Src/stm32h7xx_hal_tim.o
                0x0800a600                HAL_TIM_Base_Init
 .text.HAL_TIM_Base_MspInit
                0x0800a6ae       0x14 ./Drivers/STM32H7xx_HAL_Driver/Src/stm32h7xx_hal_tim.o
                0x0800a6ae                HAL_TIM_Base_MspInit
 *fill*         0x0800a6c2        0x2 
 .text.HAL_TIM_Base_Start_IT
                0x0800a6c4       0xf0 ./Drivers/STM32H7xx_HAL_Driver/Src/stm32h7xx_hal_tim.o
                0x0800a6c4                HAL_TIM_Base_Start_IT
 .text.HAL_TIM_IRQHandler
                0x0800a7b4      0x20e ./Drivers/STM32H7xx_HAL_Driver/Src/stm32h7xx_hal_tim.o
                0x0800a7b4                HAL_TIM_IRQHandler
 .text.HAL_TIM_OC_DelayElapsedCallback
                0x0800a9c2       0x14 ./Drivers/STM32H7xx_HAL_Driver/Src/stm32h7xx_hal_tim.o
                0x0800a9c2                HAL_TIM_OC_DelayElapsedCallback
 .text.HAL_TIM_IC_CaptureCallback
                0x0800a9d6       0x14 ./Drivers/STM32H7xx_HAL_Driver/Src/stm32h7xx_hal_tim.o
                0x0800a9d6                HAL_TIM_IC_CaptureCallback
 .text.HAL_TIM_PWM_PulseFinishedCallback
                0x0800a9ea       0x14 ./Drivers/STM32H7xx_HAL_Driver/Src/stm32h7xx_hal_tim.o
                0x0800a9ea                HAL_TIM_PWM_PulseFinishedCallback
 .text.HAL_TIM_TriggerCallback
                0x0800a9fe       0x14 ./Drivers/STM32H7xx_HAL_Driver/Src/stm32h7xx_hal_tim.o
                0x0800a9fe                HAL_TIM_TriggerCallback
 *fill*         0x0800aa12        0x2 
 .text.TIM_Base_SetConfig
                0x0800aa14      0x140 ./Drivers/STM32H7xx_HAL_Driver/Src/stm32h7xx_hal_tim.o
                0x0800aa14                TIM_Base_SetConfig
 .text.HAL_TIMEx_CommutCallback
                0x0800ab54       0x14 ./Drivers/STM32H7xx_HAL_Driver/Src/stm32h7xx_hal_tim_ex.o
                0x0800ab54                HAL_TIMEx_CommutCallback
 .text.HAL_TIMEx_BreakCallback
                0x0800ab68       0x14 ./Drivers/STM32H7xx_HAL_Driver/Src/stm32h7xx_hal_tim_ex.o
                0x0800ab68                HAL_TIMEx_BreakCallback
 .text.HAL_TIMEx_Break2Callback
                0x0800ab7c       0x14 ./Drivers/STM32H7xx_HAL_Driver/Src/stm32h7xx_hal_tim_ex.o
                0x0800ab7c                HAL_TIMEx_Break2Callback
 .text.USB_CoreInit
                0x0800ab90       0xe4 ./Drivers/STM32H7xx_HAL_Driver/Src/stm32h7xx_ll_usb.o
                0x0800ab90                USB_CoreInit
 .text.USB_SetTurnaroundTime
                0x0800ac74      0x144 ./Drivers/STM32H7xx_HAL_Driver/Src/stm32h7xx_ll_usb.o
                0x0800ac74                USB_SetTurnaroundTime
 .text.USB_EnableGlobalInt
                0x0800adb8       0x22 ./Drivers/STM32H7xx_HAL_Driver/Src/stm32h7xx_ll_usb.o
                0x0800adb8                USB_EnableGlobalInt
 .text.USB_DisableGlobalInt
                0x0800adda       0x22 ./Drivers/STM32H7xx_HAL_Driver/Src/stm32h7xx_ll_usb.o
                0x0800adda                USB_DisableGlobalInt
 .text.USB_SetCurrentMode
                0x0800adfc       0x98 ./Drivers/STM32H7xx_HAL_Driver/Src/stm32h7xx_ll_usb.o
                0x0800adfc                USB_SetCurrentMode
 .text.USB_DevInit
                0x0800ae94      0x2bc ./Drivers/STM32H7xx_HAL_Driver/Src/stm32h7xx_ll_usb.o
                0x0800ae94                USB_DevInit
 .text.USB_FlushTxFifo
                0x0800b150       0x64 ./Drivers/STM32H7xx_HAL_Driver/Src/stm32h7xx_ll_usb.o
                0x0800b150                USB_FlushTxFifo
 .text.USB_FlushRxFifo
                0x0800b1b4       0x5c ./Drivers/STM32H7xx_HAL_Driver/Src/stm32h7xx_ll_usb.o
                0x0800b1b4                USB_FlushRxFifo
 .text.USB_SetDevSpeed
                0x0800b210       0x32 ./Drivers/STM32H7xx_HAL_Driver/Src/stm32h7xx_ll_usb.o
                0x0800b210                USB_SetDevSpeed
 .text.USB_GetDevSpeed
                0x0800b242       0x4a ./Drivers/STM32H7xx_HAL_Driver/Src/stm32h7xx_ll_usb.o
                0x0800b242                USB_GetDevSpeed
 .text.USB_ActivateEndpoint
                0x0800b28c      0x110 ./Drivers/STM32H7xx_HAL_Driver/Src/stm32h7xx_ll_usb.o
                0x0800b28c                USB_ActivateEndpoint
 .text.USB_DeactivateEndpoint
                0x0800b39c      0x1b8 ./Drivers/STM32H7xx_HAL_Driver/Src/stm32h7xx_ll_usb.o
                0x0800b39c                USB_DeactivateEndpoint
 .text.USB_EPStartXfer
                0x0800b554      0x548 ./Drivers/STM32H7xx_HAL_Driver/Src/stm32h7xx_ll_usb.o
                0x0800b554                USB_EPStartXfer
 .text.USB_EPStopXfer
                0x0800ba9c      0x154 ./Drivers/STM32H7xx_HAL_Driver/Src/stm32h7xx_ll_usb.o
                0x0800ba9c                USB_EPStopXfer
 .text.USB_WritePacket
                0x0800bbf0       0x7c ./Drivers/STM32H7xx_HAL_Driver/Src/stm32h7xx_ll_usb.o
                0x0800bbf0                USB_WritePacket
 .text.USB_ReadPacket
                0x0800bc6c       0xb0 ./Drivers/STM32H7xx_HAL_Driver/Src/stm32h7xx_ll_usb.o
                0x0800bc6c                USB_ReadPacket
 .text.USB_EPSetStall
                0x0800bd1c       0xdc ./Drivers/STM32H7xx_HAL_Driver/Src/stm32h7xx_ll_usb.o
                0x0800bd1c                USB_EPSetStall
 .text.USB_EPClearStall
                0x0800bdf8       0xcc ./Drivers/STM32H7xx_HAL_Driver/Src/stm32h7xx_ll_usb.o
                0x0800bdf8                USB_EPClearStall
 .text.USB_SetDevAddress
                0x0800bec4       0x4c ./Drivers/STM32H7xx_HAL_Driver/Src/stm32h7xx_ll_usb.o
                0x0800bec4                USB_SetDevAddress
 .text.USB_DevConnect
                0x0800bf10       0x42 ./Drivers/STM32H7xx_HAL_Driver/Src/stm32h7xx_ll_usb.o
                0x0800bf10                USB_DevConnect
 .text.USB_DevDisconnect
                0x0800bf52       0x42 ./Drivers/STM32H7xx_HAL_Driver/Src/stm32h7xx_ll_usb.o
                0x0800bf52                USB_DevDisconnect
 .text.USB_ReadInterrupts
                0x0800bf94       0x26 ./Drivers/STM32H7xx_HAL_Driver/Src/stm32h7xx_ll_usb.o
                0x0800bf94                USB_ReadInterrupts
 .text.USB_ReadDevAllOutEpInterrupt
                0x0800bfba       0x34 ./Drivers/STM32H7xx_HAL_Driver/Src/stm32h7xx_ll_usb.o
                0x0800bfba                USB_ReadDevAllOutEpInterrupt
 .text.USB_ReadDevAllInEpInterrupt
                0x0800bfee       0x34 ./Drivers/STM32H7xx_HAL_Driver/Src/stm32h7xx_ll_usb.o
                0x0800bfee                USB_ReadDevAllInEpInterrupt
 .text.USB_ReadDevOutEPInterrupt
                0x0800c022       0x3c ./Drivers/STM32H7xx_HAL_Driver/Src/stm32h7xx_ll_usb.o
                0x0800c022                USB_ReadDevOutEPInterrupt
 .text.USB_ReadDevInEPInterrupt
                0x0800c05e       0x5c ./Drivers/STM32H7xx_HAL_Driver/Src/stm32h7xx_ll_usb.o
                0x0800c05e                USB_ReadDevInEPInterrupt
 .text.USB_GetMode
                0x0800c0ba       0x1c ./Drivers/STM32H7xx_HAL_Driver/Src/stm32h7xx_ll_usb.o
                0x0800c0ba                USB_GetMode
 *fill*         0x0800c0d6        0x2 
 .text.USB_ActivateSetup
                0x0800c0d8       0x48 ./Drivers/STM32H7xx_HAL_Driver/Src/stm32h7xx_ll_usb.o
                0x0800c0d8                USB_ActivateSetup
 .text.USB_EP0_OutStart
                0x0800c120       0xbc ./Drivers/STM32H7xx_HAL_Driver/Src/stm32h7xx_ll_usb.o
                0x0800c120                USB_EP0_OutStart
 .text.USB_CoreReset
                0x0800c1dc       0x62 ./Drivers/STM32H7xx_HAL_Driver/Src/stm32h7xx_ll_usb.o
 *fill*         0x0800c23e        0x2 
 .text.USBD_CDC_Init
                0x0800c240      0x1f0 ./Middlewares/ST/STM32_USB_Device_Library/Class/CDC/Src/usbd_cdc.o
 .text.USBD_CDC_DeInit
                0x0800c430      0x104 ./Middlewares/ST/STM32_USB_Device_Library/Class/CDC/Src/usbd_cdc.o
 .text.USBD_CDC_Setup
                0x0800c534      0x1b8 ./Middlewares/ST/STM32_USB_Device_Library/Class/CDC/Src/usbd_cdc.o
 .text.USBD_CDC_DataIn
                0x0800c6ec       0xfe ./Middlewares/ST/STM32_USB_Device_Library/Class/CDC/Src/usbd_cdc.o
 .text.USBD_CDC_DataOut
                0x0800c7ea       0x70 ./Middlewares/ST/STM32_USB_Device_Library/Class/CDC/Src/usbd_cdc.o
 .text.USBD_CDC_EP0_RxReady
                0x0800c85a       0x74 ./Middlewares/ST/STM32_USB_Device_Library/Class/CDC/Src/usbd_cdc.o
 *fill*         0x0800c8ce        0x2 
 .text.USBD_CDC_GetFSCfgDesc
                0x0800c8d0       0x70 ./Middlewares/ST/STM32_USB_Device_Library/Class/CDC/Src/usbd_cdc.o
 .text.USBD_CDC_GetHSCfgDesc
                0x0800c940       0x70 ./Middlewares/ST/STM32_USB_Device_Library/Class/CDC/Src/usbd_cdc.o
 .text.USBD_CDC_GetOtherSpeedCfgDesc
                0x0800c9b0       0x70 ./Middlewares/ST/STM32_USB_Device_Library/Class/CDC/Src/usbd_cdc.o
 .text.USBD_CDC_GetDeviceQualifierDescriptor
                0x0800ca20       0x20 ./Middlewares/ST/STM32_USB_Device_Library/Class/CDC/Src/usbd_cdc.o
                0x0800ca20                USBD_CDC_GetDeviceQualifierDescriptor
 .text.USBD_CDC_RegisterInterface
                0x0800ca40       0x34 ./Middlewares/ST/STM32_USB_Device_Library/Class/CDC/Src/usbd_cdc.o
                0x0800ca40                USBD_CDC_RegisterInterface
 .text.USBD_CDC_SetTxBuffer
                0x0800ca74       0x44 ./Middlewares/ST/STM32_USB_Device_Library/Class/CDC/Src/usbd_cdc.o
                0x0800ca74                USBD_CDC_SetTxBuffer
 .text.USBD_CDC_SetRxBuffer
                0x0800cab8       0x3a ./Middlewares/ST/STM32_USB_Device_Library/Class/CDC/Src/usbd_cdc.o
                0x0800cab8                USBD_CDC_SetRxBuffer
 *fill*         0x0800caf2        0x2 
 .text.USBD_CDC_TransmitPacket
                0x0800caf4       0x80 ./Middlewares/ST/STM32_USB_Device_Library/Class/CDC/Src/usbd_cdc.o
                0x0800caf4                USBD_CDC_TransmitPacket
 .text.USBD_CDC_ReceivePacket
                0x0800cb74       0x6c ./Middlewares/ST/STM32_USB_Device_Library/Class/CDC/Src/usbd_cdc.o
                0x0800cb74                USBD_CDC_ReceivePacket
 .text.USBD_Init
                0x0800cbe0       0x60 ./Middlewares/ST/STM32_USB_Device_Library/Core/Src/usbd_core.o
                0x0800cbe0                USBD_Init
 .text.USBD_RegisterClass
                0x0800cc40       0x6c ./Middlewares/ST/STM32_USB_Device_Library/Core/Src/usbd_core.o
                0x0800cc40                USBD_RegisterClass
 .text.USBD_Start
                0x0800ccac       0x18 ./Middlewares/ST/STM32_USB_Device_Library/Core/Src/usbd_core.o
                0x0800ccac                USBD_Start
 .text.USBD_RunTestMode
                0x0800ccc4       0x16 ./Middlewares/ST/STM32_USB_Device_Library/Core/Src/usbd_core.o
                0x0800ccc4                USBD_RunTestMode
 .text.USBD_SetClassConfig
                0x0800ccda       0x38 ./Middlewares/ST/STM32_USB_Device_Library/Core/Src/usbd_core.o
                0x0800ccda                USBD_SetClassConfig
 .text.USBD_ClrClassConfig
                0x0800cd12       0x34 ./Middlewares/ST/STM32_USB_Device_Library/Core/Src/usbd_core.o
                0x0800cd12                USBD_ClrClassConfig
 .text.USBD_LL_SetupStage
                0x0800cd46       0xaa ./Middlewares/ST/STM32_USB_Device_Library/Core/Src/usbd_core.o
                0x0800cd46                USBD_LL_SetupStage
 .text.USBD_LL_DataOutStage
                0x0800cdf0      0x166 ./Middlewares/ST/STM32_USB_Device_Library/Core/Src/usbd_core.o
                0x0800cdf0                USBD_LL_DataOutStage
 .text.USBD_LL_DataInStage
                0x0800cf56      0x164 ./Middlewares/ST/STM32_USB_Device_Library/Core/Src/usbd_core.o
                0x0800cf56                USBD_LL_DataInStage
 .text.USBD_LL_Reset
                0x0800d0ba       0xa4 ./Middlewares/ST/STM32_USB_Device_Library/Core/Src/usbd_core.o
                0x0800d0ba                USBD_LL_Reset
 .text.USBD_LL_SetSpeed
                0x0800d15e       0x20 ./Middlewares/ST/STM32_USB_Device_Library/Core/Src/usbd_core.o
                0x0800d15e                USBD_LL_SetSpeed
 .text.USBD_LL_Suspend
                0x0800d17e       0x38 ./Middlewares/ST/STM32_USB_Device_Library/Core/Src/usbd_core.o
                0x0800d17e                USBD_LL_Suspend
 .text.USBD_LL_Resume
                0x0800d1b6       0x30 ./Middlewares/ST/STM32_USB_Device_Library/Core/Src/usbd_core.o
                0x0800d1b6                USBD_LL_Resume
 .text.USBD_LL_SOF
                0x0800d1e6       0x40 ./Middlewares/ST/STM32_USB_Device_Library/Core/Src/usbd_core.o
                0x0800d1e6                USBD_LL_SOF
 .text.USBD_LL_IsoINIncomplete
                0x0800d226       0x64 ./Middlewares/ST/STM32_USB_Device_Library/Core/Src/usbd_core.o
                0x0800d226                USBD_LL_IsoINIncomplete
 .text.USBD_LL_IsoOUTIncomplete
                0x0800d28a       0x64 ./Middlewares/ST/STM32_USB_Device_Library/Core/Src/usbd_core.o
                0x0800d28a                USBD_LL_IsoOUTIncomplete
 .text.USBD_LL_DevConnected
                0x0800d2ee       0x16 ./Middlewares/ST/STM32_USB_Device_Library/Core/Src/usbd_core.o
                0x0800d2ee                USBD_LL_DevConnected
 .text.USBD_LL_DevDisconnected
                0x0800d304       0x46 ./Middlewares/ST/STM32_USB_Device_Library/Core/Src/usbd_core.o
                0x0800d304                USBD_LL_DevDisconnected
 .text.USBD_CoreFindIF
                0x0800d34a       0x1a ./Middlewares/ST/STM32_USB_Device_Library/Core/Src/usbd_core.o
                0x0800d34a                USBD_CoreFindIF
 .text.USBD_CoreFindEP
                0x0800d364       0x1a ./Middlewares/ST/STM32_USB_Device_Library/Core/Src/usbd_core.o
                0x0800d364                USBD_CoreFindEP
 .text.USBD_GetEpDesc
                0x0800d37e       0x70 ./Middlewares/ST/STM32_USB_Device_Library/Core/Src/usbd_core.o
                0x0800d37e                USBD_GetEpDesc
 .text.USBD_GetNextDesc
                0x0800d3ee       0x38 ./Middlewares/ST/STM32_USB_Device_Library/Core/Src/usbd_core.o
                0x0800d3ee                USBD_GetNextDesc
 .text.SWAPBYTE
                0x0800d426       0x3c ./Middlewares/ST/STM32_USB_Device_Library/Core/Src/usbd_ctlreq.o
 *fill*         0x0800d462        0x2 
 .text.USBD_StdDevReq
                0x0800d464       0xe4 ./Middlewares/ST/STM32_USB_Device_Library/Core/Src/usbd_ctlreq.o
                0x0800d464                USBD_StdDevReq
 .text.USBD_StdItfReq
                0x0800d548       0xd8 ./Middlewares/ST/STM32_USB_Device_Library/Core/Src/usbd_ctlreq.o
                0x0800d548                USBD_StdItfReq
 .text.USBD_StdEPReq
                0x0800d620      0x33a ./Middlewares/ST/STM32_USB_Device_Library/Core/Src/usbd_ctlreq.o
                0x0800d620                USBD_StdEPReq
 *fill*         0x0800d95a        0x2 
 .text.USBD_GetDescriptor
                0x0800d95c      0x328 ./Middlewares/ST/STM32_USB_Device_Library/Core/Src/usbd_ctlreq.o
 .text.USBD_SetAddress
                0x0800dc84       0x88 ./Middlewares/ST/STM32_USB_Device_Library/Core/Src/usbd_ctlreq.o
 .text.USBD_SetConfig
                0x0800dd0c      0x154 ./Middlewares/ST/STM32_USB_Device_Library/Core/Src/usbd_ctlreq.o
 .text.USBD_GetConfig
                0x0800de60       0x6c ./Middlewares/ST/STM32_USB_Device_Library/Core/Src/usbd_ctlreq.o
 .text.USBD_GetStatus
                0x0800decc       0x68 ./Middlewares/ST/STM32_USB_Device_Library/Core/Src/usbd_ctlreq.o
 .text.USBD_SetFeature
                0x0800df34       0x52 ./Middlewares/ST/STM32_USB_Device_Library/Core/Src/usbd_ctlreq.o
 .text.USBD_ClrFeature
                0x0800df86       0x44 ./Middlewares/ST/STM32_USB_Device_Library/Core/Src/usbd_ctlreq.o
 .text.USBD_ParseSetupRequest
                0x0800dfca       0x74 ./Middlewares/ST/STM32_USB_Device_Library/Core/Src/usbd_ctlreq.o
                0x0800dfca                USBD_ParseSetupRequest
 .text.USBD_CtlError
                0x0800e03e       0x22 ./Middlewares/ST/STM32_USB_Device_Library/Core/Src/usbd_ctlreq.o
                0x0800e03e                USBD_CtlError
 .text.USBD_GetString
                0x0800e060       0xa4 ./Middlewares/ST/STM32_USB_Device_Library/Core/Src/usbd_ctlreq.o
                0x0800e060                USBD_GetString
 .text.USBD_GetLen
                0x0800e104       0x34 ./Middlewares/ST/STM32_USB_Device_Library/Core/Src/usbd_ctlreq.o
 .text.USBD_CtlSendData
                0x0800e138       0x36 ./Middlewares/ST/STM32_USB_Device_Library/Core/Src/usbd_ioreq.o
                0x0800e138                USBD_CtlSendData
 .text.USBD_CtlContinueSendData
                0x0800e16e       0x22 ./Middlewares/ST/STM32_USB_Device_Library/Core/Src/usbd_ioreq.o
                0x0800e16e                USBD_CtlContinueSendData
 .text.USBD_CtlPrepareRx
                0x0800e190       0x3a ./Middlewares/ST/STM32_USB_Device_Library/Core/Src/usbd_ioreq.o
                0x0800e190                USBD_CtlPrepareRx
 .text.USBD_CtlContinueRx
                0x0800e1ca       0x22 ./Middlewares/ST/STM32_USB_Device_Library/Core/Src/usbd_ioreq.o
                0x0800e1ca                USBD_CtlContinueRx
 .text.USBD_CtlSendStatus
                0x0800e1ec       0x26 ./Middlewares/ST/STM32_USB_Device_Library/Core/Src/usbd_ioreq.o
                0x0800e1ec                USBD_CtlSendStatus
 .text.USBD_CtlReceiveStatus
                0x0800e212       0x26 ./Middlewares/ST/STM32_USB_Device_Library/Core/Src/usbd_ioreq.o
                0x0800e212                USBD_CtlReceiveStatus
 .text.MX_USB_DEVICE_Init
                0x0800e238       0x64 ./USB_DEVICE/App/usb_device.o
                0x0800e238                MX_USB_DEVICE_Init
 .text.CDC_Init_FS
                0x0800e29c       0x28 ./USB_DEVICE/App/usbd_cdc_if.o
 .text.CDC_DeInit_FS
                0x0800e2c4       0x10 ./USB_DEVICE/App/usbd_cdc_if.o
 .text.CDC_Control_FS
                0x0800e2d4      0x15c ./USB_DEVICE/App/usbd_cdc_if.o
 .text.CDC_Receive_FS
                0x0800e430       0x48 ./USB_DEVICE/App/usbd_cdc_if.o
 .text.CDC_Transmit_FS
                0x0800e478       0x4c ./USB_DEVICE/App/usbd_cdc_if.o
                0x0800e478                CDC_Transmit_FS
 .text.CDC_TransmitCplt_FS
                0x0800e4c4       0x22 ./USB_DEVICE/App/usbd_cdc_if.o
 .text.USB_Transmit
                0x0800e4e6       0x20 ./USB_DEVICE/App/usbd_cdc_if.o
                0x0800e4e6                USB_Transmit
 *fill*         0x0800e506        0x2 
 .text.USBD_FS_DeviceDescriptor
                0x0800e508       0x24 ./USB_DEVICE/App/usbd_desc.o
                0x0800e508                USBD_FS_DeviceDescriptor
 .text.USBD_FS_LangIDStrDescriptor
                0x0800e52c       0x24 ./USB_DEVICE/App/usbd_desc.o
                0x0800e52c                USBD_FS_LangIDStrDescriptor
 .text.USBD_FS_ProductStrDescriptor
                0x0800e550       0x3c ./USB_DEVICE/App/usbd_desc.o
                0x0800e550                USBD_FS_ProductStrDescriptor
 .text.USBD_FS_ManufacturerStrDescriptor
                0x0800e58c       0x28 ./USB_DEVICE/App/usbd_desc.o
                0x0800e58c                USBD_FS_ManufacturerStrDescriptor
 .text.USBD_FS_SerialStrDescriptor
                0x0800e5b4       0x24 ./USB_DEVICE/App/usbd_desc.o
                0x0800e5b4                USBD_FS_SerialStrDescriptor
 .text.USBD_FS_ConfigStrDescriptor
                0x0800e5d8       0x3c ./USB_DEVICE/App/usbd_desc.o
                0x0800e5d8                USBD_FS_ConfigStrDescriptor
 .text.USBD_FS_InterfaceStrDescriptor
                0x0800e614       0x3c ./USB_DEVICE/App/usbd_desc.o
                0x0800e614                USBD_FS_InterfaceStrDescriptor
 .text.Get_SerialNum
                0x0800e650       0x58 ./USB_DEVICE/App/usbd_desc.o
 .text.IntToUnicode
                0x0800e6a8       0x7e ./USB_DEVICE/App/usbd_desc.o
 *fill*         0x0800e726        0x2 
 .text.HAL_PCD_MspInit
                0x0800e728      0x104 ./USB_DEVICE/Target/usbd_conf.o
                0x0800e728                HAL_PCD_MspInit
 .text.HAL_PCD_SetupStageCallback
                0x0800e82c       0x24 ./USB_DEVICE/Target/usbd_conf.o
                0x0800e82c                HAL_PCD_SetupStageCallback
 .text.HAL_PCD_DataOutStageCallback
                0x0800e850       0x36 ./USB_DEVICE/Target/usbd_conf.o
                0x0800e850                HAL_PCD_DataOutStageCallback
 .text.HAL_PCD_DataInStageCallback
                0x0800e886       0x34 ./USB_DEVICE/Target/usbd_conf.o
                0x0800e886                HAL_PCD_DataInStageCallback
 .text.HAL_PCD_SOFCallback
                0x0800e8ba       0x1c ./USB_DEVICE/Target/usbd_conf.o
                0x0800e8ba                HAL_PCD_SOFCallback
 .text.HAL_PCD_ResetCallback
                0x0800e8d6       0x50 ./USB_DEVICE/Target/usbd_conf.o
                0x0800e8d6                HAL_PCD_ResetCallback
 *fill*         0x0800e926        0x2 
 .text.HAL_PCD_SuspendCallback
                0x0800e928       0x4c ./USB_DEVICE/Target/usbd_conf.o
                0x0800e928                HAL_PCD_SuspendCallback
 .text.HAL_PCD_ResumeCallback
                0x0800e974       0x1c ./USB_DEVICE/Target/usbd_conf.o
                0x0800e974                HAL_PCD_ResumeCallback
 .text.HAL_PCD_ISOOUTIncompleteCallback
                0x0800e990       0x24 ./USB_DEVICE/Target/usbd_conf.o
                0x0800e990                HAL_PCD_ISOOUTIncompleteCallback
 .text.HAL_PCD_ISOINIncompleteCallback
                0x0800e9b4       0x24 ./USB_DEVICE/Target/usbd_conf.o
                0x0800e9b4                HAL_PCD_ISOINIncompleteCallback
 .text.HAL_PCD_ConnectCallback
                0x0800e9d8       0x1c ./USB_DEVICE/Target/usbd_conf.o
                0x0800e9d8                HAL_PCD_ConnectCallback
 .text.HAL_PCD_DisconnectCallback
                0x0800e9f4       0x1c ./USB_DEVICE/Target/usbd_conf.o
                0x0800e9f4                HAL_PCD_DisconnectCallback
 .text.USBD_LL_Init
                0x0800ea10       0xa0 ./USB_DEVICE/Target/usbd_conf.o
                0x0800ea10                USBD_LL_Init
 .text.USBD_LL_Start
                0x0800eab0       0x36 ./USB_DEVICE/Target/usbd_conf.o
                0x0800eab0                USBD_LL_Start
 .text.USBD_LL_OpenEP
                0x0800eae6       0x4c ./USB_DEVICE/Target/usbd_conf.o
                0x0800eae6                USBD_LL_OpenEP
 .text.USBD_LL_CloseEP
                0x0800eb32       0x3e ./USB_DEVICE/Target/usbd_conf.o
                0x0800eb32                USBD_LL_CloseEP
 .text.USBD_LL_StallEP
                0x0800eb70       0x3e ./USB_DEVICE/Target/usbd_conf.o
                0x0800eb70                USBD_LL_StallEP
 .text.USBD_LL_ClearStallEP
                0x0800ebae       0x3e ./USB_DEVICE/Target/usbd_conf.o
                0x0800ebae                USBD_LL_ClearStallEP
 .text.USBD_LL_IsStallEP
                0x0800ebec       0x58 ./USB_DEVICE/Target/usbd_conf.o
                0x0800ebec                USBD_LL_IsStallEP
 .text.USBD_LL_SetUSBAddress
                0x0800ec44       0x3e ./USB_DEVICE/Target/usbd_conf.o
                0x0800ec44                USBD_LL_SetUSBAddress
 .text.USBD_LL_Transmit
                0x0800ec82       0x42 ./USB_DEVICE/Target/usbd_conf.o
                0x0800ec82                USBD_LL_Transmit
 .text.USBD_LL_PrepareReceive
                0x0800ecc4       0x42 ./USB_DEVICE/Target/usbd_conf.o
                0x0800ecc4                USBD_LL_PrepareReceive
 .text.USBD_LL_GetRxDataSize
                0x0800ed06       0x26 ./USB_DEVICE/Target/usbd_conf.o
                0x0800ed06                USBD_LL_GetRxDataSize
 .text.USBD_static_malloc
                0x0800ed2c       0x1c ./USB_DEVICE/Target/usbd_conf.o
                0x0800ed2c                USBD_static_malloc
 .text.USBD_static_free
                0x0800ed48       0x14 ./USB_DEVICE/Target/usbd_conf.o
                0x0800ed48                USBD_static_free
 .text.USBD_Get_USB_Status
                0x0800ed5c       0x58 ./USB_DEVICE/Target/usbd_conf.o
                0x0800ed5c                USBD_Get_USB_Status
 .text.do_dump  0x0800edb4      0x124 ./debug_console/debug_console.o
                0x0800edb4                do_dump
 .text.debug_parse
                0x0800eed8      0x640 ./debug_console/debug_console.o
                0x0800eed8                debug_parse
 .text.debug_rcv
                0x0800f518       0xa8 ./debug_console/debug_console.o
                0x0800f518                debug_rcv
 .text.DebugTask
                0x0800f5c0       0x88 ./debug_console/debug_console.o
                0x0800f5c0                DebugTask
 .text.DebugPutChar
                0x0800f648       0x84 ./debug_console/debug_console.o
                0x0800f648                DebugPutChar
 .text.DebugSend
                0x0800f6cc       0x34 ./debug_console/debug_console.o
                0x0800f6cc                DebugSend
 .text.DebugPrint
                0x0800f700       0x30 ./debug_console/debug_console.o
                0x0800f700                DebugPrint
 .text.DoDebugSerial
                0x0800f730       0xb8 ./debug_console/debug_console.o
                0x0800f730                DoDebugSerial
 .text.USB_Receive
                0x0800f7e8       0x9c ./debug_console/debug_console.o
                0x0800f7e8                USB_Receive
 .text._strtoul_l.constprop.0
                0x0800f884       0xdc C:/ST/STM32CubeIDE_1.17.0/STM32CubeIDE/plugins/com.st.stm32cube.ide.mcu.externaltools.gnu-tools-for-stm32.12.3.rel1.win32_1.1.0.202410251130/tools/bin/../lib/gcc/arm-none-eabi/12.3.1/../../../../arm-none-eabi/lib/thumb/v7e-m+dp/hard\libc_nano.a(libc_a-strtoul.o)
 .text._strtoul_r
                0x0800f960        0x4 C:/ST/STM32CubeIDE_1.17.0/STM32CubeIDE/plugins/com.st.stm32cube.ide.mcu.externaltools.gnu-tools-for-stm32.12.3.rel1.win32_1.1.0.202410251130/tools/bin/../lib/gcc/arm-none-eabi/12.3.1/../../../../arm-none-eabi/lib/thumb/v7e-m+dp/hard\libc_nano.a(libc_a-strtoul.o)
                0x0800f960                _strtoul_r
 .text.strtoul  0x0800f964       0x14 C:/ST/STM32CubeIDE_1.17.0/STM32CubeIDE/plugins/com.st.stm32cube.ide.mcu.externaltools.gnu-tools-for-stm32.12.3.rel1.win32_1.1.0.202410251130/tools/bin/../lib/gcc/arm-none-eabi/12.3.1/../../../../arm-none-eabi/lib/thumb/v7e-m+dp/hard\libc_nano.a(libc_a-strtoul.o)
                0x0800f964                strtoul
 .text.sscanf   0x0800f978       0x54 C:/ST/STM32CubeIDE_1.17.0/STM32CubeIDE/plugins/com.st.stm32cube.ide.mcu.externaltools.gnu-tools-for-stm32.12.3.rel1.win32_1.1.0.202410251130/tools/bin/../lib/gcc/arm-none-eabi/12.3.1/../../../../arm-none-eabi/lib/thumb/v7e-m+dp/hard\libc_nano.a(libc_a-sscanf.o)
                0x0800f978                siscanf
                0x0800f978                sscanf
 .text.__seofread
                0x0800f9cc        0x4 C:/ST/STM32CubeIDE_1.17.0/STM32CubeIDE/plugins/com.st.stm32cube.ide.mcu.externaltools.gnu-tools-for-stm32.12.3.rel1.win32_1.1.0.202410251130/tools/bin/../lib/gcc/arm-none-eabi/12.3.1/../../../../arm-none-eabi/lib/thumb/v7e-m+dp/hard\libc_nano.a(libc_a-stdio.o)
                0x0800f9cc                __seofread
 .text._vsprintf_r
                0x0800f9d0       0x2c C:/ST/STM32CubeIDE_1.17.0/STM32CubeIDE/plugins/com.st.stm32cube.ide.mcu.externaltools.gnu-tools-for-stm32.12.3.rel1.win32_1.1.0.202410251130/tools/bin/../lib/gcc/arm-none-eabi/12.3.1/../../../../arm-none-eabi/lib/thumb/v7e-m+dp/hard\libc_nano.a(libc_a-vsprintf.o)
                0x0800f9d0                _vsprintf_r
                0x0800f9d0                _vsiprintf_r
 .text.vsprintf
                0x0800f9fc       0x14 C:/ST/STM32CubeIDE_1.17.0/STM32CubeIDE/plugins/com.st.stm32cube.ide.mcu.externaltools.gnu-tools-for-stm32.12.3.rel1.win32_1.1.0.202410251130/tools/bin/../lib/gcc/arm-none-eabi/12.3.1/../../../../arm-none-eabi/lib/thumb/v7e-m+dp/hard\libc_nano.a(libc_a-vsprintf.o)
                0x0800f9fc                vsiprintf
                0x0800f9fc                vsprintf
 .text.memset   0x0800fa10       0x10 C:/ST/STM32CubeIDE_1.17.0/STM32CubeIDE/plugins/com.st.stm32cube.ide.mcu.externaltools.gnu-tools-for-stm32.12.3.rel1.win32_1.1.0.202410251130/tools/bin/../lib/gcc/arm-none-eabi/12.3.1/../../../../arm-none-eabi/lib/thumb/v7e-m+dp/hard\libc_nano.a(libc_a-memset.o)
                0x0800fa10                memset
 .text.__errno  0x0800fa20        0xc C:/ST/STM32CubeIDE_1.17.0/STM32CubeIDE/plugins/com.st.stm32cube.ide.mcu.externaltools.gnu-tools-for-stm32.12.3.rel1.win32_1.1.0.202410251130/tools/bin/../lib/gcc/arm-none-eabi/12.3.1/../../../../arm-none-eabi/lib/thumb/v7e-m+dp/hard\libc_nano.a(libc_a-errno.o)
                0x0800fa20                __errno
 .text.__libc_init_array
                0x0800fa2c       0x48 C:/ST/STM32CubeIDE_1.17.0/STM32CubeIDE/plugins/com.st.stm32cube.ide.mcu.externaltools.gnu-tools-for-stm32.12.3.rel1.win32_1.1.0.202410251130/tools/bin/../lib/gcc/arm-none-eabi/12.3.1/../../../../arm-none-eabi/lib/thumb/v7e-m+dp/hard\libc_nano.a(libc_a-init.o)
                0x0800fa2c                __libc_init_array
 .text.__retarget_lock_acquire_recursive
                0x0800fa74        0x2 C:/ST/STM32CubeIDE_1.17.0/STM32CubeIDE/plugins/com.st.stm32cube.ide.mcu.externaltools.gnu-tools-for-stm32.12.3.rel1.win32_1.1.0.202410251130/tools/bin/../lib/gcc/arm-none-eabi/12.3.1/../../../../arm-none-eabi/lib/thumb/v7e-m+dp/hard\libc_nano.a(libc_a-lock.o)
                0x0800fa74                __retarget_lock_acquire_recursive
 .text.__retarget_lock_release_recursive
                0x0800fa76        0x2 C:/ST/STM32CubeIDE_1.17.0/STM32CubeIDE/plugins/com.st.stm32cube.ide.mcu.externaltools.gnu-tools-for-stm32.12.3.rel1.win32_1.1.0.202410251130/tools/bin/../lib/gcc/arm-none-eabi/12.3.1/../../../../arm-none-eabi/lib/thumb/v7e-m+dp/hard\libc_nano.a(libc_a-lock.o)
                0x0800fa76                __retarget_lock_release_recursive
 .text._free_r  0x0800fa78       0x94 C:/ST/STM32CubeIDE_1.17.0/STM32CubeIDE/plugins/com.st.stm32cube.ide.mcu.externaltools.gnu-tools-for-stm32.12.3.rel1.win32_1.1.0.202410251130/tools/bin/../lib/gcc/arm-none-eabi/12.3.1/../../../../arm-none-eabi/lib/thumb/v7e-m+dp/hard\libc_nano.a(libc_a-freer.o)
                0x0800fa78                _free_r
 .text.sbrk_aligned
                0x0800fb0c       0x44 C:/ST/STM32CubeIDE_1.17.0/STM32CubeIDE/plugins/com.st.stm32cube.ide.mcu.externaltools.gnu-tools-for-stm32.12.3.rel1.win32_1.1.0.202410251130/tools/bin/../lib/gcc/arm-none-eabi/12.3.1/../../../../arm-none-eabi/lib/thumb/v7e-m+dp/hard\libc_nano.a(libc_a-mallocr.o)
 .text._malloc_r
                0x0800fb50      0x100 C:/ST/STM32CubeIDE_1.17.0/STM32CubeIDE/plugins/com.st.stm32cube.ide.mcu.externaltools.gnu-tools-for-stm32.12.3.rel1.win32_1.1.0.202410251130/tools/bin/../lib/gcc/arm-none-eabi/12.3.1/../../../../arm-none-eabi/lib/thumb/v7e-m+dp/hard\libc_nano.a(libc_a-mallocr.o)
                0x0800fb50                _malloc_r
 .text.__malloc_lock
                0x0800fc50        0xc C:/ST/STM32CubeIDE_1.17.0/STM32CubeIDE/plugins/com.st.stm32cube.ide.mcu.externaltools.gnu-tools-for-stm32.12.3.rel1.win32_1.1.0.202410251130/tools/bin/../lib/gcc/arm-none-eabi/12.3.1/../../../../arm-none-eabi/lib/thumb/v7e-m+dp/hard\libc_nano.a(libc_a-mlock.o)
                0x0800fc50                __malloc_lock
 .text.__malloc_unlock
                0x0800fc5c        0xc C:/ST/STM32CubeIDE_1.17.0/STM32CubeIDE/plugins/com.st.stm32cube.ide.mcu.externaltools.gnu-tools-for-stm32.12.3.rel1.win32_1.1.0.202410251130/tools/bin/../lib/gcc/arm-none-eabi/12.3.1/../../../../arm-none-eabi/lib/thumb/v7e-m+dp/hard\libc_nano.a(libc_a-mlock.o)
                0x0800fc5c                __malloc_unlock
 .text.__ssputs_r
                0x0800fc68       0xb6 C:/ST/STM32CubeIDE_1.17.0/STM32CubeIDE/plugins/com.st.stm32cube.ide.mcu.externaltools.gnu-tools-for-stm32.12.3.rel1.win32_1.1.0.202410251130/tools/bin/../lib/gcc/arm-none-eabi/12.3.1/../../../../arm-none-eabi/lib/thumb/v7e-m+dp/hard\libc_nano.a(libc_a-nano-svfprintf.o)
                0x0800fc68                __ssputs_r
 *fill*         0x0800fd1e        0x2 
 .text._svfprintf_r
                0x0800fd20      0x1f8 C:/ST/STM32CubeIDE_1.17.0/STM32CubeIDE/plugins/com.st.stm32cube.ide.mcu.externaltools.gnu-tools-for-stm32.12.3.rel1.win32_1.1.0.202410251130/tools/bin/../lib/gcc/arm-none-eabi/12.3.1/../../../../arm-none-eabi/lib/thumb/v7e-m+dp/hard\libc_nano.a(libc_a-nano-svfprintf.o)
                0x0800fd20                _svfiprintf_r
                0x0800fd20                _svfprintf_r
 .text._sungetc_r
                0x0800ff18       0x76 C:/ST/STM32CubeIDE_1.17.0/STM32CubeIDE/plugins/com.st.stm32cube.ide.mcu.externaltools.gnu-tools-for-stm32.12.3.rel1.win32_1.1.0.202410251130/tools/bin/../lib/gcc/arm-none-eabi/12.3.1/../../../../arm-none-eabi/lib/thumb/v7e-m+dp/hard\libc_nano.a(libc_a-nano-svfscanf.o)
                0x0800ff18                _sungetc_r
 .text.__ssrefill_r
                0x0800ff8e       0x3a C:/ST/STM32CubeIDE_1.17.0/STM32CubeIDE/plugins/com.st.stm32cube.ide.mcu.externaltools.gnu-tools-for-stm32.12.3.rel1.win32_1.1.0.202410251130/tools/bin/../lib/gcc/arm-none-eabi/12.3.1/../../../../arm-none-eabi/lib/thumb/v7e-m+dp/hard\libc_nano.a(libc_a-nano-svfscanf.o)
                0x0800ff8e                __ssrefill_r
 .text.__ssvfscanf_r
                0x0800ffc8      0x2e8 C:/ST/STM32CubeIDE_1.17.0/STM32CubeIDE/plugins/com.st.stm32cube.ide.mcu.externaltools.gnu-tools-for-stm32.12.3.rel1.win32_1.1.0.202410251130/tools/bin/../lib/gcc/arm-none-eabi/12.3.1/../../../../arm-none-eabi/lib/thumb/v7e-m+dp/hard\libc_nano.a(libc_a-nano-svfscanf.o)
                0x0800ffc8                __ssvfiscanf_r
                0x0800ffc8                __ssvfscanf_r
 .text._printf_common
                0x080102b0       0xda C:/ST/STM32CubeIDE_1.17.0/STM32CubeIDE/plugins/com.st.stm32cube.ide.mcu.externaltools.gnu-tools-for-stm32.12.3.rel1.win32_1.1.0.202410251130/tools/bin/../lib/gcc/arm-none-eabi/12.3.1/../../../../arm-none-eabi/lib/thumb/v7e-m+dp/hard\libc_nano.a(libc_a-nano-vfprintf_i.o)
                0x080102b0                _printf_common
 *fill*         0x0801038a        0x2 
 .text._printf_i
                0x0801038c      0x240 C:/ST/STM32CubeIDE_1.17.0/STM32CubeIDE/plugins/com.st.stm32cube.ide.mcu.externaltools.gnu-tools-for-stm32.12.3.rel1.win32_1.1.0.202410251130/tools/bin/../lib/gcc/arm-none-eabi/12.3.1/../../../../arm-none-eabi/lib/thumb/v7e-m+dp/hard\libc_nano.a(libc_a-nano-vfprintf_i.o)
                0x0801038c                _printf_i
 .text._scanf_chars
                0x080105cc       0xb4 C:/ST/STM32CubeIDE_1.17.0/STM32CubeIDE/plugins/com.st.stm32cube.ide.mcu.externaltools.gnu-tools-for-stm32.12.3.rel1.win32_1.1.0.202410251130/tools/bin/../lib/gcc/arm-none-eabi/12.3.1/../../../../arm-none-eabi/lib/thumb/v7e-m+dp/hard\libc_nano.a(libc_a-nano-vfscanf_i.o)
                0x080105cc                _scanf_chars
 .text._scanf_i
                0x08010680      0x1e8 C:/ST/STM32CubeIDE_1.17.0/STM32CubeIDE/plugins/com.st.stm32cube.ide.mcu.externaltools.gnu-tools-for-stm32.12.3.rel1.win32_1.1.0.202410251130/tools/bin/../lib/gcc/arm-none-eabi/12.3.1/../../../../arm-none-eabi/lib/thumb/v7e-m+dp/hard\libc_nano.a(libc_a-nano-vfscanf_i.o)
                0x08010680                _scanf_i
 .text.__sccl   0x08010868       0x72 C:/ST/STM32CubeIDE_1.17.0/STM32CubeIDE/plugins/com.st.stm32cube.ide.mcu.externaltools.gnu-tools-for-stm32.12.3.rel1.win32_1.1.0.202410251130/tools/bin/../lib/gcc/arm-none-eabi/12.3.1/../../../../arm-none-eabi/lib/thumb/v7e-m+dp/hard\libc_nano.a(libc_a-sccl.o)
                0x08010868                __sccl
 .text.__submore
                0x080108da       0x74 C:/ST/STM32CubeIDE_1.17.0/STM32CubeIDE/plugins/com.st.stm32cube.ide.mcu.externaltools.gnu-tools-for-stm32.12.3.rel1.win32_1.1.0.202410251130/tools/bin/../lib/gcc/arm-none-eabi/12.3.1/../../../../arm-none-eabi/lib/thumb/v7e-m+dp/hard\libc_nano.a(libc_a-ungetc.o)
                0x080108da                __submore
 .text.memmove  0x0801094e       0x34 C:/ST/STM32CubeIDE_1.17.0/STM32CubeIDE/plugins/com.st.stm32cube.ide.mcu.externaltools.gnu-tools-for-stm32.12.3.rel1.win32_1.1.0.202410251130/tools/bin/../lib/gcc/arm-none-eabi/12.3.1/../../../../arm-none-eabi/lib/thumb/v7e-m+dp/hard\libc_nano.a(libc_a-memmove.o)
                0x0801094e                memmove
 *fill*         0x08010982        0x2 
 .text._sbrk_r  0x08010984       0x20 C:/ST/STM32CubeIDE_1.17.0/STM32CubeIDE/plugins/com.st.stm32cube.ide.mcu.externaltools.gnu-tools-for-stm32.12.3.rel1.win32_1.1.0.202410251130/tools/bin/../lib/gcc/arm-none-eabi/12.3.1/../../../../arm-none-eabi/lib/thumb/v7e-m+dp/hard\libc_nano.a(libc_a-sbrkr.o)
                0x08010984                _sbrk_r
 .text.memcpy   0x080109a4       0x1c C:/ST/STM32CubeIDE_1.17.0/STM32CubeIDE/plugins/com.st.stm32cube.ide.mcu.externaltools.gnu-tools-for-stm32.12.3.rel1.win32_1.1.0.202410251130/tools/bin/../lib/gcc/arm-none-eabi/12.3.1/../../../../arm-none-eabi/lib/thumb/v7e-m+dp/hard\libc_nano.a(libc_a-memcpy-stub.o)
                0x080109a4                memcpy
 .text._realloc_r
                0x080109c0       0x5c C:/ST/STM32CubeIDE_1.17.0/STM32CubeIDE/plugins/com.st.stm32cube.ide.mcu.externaltools.gnu-tools-for-stm32.12.3.rel1.win32_1.1.0.202410251130/tools/bin/../lib/gcc/arm-none-eabi/12.3.1/../../../../arm-none-eabi/lib/thumb/v7e-m+dp/hard\libc_nano.a(libc_a-reallocr.o)
                0x080109c0                _realloc_r
 .text._strtol_l.constprop.0
                0x08010a1c       0xf4 C:/ST/STM32CubeIDE_1.17.0/STM32CubeIDE/plugins/com.st.stm32cube.ide.mcu.externaltools.gnu-tools-for-stm32.12.3.rel1.win32_1.1.0.202410251130/tools/bin/../lib/gcc/arm-none-eabi/12.3.1/../../../../arm-none-eabi/lib/thumb/v7e-m+dp/hard\libc_nano.a(libc_a-strtol.o)
 .text._strtol_r
                0x08010b10        0x4 C:/ST/STM32CubeIDE_1.17.0/STM32CubeIDE/plugins/com.st.stm32cube.ide.mcu.externaltools.gnu-tools-for-stm32.12.3.rel1.win32_1.1.0.202410251130/tools/bin/../lib/gcc/arm-none-eabi/12.3.1/../../../../arm-none-eabi/lib/thumb/v7e-m+dp/hard\libc_nano.a(libc_a-strtol.o)
                0x08010b10                _strtol_r
 .text._malloc_usable_size_r
                0x08010b14       0x10 C:/ST/STM32CubeIDE_1.17.0/STM32CubeIDE/plugins/com.st.stm32cube.ide.mcu.externaltools.gnu-tools-for-stm32.12.3.rel1.win32_1.1.0.202410251130/tools/bin/../lib/gcc/arm-none-eabi/12.3.1/../../../../arm-none-eabi/lib/thumb/v7e-m+dp/hard\libc_nano.a(libc_a-msizer.o)
                0x08010b14                _malloc_usable_size_r
 *(.glue_7)
 .glue_7        0x08010b24        0x0 linker stubs
 *(.glue_7t)
 .glue_7t       0x08010b24        0x0 linker stubs
 *(.eh_frame)
 .eh_frame      0x08010b24        0x0 C:/ST/STM32CubeIDE_1.17.0/STM32CubeIDE/plugins/com.st.stm32cube.ide.mcu.externaltools.gnu-tools-for-stm32.12.3.rel1.win32_1.1.0.202410251130/tools/bin/../lib/gcc/arm-none-eabi/12.3.1/thumb/v7e-m+dp/hard/crtbegin.o
 *(.init)
 .init          0x08010b24        0x4 C:/ST/STM32CubeIDE_1.17.0/STM32CubeIDE/plugins/com.st.stm32cube.ide.mcu.externaltools.gnu-tools-for-stm32.12.3.rel1.win32_1.1.0.202410251130/tools/bin/../lib/gcc/arm-none-eabi/12.3.1/thumb/v7e-m+dp/hard/crti.o
                0x08010b24                _init
 .init          0x08010b28        0x8 C:/ST/STM32CubeIDE_1.17.0/STM32CubeIDE/plugins/com.st.stm32cube.ide.mcu.externaltools.gnu-tools-for-stm32.12.3.rel1.win32_1.1.0.202410251130/tools/bin/../lib/gcc/arm-none-eabi/12.3.1/thumb/v7e-m+dp/hard/crtn.o
 *(.fini)
 .fini          0x08010b30        0x4 C:/ST/STM32CubeIDE_1.17.0/STM32CubeIDE/plugins/com.st.stm32cube.ide.mcu.externaltools.gnu-tools-for-stm32.12.3.rel1.win32_1.1.0.202410251130/tools/bin/../lib/gcc/arm-none-eabi/12.3.1/thumb/v7e-m+dp/hard/crti.o
                0x08010b30                _fini
 .fini          0x08010b34        0x8 C:/ST/STM32CubeIDE_1.17.0/STM32CubeIDE/plugins/com.st.stm32cube.ide.mcu.externaltools.gnu-tools-for-stm32.12.3.rel1.win32_1.1.0.202410251130/tools/bin/../lib/gcc/arm-none-eabi/12.3.1/thumb/v7e-m+dp/hard/crtn.o
                0x08010b3c                        . = ALIGN (0x4)
                0x08010b3c                        _etext = .

.vfp11_veneer   0x08010b3c        0x0
 .vfp11_veneer  0x08010b3c        0x0 linker stubs

.v4_bx          0x08010b3c        0x0
 .v4_bx         0x08010b3c        0x0 linker stubs

.iplt           0x08010b3c        0x0
 .iplt          0x08010b3c        0x0 C:/ST/STM32CubeIDE_1.17.0/STM32CubeIDE/plugins/com.st.stm32cube.ide.mcu.externaltools.gnu-tools-for-stm32.12.3.rel1.win32_1.1.0.202410251130/tools/bin/../lib/gcc/arm-none-eabi/12.3.1/thumb/v7e-m+dp/hard/crtbegin.o

.rodata         0x08010b3c      0x3c8
                0x08010b3c                        . = ALIGN (0x4)
 *(.rodata)
 .rodata        0x08010b3c       0x32 ./Core/Src/adc.o
 *fill*         0x08010b6e        0x2 
 .rodata        0x08010b70       0x46 ./USB_DEVICE/App/usbd_desc.o
 *fill*         0x08010bb6        0x2 
 .rodata        0x08010bb8      0x1d5 ./debug_console/debug_console.o
 *fill*         0x08010d8d        0x3 
 .rodata        0x08010d90        0xc C:/ST/STM32CubeIDE_1.17.0/STM32CubeIDE/plugins/com.st.stm32cube.ide.mcu.externaltools.gnu-tools-for-stm32.12.3.rel1.win32_1.1.0.202410251130/tools/bin/../lib/gcc/arm-none-eabi/12.3.1/../../../../arm-none-eabi/lib/thumb/v7e-m+dp/hard\libc_nano.a(libc_a-nano-vfscanf_i.o)
 *(.rodata*)
 .rodata.D1CorePrescTable
                0x08010d9c       0x10 ./Core/Src/system_stm32h7xx.o
                0x08010d9c                D1CorePrescTable
 .rodata.flagBitshiftOffset.0
                0x08010dac        0x8 ./Drivers/STM32H7xx_HAL_Driver/Src/stm32h7xx_hal_dma.o
 .rodata._ctype_
                0x08010db4      0x101 C:/ST/STM32CubeIDE_1.17.0/STM32CubeIDE/plugins/com.st.stm32cube.ide.mcu.externaltools.gnu-tools-for-stm32.12.3.rel1.win32_1.1.0.202410251130/tools/bin/../lib/gcc/arm-none-eabi/12.3.1/../../../../arm-none-eabi/lib/thumb/v7e-m+dp/hard\libc_nano.a(libc_a-ctype_.o)
                0x08010db4                _ctype_
 .rodata._svfprintf_r.str1.1
                0x08010eb5       0x11 C:/ST/STM32CubeIDE_1.17.0/STM32CubeIDE/plugins/com.st.stm32cube.ide.mcu.externaltools.gnu-tools-for-stm32.12.3.rel1.win32_1.1.0.202410251130/tools/bin/../lib/gcc/arm-none-eabi/12.3.1/../../../../arm-none-eabi/lib/thumb/v7e-m+dp/hard\libc_nano.a(libc_a-nano-svfprintf.o)
 .rodata.__ssvfscanf_r.str1.1
                0x08010ec6        0x4 C:/ST/STM32CubeIDE_1.17.0/STM32CubeIDE/plugins/com.st.stm32cube.ide.mcu.externaltools.gnu-tools-for-stm32.12.3.rel1.win32_1.1.0.202410251130/tools/bin/../lib/gcc/arm-none-eabi/12.3.1/../../../../arm-none-eabi/lib/thumb/v7e-m+dp/hard\libc_nano.a(libc_a-nano-svfscanf.o)
 .rodata._printf_i.str1.1
                0x08010ec6       0x22 C:/ST/STM32CubeIDE_1.17.0/STM32CubeIDE/plugins/com.st.stm32cube.ide.mcu.externaltools.gnu-tools-for-stm32.12.3.rel1.win32_1.1.0.202410251130/tools/bin/../lib/gcc/arm-none-eabi/12.3.1/../../../../arm-none-eabi/lib/thumb/v7e-m+dp/hard\libc_nano.a(libc_a-nano-vfprintf_i.o)
 .rodata._scanf_i.str1.1
                0x08010ee8       0x12 C:/ST/STM32CubeIDE_1.17.0/STM32CubeIDE/plugins/com.st.stm32cube.ide.mcu.externaltools.gnu-tools-for-stm32.12.3.rel1.win32_1.1.0.202410251130/tools/bin/../lib/gcc/arm-none-eabi/12.3.1/../../../../arm-none-eabi/lib/thumb/v7e-m+dp/hard\libc_nano.a(libc_a-nano-vfscanf_i.o)
 .rodata.str1.1
                0x08010efa        0x9 C:/ST/STM32CubeIDE_1.17.0/STM32CubeIDE/plugins/com.st.stm32cube.ide.mcu.externaltools.gnu-tools-for-stm32.12.3.rel1.win32_1.1.0.202410251130/tools/bin/../lib/gcc/arm-none-eabi/12.3.1/../../../../arm-none-eabi/lib/thumb/v7e-m+dp/hard\libc_nano.a(libc_a-nano-vfscanf_i.o)
                0x08010f04                        . = ALIGN (0x4)
 *fill*         0x08010f03        0x1 

.ARM.extab
 *(.ARM.extab* .gnu.linkonce.armextab.*)

.ARM            0x08010f04        0x8
                0x08010f04                        __exidx_start = .
 *(.ARM.exidx*)
 .ARM.exidx     0x08010f04        0x8 C:/ST/STM32CubeIDE_1.17.0/STM32CubeIDE/plugins/com.st.stm32cube.ide.mcu.externaltools.gnu-tools-for-stm32.12.3.rel1.win32_1.1.0.202410251130/tools/bin/../lib/gcc/arm-none-eabi/12.3.1/../../../../arm-none-eabi/lib/thumb/v7e-m+dp/hard\libc_nano.a(libc_a-strlen.o)
 .ARM.exidx     0x08010f0c        0x0 C:/ST/STM32CubeIDE_1.17.0/STM32CubeIDE/plugins/com.st.stm32cube.ide.mcu.externaltools.gnu-tools-for-stm32.12.3.rel1.win32_1.1.0.202410251130/tools/bin/../lib/gcc/arm-none-eabi/12.3.1/../../../../arm-none-eabi/lib/thumb/v7e-m+dp/hard\libc_nano.a(libc_a-memchr.o)
                                  0x8 (size before relaxing)
                0x08010f0c                        __exidx_end = .

.preinit_array  0x08010f0c        0x0
                0x08010f0c                        PROVIDE (__preinit_array_start = .)
 *(.preinit_array*)
                0x08010f0c                        PROVIDE (__preinit_array_end = .)

.init_array     0x08010f0c        0x4
                0x08010f0c                        PROVIDE (__init_array_start = .)
 *(SORT_BY_NAME(.init_array.*))
 *(.init_array*)
 .init_array    0x08010f0c        0x4 C:/ST/STM32CubeIDE_1.17.0/STM32CubeIDE/plugins/com.st.stm32cube.ide.mcu.externaltools.gnu-tools-for-stm32.12.3.rel1.win32_1.1.0.202410251130/tools/bin/../lib/gcc/arm-none-eabi/12.3.1/thumb/v7e-m+dp/hard/crtbegin.o
                0x08010f10                        PROVIDE (__init_array_end = .)

.fini_array     0x08010f10        0x4
                [!provide]                        PROVIDE (__fini_array_start = .)
 *(SORT_BY_NAME(.fini_array.*))
 *(.fini_array*)
 .fini_array    0x08010f10        0x4 C:/ST/STM32CubeIDE_1.17.0/STM32CubeIDE/plugins/com.st.stm32cube.ide.mcu.externaltools.gnu-tools-for-stm32.12.3.rel1.win32_1.1.0.202410251130/tools/bin/../lib/gcc/arm-none-eabi/12.3.1/thumb/v7e-m+dp/hard/crtbegin.o
                [!provide]                        PROVIDE (__fini_array_end = .)
                0x08010f14                        _sidata = LOADADDR (.data)

.rel.dyn        0x08010f14        0x0
 .rel.iplt      0x08010f14        0x0 C:/ST/STM32CubeIDE_1.17.0/STM32CubeIDE/plugins/com.st.stm32cube.ide.mcu.externaltools.gnu-tools-for-stm32.12.3.rel1.win32_1.1.0.202410251130/tools/bin/../lib/gcc/arm-none-eabi/12.3.1/thumb/v7e-m+dp/hard/crtbegin.o

.data           0x24000000      0x160 load address 0x08010f14
                0x24000000                        . = ALIGN (0x4)
                0x24000000                        _sdata = .
 *(.data)
 *(.data*)
 .data.SystemCoreClock
                0x24000000        0x4 ./Core/Src/system_stm32h7xx.o
                0x24000000                SystemCoreClock
 .data.SystemD2Clock
                0x24000004        0x4 ./Core/Src/system_stm32h7xx.o
                0x24000004                SystemD2Clock
 .data.uwTickPrio
                0x24000008        0x4 ./Drivers/STM32H7xx_HAL_Driver/Src/stm32h7xx_hal.o
                0x24000008                uwTickPrio
 .data.uwTickFreq
                0x2400000c        0x1 ./Drivers/STM32H7xx_HAL_Driver/Src/stm32h7xx_hal.o
                0x2400000c                uwTickFreq
 *fill*         0x2400000d        0x3 
 .data.USBD_CDC_DeviceQualifierDesc
                0x24000010        0xa ./Middlewares/ST/STM32_USB_Device_Library/Class/CDC/Src/usbd_cdc.o
 *fill*         0x2400001a        0x2 
 .data.USBD_CDC
                0x2400001c       0x38 ./Middlewares/ST/STM32_USB_Device_Library/Class/CDC/Src/usbd_cdc.o
                0x2400001c                USBD_CDC
 .data.USBD_CDC_CfgDesc
                0x24000054       0x43 ./Middlewares/ST/STM32_USB_Device_Library/Class/CDC/Src/usbd_cdc.o
 .data.CDCInEpAdd
                0x24000097        0x1 ./Middlewares/ST/STM32_USB_Device_Library/Class/CDC/Src/usbd_cdc.o
 .data.CDCOutEpAdd
                0x24000098        0x1 ./Middlewares/ST/STM32_USB_Device_Library/Class/CDC/Src/usbd_cdc.o
 .data.CDCCmdEpAdd
                0x24000099        0x1 ./Middlewares/ST/STM32_USB_Device_Library/Class/CDC/Src/usbd_cdc.o
 *fill*         0x2400009a        0x2 
 .data.linecoding
                0x2400009c        0x8 ./USB_DEVICE/App/usbd_cdc_if.o
                0x2400009c                linecoding
 .data.USBD_Interface_fops_FS
                0x240000a4       0x14 ./USB_DEVICE/App/usbd_cdc_if.o
                0x240000a4                USBD_Interface_fops_FS
 .data.FS_Desc  0x240000b8       0x20 ./USB_DEVICE/App/usbd_desc.o
                0x240000b8                FS_Desc
 .data.USBD_FS_DeviceDesc
                0x240000d8       0x12 ./USB_DEVICE/App/usbd_desc.o
                0x240000d8                USBD_FS_DeviceDesc
 *fill*         0x240000ea        0x2 
 .data.USBD_LangIDDesc
                0x240000ec        0x4 ./USB_DEVICE/App/usbd_desc.o
                0x240000ec                USBD_LangIDDesc
 .data.USBD_StringSerial
                0x240000f0       0x1a ./USB_DEVICE/App/usbd_desc.o
                0x240000f0                USBD_StringSerial
 *fill*         0x2400010a        0x2 
 .data.debug_port
                0x2400010c        0x4 ./debug_console/debug_console.o
                0x2400010c                debug_port
 .data._impure_ptr
                0x24000110        0x4 C:/ST/STM32CubeIDE_1.17.0/STM32CubeIDE/plugins/com.st.stm32cube.ide.mcu.externaltools.gnu-tools-for-stm32.12.3.rel1.win32_1.1.0.202410251130/tools/bin/../lib/gcc/arm-none-eabi/12.3.1/../../../../arm-none-eabi/lib/thumb/v7e-m+dp/hard\libc_nano.a(libc_a-impure.o)
                0x24000110                _impure_ptr
 .data._impure_data
                0x24000114       0x4c C:/ST/STM32CubeIDE_1.17.0/STM32CubeIDE/plugins/com.st.stm32cube.ide.mcu.externaltools.gnu-tools-for-stm32.12.3.rel1.win32_1.1.0.202410251130/tools/bin/../lib/gcc/arm-none-eabi/12.3.1/../../../../arm-none-eabi/lib/thumb/v7e-m+dp/hard\libc_nano.a(libc_a-impure.o)
                0x24000114                _impure_data
 *(.RamFunc)
 *(.RamFunc*)
                0x24000160                        . = ALIGN (0x4)
                0x24000160                        _edata = .

.igot.plt       0x24000160        0x0 load address 0x08011074
 .igot.plt      0x24000160        0x0 C:/ST/STM32CubeIDE_1.17.0/STM32CubeIDE/plugins/com.st.stm32cube.ide.mcu.externaltools.gnu-tools-for-stm32.12.3.rel1.win32_1.1.0.202410251130/tools/bin/../lib/gcc/arm-none-eabi/12.3.1/thumb/v7e-m+dp/hard/crtbegin.o
                0x24000160                        . = ALIGN (0x4)

.bss            0x24000160     0x30e8 load address 0x08011074
                0x24000160                        _sbss = .
                0x24000160                        __bss_start__ = _sbss
 *(.bss)
 .bss           0x24000160       0x1c C:/ST/STM32CubeIDE_1.17.0/STM32CubeIDE/plugins/com.st.stm32cube.ide.mcu.externaltools.gnu-tools-for-stm32.12.3.rel1.win32_1.1.0.202410251130/tools/bin/../lib/gcc/arm-none-eabi/12.3.1/thumb/v7e-m+dp/hard/crtbegin.o
 *(.bss*)
 .bss.hadc3     0x2400017c       0x64 ./Core/Src/adc.o
                0x2400017c                hadc3
 .bss.hdma_adc3
                0x240001e0       0x78 ./Core/Src/adc.o
                0x240001e0                hdma_adc3
 .bss.conversion_count
                0x24000258        0x2 ./Core/Src/adc.o
                0x24000258                conversion_count
 *fill*         0x2400025a        0x2 
 .bss.hqspi     0x2400025c       0x4c ./Core/Src/quadspi.o
                0x2400025c                hqspi
 .bss.htim1     0x240002a8       0x4c ./Core/Src/stm32h7xx_hal_timebase_tim.o
                0x240002a8                htim1
 .bss.__sbrk_heap_end
                0x240002f4        0x4 ./Core/Src/sysmem.o
 .bss.uwTick    0x240002f8        0x4 ./Drivers/STM32H7xx_HAL_Driver/Src/stm32h7xx_hal.o
                0x240002f8                uwTick
 .bss.cfgidx.0  0x240002fc        0x1 ./Middlewares/ST/STM32_USB_Device_Library/Core/Src/usbd_ctlreq.o
 *fill*         0x240002fd        0x3 
 .bss.hUsbDeviceFS
                0x24000300      0x2dc ./USB_DEVICE/App/usb_device.o
                0x24000300                hUsbDeviceFS
 .bss.UserRxBufferFS
                0x240005dc      0x800 ./USB_DEVICE/App/usbd_cdc_if.o
                0x240005dc                UserRxBufferFS
 .bss.UserTxBufferFS
                0x24000ddc      0x800 ./USB_DEVICE/App/usbd_cdc_if.o
                0x24000ddc                UserTxBufferFS
 .bss.USBD_StrDesc
                0x240015dc      0x200 ./USB_DEVICE/App/usbd_desc.o
                0x240015dc                USBD_StrDesc
 .bss.hpcd_USB_OTG_FS
                0x240017dc      0x4e4 ./USB_DEVICE/Target/usbd_conf.o
                0x240017dc                hpcd_USB_OTG_FS
 .bss.mem.0     0x24001cc0      0x220 ./USB_DEVICE/Target/usbd_conf.o
 .bss._debug_dump_beg
                0x24001ee0        0x4 ./debug_console/debug_console.o
                0x24001ee0                _debug_dump_beg
 .bss._old_debug_dump_beg
                0x24001ee4        0x4 ./debug_console/debug_console.o
                0x24001ee4                _old_debug_dump_beg
 .bss._debug_dump_end
                0x24001ee8        0x4 ./debug_console/debug_console.o
                0x24001ee8                _debug_dump_end
 .bss.bTest     0x24001eec        0x1 ./debug_console/debug_console.o
                0x24001eec                bTest
 *fill*         0x24001eed        0x3 
 .bss.dbg_rx_buffer
                0x24001ef0      0x100 ./debug_console/debug_console.o
                0x24001ef0                dbg_rx_buffer
 .bss.dbg_rx_head
                0x24001ff0        0x2 ./debug_console/debug_console.o
                0x24001ff0                dbg_rx_head
 .bss.dbg_rx_tail
                0x24001ff2        0x2 ./debug_console/debug_console.o
                0x24001ff2                dbg_rx_tail
 .bss.dbg_tx_buffer
                0x24001ff4      0x800 ./debug_console/debug_console.o
                0x24001ff4                dbg_tx_buffer
 .bss.dbg_tx_head
                0x240027f4        0x2 ./debug_console/debug_console.o
                0x240027f4                dbg_tx_head
 .bss.dbg_tx_tail
                0x240027f6        0x2 ./debug_console/debug_console.o
                0x240027f6                dbg_tx_tail
 .bss.dbg_dma_buffer
                0x240027f8      0x800 ./debug_console/debug_console.o
                0x240027f8                dbg_dma_buffer
 .bss.lineptr   0x24002ff8        0x4 ./debug_console/debug_console.o
 .bss.linebuff  0x24002ffc      0x100 ./debug_console/debug_console.o
 .bss.InDebug   0x240030fc        0x1 ./debug_console/debug_console.o
 *fill*         0x240030fd        0x3 
 .bss.__sf      0x24003100      0x138 C:/ST/STM32CubeIDE_1.17.0/STM32CubeIDE/plugins/com.st.stm32cube.ide.mcu.externaltools.gnu-tools-for-stm32.12.3.rel1.win32_1.1.0.202410251130/tools/bin/../lib/gcc/arm-none-eabi/12.3.1/../../../../arm-none-eabi/lib/thumb/v7e-m+dp/hard\libc_nano.a(libc_a-findfp.o)
                0x24003100                __sf
 .bss.errno     0x24003238        0x4 C:/ST/STM32CubeIDE_1.17.0/STM32CubeIDE/plugins/com.st.stm32cube.ide.mcu.externaltools.gnu-tools-for-stm32.12.3.rel1.win32_1.1.0.202410251130/tools/bin/../lib/gcc/arm-none-eabi/12.3.1/../../../../arm-none-eabi/lib/thumb/v7e-m+dp/hard\libc_nano.a(libc_a-reent.o)
                0x24003238                errno
 .bss.__lock___malloc_recursive_mutex
                0x2400323c        0x1 C:/ST/STM32CubeIDE_1.17.0/STM32CubeIDE/plugins/com.st.stm32cube.ide.mcu.externaltools.gnu-tools-for-stm32.12.3.rel1.win32_1.1.0.202410251130/tools/bin/../lib/gcc/arm-none-eabi/12.3.1/../../../../arm-none-eabi/lib/thumb/v7e-m+dp/hard\libc_nano.a(libc_a-lock.o)
                0x2400323c                __lock___malloc_recursive_mutex
 *fill*         0x2400323d        0x3 
 .bss.__malloc_sbrk_start
                0x24003240        0x4 C:/ST/STM32CubeIDE_1.17.0/STM32CubeIDE/plugins/com.st.stm32cube.ide.mcu.externaltools.gnu-tools-for-stm32.12.3.rel1.win32_1.1.0.202410251130/tools/bin/../lib/gcc/arm-none-eabi/12.3.1/../../../../arm-none-eabi/lib/thumb/v7e-m+dp/hard\libc_nano.a(libc_a-mallocr.o)
                0x24003240                __malloc_sbrk_start
 .bss.__malloc_free_list
                0x24003244        0x4 C:/ST/STM32CubeIDE_1.17.0/STM32CubeIDE/plugins/com.st.stm32cube.ide.mcu.externaltools.gnu-tools-for-stm32.12.3.rel1.win32_1.1.0.202410251130/tools/bin/../lib/gcc/arm-none-eabi/12.3.1/../../../../arm-none-eabi/lib/thumb/v7e-m+dp/hard\libc_nano.a(libc_a-mallocr.o)
                0x24003244                __malloc_free_list
 *(COMMON)
                0x24003248                        . = ALIGN (0x4)