Archive member included to satisfy reference by file (symbol)

C:/ST/STM32CubeIDE_1.18.0/STM32CubeIDE/plugins/com.st.stm32cube.ide.mcu.externaltools.gnu-tools-for-stm32.13.3.rel1.win32_1.0.0.202411081344/tools/bin/../lib/gcc/arm-none-eabi/13.3.1/../../../../arm-none-eabi/lib/thumb/v7e-m+dp/hard\libc_nano.a(libc_a-exit.o)
                              C:/ST/STM32CubeIDE_1.18.0/STM32CubeIDE/plugins/com.st.stm32cube.ide.mcu.externaltools.gnu-tools-for-stm32.13.3.rel1.win32_1.0.0.202411081344/tools/bin/../lib/gcc/arm-none-eabi/13.3.1/../../../../arm-none-eabi/lib/thumb/v7e-m+dp/hard/crt0.o (exit)
C:/ST/STM32CubeIDE_1.18.0/STM32CubeIDE/plugins/com.st.stm32cube.ide.mcu.externaltools.gnu-tools-for-stm32.13.3.rel1.win32_1.0.0.202411081344/tools/bin/../lib/gcc/arm-none-eabi/13.3.1/../../../../arm-none-eabi/lib/thumb/v7e-m+dp/hard\libc_nano.a(libc_a-strtoul.o)
                              ./debug_console/debug_console.o (strtoul)
C:/ST/STM32CubeIDE_1.18.0/STM32CubeIDE/plugins/com.st.stm32cube.ide.mcu.externaltools.gnu-tools-for-stm32.13.3.rel1.win32_1.0.0.202411081344/tools/bin/../lib/gcc/arm-none-eabi/13.3.1/../../../../arm-none-eabi/lib/thumb/v7e-m+dp/hard\libc_nano.a(libc_a-ctype_.o)
                              ./debug_console/debug_console.o (_ctype_)
C:/ST/STM32CubeIDE_1.18.0/STM32CubeIDE/plugins/com.st.stm32cube.ide.mcu.externaltools.gnu-tools-for-stm32.13.3.rel1.win32_1.0.0.202411081344/tools/bin/../lib/gcc/arm-none-eabi/13.3.1/../../../../arm-none-eabi/lib/thumb/v7e-m+dp/hard\libc_nano.a(libc_a-findfp.o)
                              C:/ST/STM32CubeIDE_1.18.0/STM32CubeIDE/plugins/com.st.stm32cube.ide.mcu.externaltools.gnu-tools-for-stm32.13.3.rel1.win32_1.0.0.202411081344/tools/bin/../lib/gcc/arm-none-eabi/13.3.1/../../../../arm-none-eabi/lib/thumb/v7e-m+dp/hard\libc_nano.a(libc_a-exit.o) (__stdio_exit_handler)
C:/ST/STM32CubeIDE_1.18.0/STM32CubeIDE/plugins/com.st.stm32cube.ide.mcu.externaltools.gnu-tools-for-stm32.13.3.rel1.win32_1.0.0.202411081344/tools/bin/../lib/gcc/arm-none-eabi/13.3.1/../../../../arm-none-eabi/lib/thumb/v7e-m+dp/hard\libc_nano.a(libc_a-fwalk.o)
                              C:/ST/STM32CubeIDE_1.18.0/STM32CubeIDE/plugins/com.st.stm32cube.ide.mcu.externaltools.gnu-tools-for-stm32.13.3.rel1.win32_1.0.0.202411081344/tools/bin/../lib/gcc/arm-none-eabi/13.3.1/../../../../arm-none-eabi/lib/thumb/v7e-m+dp/hard\libc_nano.a(libc_a-findfp.o) (_fwalk_sglue)
C:/ST/STM32CubeIDE_1.18.0/STM32CubeIDE/plugins/com.st.stm32cube.ide.mcu.externaltools.gnu-tools-for-stm32.13.3.rel1.win32_1.0.0.202411081344/tools/bin/../lib/gcc/arm-none-eabi/13.3.1/../../../../arm-none-eabi/lib/thumb/v7e-m+dp/hard\libc_nano.a(libc_a-printf.o)
                              ./BSP/ov7670/ov7670.o (printf)
C:/ST/STM32CubeIDE_1.18.0/STM32CubeIDE/plugins/com.st.stm32cube.ide.mcu.externaltools.gnu-tools-for-stm32.13.3.rel1.win32_1.0.0.202411081344/tools/bin/../lib/gcc/arm-none-eabi/13.3.1/../../../../arm-none-eabi/lib/thumb/v7e-m+dp/hard\libc_nano.a(libc_a-sprintf.o)
                              ./Core/Src/main.o (sprintf)
C:/ST/STM32CubeIDE_1.18.0/STM32CubeIDE/plugins/com.st.stm32cube.ide.mcu.externaltools.gnu-tools-for-stm32.13.3.rel1.win32_1.0.0.202411081344/tools/bin/../lib/gcc/arm-none-eabi/13.3.1/../../../../arm-none-eabi/lib/thumb/v7e-m+dp/hard\libc_nano.a(libc_a-sscanf.o)
                              ./debug_console/debug_console.o (sscanf)
C:/ST/STM32CubeIDE_1.18.0/STM32CubeIDE/plugins/com.st.stm32cube.ide.mcu.externaltools.gnu-tools-for-stm32.13.3.rel1.win32_1.0.0.202411081344/tools/bin/../lib/gcc/arm-none-eabi/13.3.1/../../../../arm-none-eabi/lib/thumb/v7e-m+dp/hard\libc_nano.a(libc_a-stdio.o)
                              C:/ST/STM32CubeIDE_1.18.0/STM32CubeIDE/plugins/com.st.stm32cube.ide.mcu.externaltools.gnu-tools-for-stm32.13.3.rel1.win32_1.0.0.202411081344/tools/bin/../lib/gcc/arm-none-eabi/13.3.1/../../../../arm-none-eabi/lib/thumb/v7e-m+dp/hard\libc_nano.a(libc_a-findfp.o) (__sread)
C:/ST/STM32CubeIDE_1.18.0/STM32CubeIDE/plugins/com.st.stm32cube.ide.mcu.externaltools.gnu-tools-for-stm32.13.3.rel1.win32_1.0.0.202411081344/tools/bin/../lib/gcc/arm-none-eabi/13.3.1/../../../../arm-none-eabi/lib/thumb/v7e-m+dp/hard\libc_nano.a(libc_a-vsprintf.o)
                              ./debug_console/debug_console.o (vsprintf)
C:/ST/STM32CubeIDE_1.18.0/STM32CubeIDE/plugins/com.st.stm32cube.ide.mcu.externaltools.gnu-tools-for-stm32.13.3.rel1.win32_1.0.0.202411081344/tools/bin/../lib/gcc/arm-none-eabi/13.3.1/../../../../arm-none-eabi/lib/thumb/v7e-m+dp/hard\libc_nano.a(libc_a-memset.o)
                              C:/ST/STM32CubeIDE_1.18.0/STM32CubeIDE/plugins/com.st.stm32cube.ide.mcu.externaltools.gnu-tools-for-stm32.13.3.rel1.win32_1.0.0.202411081344/tools/bin/../lib/gcc/arm-none-eabi/13.3.1/../../../../arm-none-eabi/lib/thumb/v7e-m+dp/hard/crt0.o (memset)
[...]
Memory Configuration

Name             Origin             Length             Attributes
FLASH            0x08000000         0x00200000         xr
DTCMRAM          0x20000000         0x00020000         xrw
RAM_D1           0x24000000         0x00080000         xrw
RAM_D2           0x30000000         0x00048000         xrw
RAM_D3           0x38000000         0x00010000         xrw
ITCMRAM          0x00000000         0x00010000         xrw
*default*        0x00000000         0xffffffff

Linker script and memory map

LOAD C:/ST/STM32CubeIDE_1.18.0/STM32CubeIDE/plugins/com.st.stm32cube.ide.mcu.externaltools.gnu-tools-for-stm32.13.3.rel1.win32_1.0.0.202411081344/tools/bin/../lib/gcc/arm-none-eabi/13.3.1/thumb/v7e-m+dp/hard/crti.o
LOAD C:/ST/STM32CubeIDE_1.18.0/STM32CubeIDE/plugins/com.st.stm32cube.ide.mcu.externaltools.gnu-tools-for-stm32.13.3.rel1.win32_1.0.0.202411081344/tools/bin/../lib/gcc/arm-none-eabi/13.3.1/thumb/v7e-m+dp/hard/crtbegin.o
LOAD C:/ST/STM32CubeIDE_1.18.0/STM32CubeIDE/plugins/com.st.stm32cube.ide.mcu.externaltools.gnu-tools-for-stm32.13.3.rel1.win32_1.0.0.202411081344/tools/bin/../lib/gcc/arm-none-eabi/13.3.1/../../../../arm-none-eabi/lib/thumb/v7e-m+dp/hard/crt0.o
LOAD ./BSP/AS7285X/SparkFun_AS7265X.o
LOAD ./BSP/ILI9488/Fonts/font12.o
LOAD ./BSP/ILI9488/Fonts/font16.o
LOAD ./BSP/ILI9488/Fonts/font20.o
LOAD ./BSP/ILI9488/Fonts/font24.o
LOAD ./BSP/ILI9488/Fonts/font8.o
LOAD ./BSP/ILI9488/ili9488.o
LOAD ./BSP/ILI9488/lcd_io_spi_hal.o
LOAD ./BSP/ILI9488/stm32_adafruit_lcd.o
LOAD ./BSP/ov7670/ov7670.o
LOAD ./Core/Src/adc.o
LOAD ./Core/Src/bdma.o
LOAD ./Core/Src/dcmi.o
LOAD ./Core/Src/dma.o
LOAD ./Core/Src/dma2d.o
LOAD ./Core/Src/gpio.o
LOAD ./Core/Src/i2c-lcd.o
LOAD ./Core/Src/i2c.o
LOAD ./Core/Src/main.o
LOAD ./Core/Src/memorymap.o
LOAD ./Core/Src/quadspi.o
LOAD ./Core/Src/spi.o
LOAD ./Core/Src/stm32h7xx_hal_msp.o
LOAD ./Core/Src/stm32h7xx_hal_timebase_tim.o
LOAD ./Core/Src/stm32h7xx_it.o
LOAD ./Core/Src/syscalls.o
LOAD ./Core/Src/sysmem.o
LOAD ./Core/Src/system_stm32h7xx.o
LOAD ./Core/Src/usart.o
LOAD ./Core/Startup/startup_stm32h743vitx.o
LOAD ./Drivers/STM32H7xx_HAL_Driver/Src/stm32h7xx_hal.o
LOAD ./Drivers/STM32H7xx_HAL_Driver/Src/stm32h7xx_hal_adc.o
LOAD ./Drivers/STM32H7xx_HAL_Driver/Src/stm32h7xx_hal_adc_ex.o
LOAD ./Drivers/STM32H7xx_HAL_Driver/Src/stm32h7xx_hal_cortex.o
LOAD ./Drivers/STM32H7xx_HAL_Driver/Src/stm32h7xx_hal_dcmi.o
LOAD ./Drivers/STM32H7xx_HAL_Driver/Src/stm32h7xx_hal_dma.o
LOAD ./Drivers/STM32H7xx_HAL_Driver/Src/stm32h7xx_hal_dma2d.o
LOAD ./Drivers/STM32H7xx_HAL_Driver/Src/stm32h7xx_hal_dma_ex.o
LOAD ./Drivers/STM32H7xx_HAL_Driver/Src/stm32h7xx_hal_exti.o
LOAD ./Drivers/STM32H7xx_HAL_Driver/Src/stm32h7xx_hal_flash.o
LOAD ./Drivers/STM32H7xx_HAL_Driver/Src/stm32h7xx_hal_flash_ex.o
LOAD ./Drivers/STM32H7xx_HAL_Driver/Src/stm32h7xx_hal_gpio.o
LOAD ./Drivers/STM32H7xx_HAL_Driver/Src/stm32h7xx_hal_hsem.o
LOAD ./Drivers/STM32H7xx_HAL_Driver/Src/stm32h7xx_hal_i2c.o
LOAD ./Drivers/STM32H7xx_HAL_Driver/Src/stm32h7xx_hal_i2c_ex.o
LOAD ./Drivers/STM32H7xx_HAL_Driver/Src/stm32h7xx_hal_mdma.o
LOAD ./Drivers/STM32H7xx_HAL_Driver/Src/stm32h7xx_hal_pcd.o
LOAD ./Drivers/STM32H7xx_HAL_Driver/Src/stm32h7xx_hal_pcd_ex.o
LOAD ./Drivers/STM32H7xx_HAL_Driver/Src/stm32h7xx_hal_pwr.o
LOAD ./Drivers/STM32H7xx_HAL_Driver/Src/stm32h7xx_hal_pwr_ex.o
LOAD ./Drivers/STM32H7xx_HAL_Driver/Src/stm32h7xx_hal_qspi.o
LOAD ./Drivers/STM32H7xx_HAL_Driver/Src/stm32h7xx_hal_rcc.o
LOAD ./Drivers/STM32H7xx_HAL_Driver/Src/stm32h7xx_hal_rcc_ex.o
LOAD ./Drivers/STM32H7xx_HAL_Driver/Src/stm32h7xx_hal_spi.o
LOAD ./Drivers/STM32H7xx_HAL_Driver/Src/stm32h7xx_hal_spi_ex.o
LOAD ./Drivers/STM32H7xx_HAL_Driver/Src/stm32h7xx_hal_tim.o
LOAD ./Drivers/STM32H7xx_HAL_Driver/Src/stm32h7xx_hal_tim_ex.o
LOAD ./Drivers/STM32H7xx_HAL_Driver/Src/stm32h7xx_hal_uart.o
LOAD ./Drivers/STM32H7xx_HAL_Driver/Src/stm32h7xx_hal_uart_ex.o
LOAD ./Drivers/STM32H7xx_HAL_Driver/Src/stm32h7xx_ll_delayblock.o
LOAD ./Drivers/STM32H7xx_HAL_Driver/Src/stm32h7xx_ll_usb.o
LOAD ./Middlewares/ST/STM32_USB_Device_Library/Class/CDC/Src/usbd_cdc.o
LOAD ./Middlewares/ST/STM32_USB_Device_Library/Core/Src/usbd_core.o
LOAD ./Middlewares/ST/STM32_USB_Device_Library/Core/Src/usbd_ctlreq.o
LOAD ./Middlewares/ST/STM32_USB_Device_Library/Core/Src/usbd_ioreq.o
LOAD ./USB_DEVICE/App/usb_device.o
LOAD ./USB_DEVICE/App/usbd_cdc_if.o
LOAD ./USB_DEVICE/App/usbd_desc.o
LOAD ./USB_DEVICE/Target/usbd_conf.o
LOAD ./debug_console/debug_console.o
START GROUP
LOAD C:/ST/STM32CubeIDE_1.18.0/STM32CubeIDE/plugins/com.st.stm32cube.ide.mcu.externaltools.gnu-tools-for-stm32.13.3.rel1.win32_1.0.0.202411081344/tools/bin/../lib/gcc/arm-none-eabi/13.3.1/../../../../arm-none-eabi/lib/thumb/v7e-m+dp/hard\libstdc++_nano.a
LOAD C:/ST/STM32CubeIDE_1.18.0/STM32CubeIDE/plugins/com.st.stm32cube.ide.mcu.externaltools.gnu-tools-for-stm32.13.3.rel1.win32_1.0.0.202411081344/tools/bin/../lib/gcc/arm-none-eabi/13.3.1/../../../../arm-none-eabi/lib/thumb/v7e-m+dp/hard\libsupc++_nano.a
END GROUP
LOAD C:/ST/STM32CubeIDE_1.18.0/STM32CubeIDE/plugins/com.st.stm32cube.ide.mcu.externaltools.gnu-tools-for-stm32.13.3.rel1.win32_1.0.0.202411081344/tools/bin/../lib/gcc/arm-none-eabi/13.3.1/../../../../arm-none-eabi/lib/thumb/v7e-m+dp/hard\libstdc++_nano.a
LOAD C:/ST/STM32CubeIDE_1.18.0/STM32CubeIDE/plugins/com.st.stm32cube.ide.mcu.externaltools.gnu-tools-for-stm32.13.3.rel1.win32_1.0.0.202411081344/tools/bin/../lib/gcc/arm-none-eabi/13.3.1/../../../../arm-none-eabi/lib/thumb/v7e-m+dp/hard\libm.a
LOAD C:/ST/STM32CubeIDE_1.18.0/STM32CubeIDE/plugins/com.st.stm32cube.ide.mcu.externaltools.gnu-tools-for-stm32.13.3.rel1.win32_1.0.0.202411081344/tools/bin/../lib/gcc/arm-none-eabi/13.3.1/../../../../arm-none-eabi/lib/thumb/v7e-m+dp/hard\libc_nano.a
START GROUP
LOAD C:/ST/STM32CubeIDE_1.18.0/STM32CubeIDE/plugins/com.st.stm32cube.ide.mcu.externaltools.gnu-tools-for-stm32.13.3.rel1.win32_1.0.0.202411081344/tools/bin/../lib/gcc/arm-none-eabi/13.3.1/thumb/v7e-m+dp/hard\libgcc.a
LOAD C:/ST/STM32CubeIDE_1.18.0/STM32CubeIDE/plugins/com.st.stm32cube.ide.mcu.externaltools.gnu-tools-for-stm32.13.3.rel1.win32_1.0.0.202411081344/tools/bin/../lib/gcc/arm-none-eabi/13.3.1/../../../../arm-none-eabi/lib/thumb/v7e-m+dp/hard\libc_nano.a
END GROUP
START GROUP
LOAD C:/ST/STM32CubeIDE_1.18.0/STM32CubeIDE/plugins/com.st.stm32cube.ide.mcu.externaltools.gnu-tools-for-stm32.13.3.rel1.win32_1.0.0.202411081344/tools/bin/../lib/gcc/arm-none-eabi/13.3.1/thumb/v7e-m+dp/hard\libgcc.a
LOAD C:/ST/STM32CubeIDE_1.18.0/STM32CubeIDE/plugins/com.st.stm32cube.ide.mcu.externaltools.gnu-tools-for-stm32.13.3.rel1.win32_1.0.0.202411081344/tools/bin/../lib/gcc/arm-none-eabi/13.3.1/../../../../arm-none-eabi/lib/thumb/v7e-m+dp/hard\libc_nano.a
END GROUP
LOAD C:/ST/STM32CubeIDE_1.18.0/STM32CubeIDE/plugins/com.st.stm32cube.ide.mcu.externaltools.gnu-tools-for-stm32.13.3.rel1.win32_1.0.0.202411081344/tools/bin/../lib/gcc/arm-none-eabi/13.3.1/thumb/v7e-m+dp/hard/crtend.o
LOAD C:/ST/STM32CubeIDE_1.18.0/STM32CubeIDE/plugins/com.st.stm32cube.ide.mcu.externaltools.gnu-tools-for-stm32.13.3.rel1.win32_1.0.0.202411081344/tools/bin/../lib/gcc/arm-none-eabi/13.3.1/thumb/v7e-m+dp/hard/crtn.o
                0x24080000                        _estack = (ORIGIN (RAM_D1) + LENGTH (RAM_D1))
                0x00000200                        _Min_Heap_Size = 0x200
                0x00000400                        _Min_Stack_Size = 0x400

.isr_vector     0x08000000      0x298
                0x08000000                        . = ALIGN (0x4)
 *(.isr_vector)
 .isr_vector    0x08000000      0x298 ./Core/Startup/startup_stm32h743vitx.o
                0x08000000                g_pfnVectors
                0x08000298                        . = ALIGN (0x4)

.text           0x080002a0     0xaf34
                0x080002a0                        . = ALIGN (0x4)
 *(.text)
 .text          0x080002a0       0x40 C:/ST/STM32CubeIDE_1.18.0/STM32CubeIDE/plugins/com.st.stm32cube.ide.mcu.externaltools.gnu-tools-for-stm32.13.3.rel1.win32_1.0.0.202411081344/tools/bin/../lib/gcc/arm-none-eabi/13.3.1/thumb/v7e-m+dp/hard/crtbegin.o
 .text          0x080002e0       0x10 C:/ST/STM32CubeIDE_1.18.0/STM32CubeIDE/plugins/com.st.stm32cube.ide.mcu.externaltools.gnu-tools-for-stm32.13.3.rel1.win32_1.0.0.202411081344/tools/bin/../lib/gcc/arm-none-eabi/13.3.1/../../../../arm-none-eabi/lib/thumb/v7e-m+dp/hard\libc_nano.a(libc_a-strlen.o)
                0x080002e0                strlen
 .text          0x080002f0       0xa0 C:/ST/STM32CubeIDE_1.18.0/STM32CubeIDE/plugins/com.st.stm32cube.ide.mcu.externaltools.gnu-tools-for-stm32.13.3.rel1.win32_1.0.0.202411081344/tools/bin/../lib/gcc/arm-none-eabi/13.3.1/../../../../arm-none-eabi/lib/thumb/v7e-m+dp/hard\libc_nano.a(libc_a-memchr.o)
                0x080002f0                memchr
 .text          0x08000390       0x30 C:/ST/STM32CubeIDE_1.18.0/STM32CubeIDE/plugins/com.st.stm32cube.ide.mcu.externaltools.gnu-tools-for-stm32.13.3.rel1.win32_1.0.0.202411081344/tools/bin/../lib/gcc/arm-none-eabi/13.3.1/thumb/v7e-m+dp/hard\libgcc.a(_aeabi_uldivmod.o)
                0x08000390                __aeabi_uldivmod
 .text          0x080003c0      0x2f8 C:/ST/STM32CubeIDE_1.18.0/STM32CubeIDE/plugins/com.st.stm32cube.ide.mcu.externaltools.gnu-tools-for-stm32.13.3.rel1.win32_1.0.0.202411081344/tools/bin/../lib/gcc/arm-none-eabi/13.3.1/thumb/v7e-m+dp/hard\libgcc.a(_udivmoddi4.o)
                0x080003c0                __udivmoddi4
 .text          0x080006b8        0x4 C:/ST/STM32CubeIDE_1.18.0/STM32CubeIDE/plugins/com.st.stm32cube.ide.mcu.externaltools.gnu-tools-for-stm32.13.3.rel1.win32_1.0.0.202411081344/tools/bin/../lib/gcc/arm-none-eabi/13.3.1/thumb/v7e-m+dp/hard\libgcc.a(_dvmd_tls.o)
                0x080006b8                __aeabi_idiv0
                0x080006b8                __aeabi_ldiv0
 *(.text*)
 .text.LCD_IO_DmaTxCpltCallback
                0x080006bc        0x2 ./BSP/ILI9488/lcd_io_spi_hal.o
                0x080006bc                LCD_IO_DmaTxCpltCallback
 *fill*         0x080006be        0x2 
 .text.HAL_SPI_TxCpltCallback
                0x080006c0       0x84 ./BSP/ILI9488/lcd_io_spi_hal.o
                0x080006c0                HAL_SPI_TxCpltCallback
 .text.MX_ADC3_Init
                0x08000744       0x98 ./Core/Src/adc.o
                0x08000744                MX_ADC3_Init
 .text.HAL_ADC_MspInit
                0x080007dc       0xa8 ./Core/Src/adc.o
                0x080007dc                HAL_ADC_MspInit
 .text.HAL_ADC_ConvCpltCallback
                0x08000884       0x1c ./Core/Src/adc.o
                0x08000884                HAL_ADC_ConvCpltCallback
 .text.HAL_ADC_ErrorCallback
                0x080008a0       0x30 ./Core/Src/adc.o
                0x080008a0                HAL_ADC_ErrorCallback
 .text.CalcTemperature
                0x080008d0       0x90 ./Core/Src/adc.o
                0x080008d0                CalcTemperature
 .text.MX_BDMA_Init
                0x08000960       0x38 ./Core/Src/bdma.o
                0x08000960                MX_BDMA_Init
 .text.MX_DCMI_Init
                0x08000998       0x38 ./Core/Src/dcmi.o
                0x08000998                MX_DCMI_Init
 .text.HAL_DCMI_MspInit
                0x080009d0      0x174 ./Core/Src/dcmi.o
                0x080009d0                HAL_DCMI_MspInit
 .text.MX_DMA_Init
                0x08000b44       0x48 ./Core/Src/dma.o
                0x08000b44                MX_DMA_Init
 .text.MX_DMA2D_Init
                0x08000b8c       0x44 ./Core/Src/dma2d.o
                0x08000b8c                MX_DMA2D_Init
 .text.HAL_DMA2D_MspInit
                0x08000bd0       0x48 ./Core/Src/dma2d.o
                0x08000bd0                HAL_DMA2D_MspInit
 .text.MX_GPIO_Init
                0x08000c18      0x148 ./Core/Src/gpio.o
                0x08000c18                MX_GPIO_Init
 .text.lcd_send_cmd
                0x08000d60       0x44 ./Core/Src/i2c-lcd.o
                0x08000d60                lcd_send_cmd
 .text.lcd_send_data
                0x08000da4       0x44 ./Core/Src/i2c-lcd.o
                0x08000da4                lcd_send_data
 .text.lcd_put_cur
                0x08000de8       0x18 ./Core/Src/i2c-lcd.o
                0x08000de8                lcd_put_cur
 .text.lcd_init
                0x08000e00       0x78 ./Core/Src/i2c-lcd.o
                0x08000e00                lcd_init
 .text.lcd_send_string
                0x08000e78       0x12 ./Core/Src/i2c-lcd.o
                0x08000e78                lcd_send_string
 *fill*         0x08000e8a        0x2 
 .text.MX_I2C1_Init
                0x08000e8c       0x58 ./Core/Src/i2c.o
                0x08000e8c                MX_I2C1_Init
 .text.MX_I2C2_Init
                0x08000ee4       0x58 ./Core/Src/i2c.o
                0x08000ee4                MX_I2C2_Init
 .text.HAL_I2C_MspInit
                0x08000f3c      0x10c ./Core/Src/i2c.o
                0x08000f3c                HAL_I2C_MspInit
 .text.SystemClock_Config
                0x08001048       0xd4 ./Core/Src/main.o
                0x08001048                SystemClock_Config
 .text.startup.main
                0x0800111c      0x19c ./Core/Src/main.o
                0x0800111c                main
 .text.DebugMain
                0x080012b8        0x2 ./Core/Src/main.o
                0x080012b8                DebugMain
 *fill*         0x080012ba        0x2 
 .text.HAL_TIM_PeriodElapsedCallback
                0x080012bc       0x14 ./Core/Src/main.o
                0x080012bc                HAL_TIM_PeriodElapsedCallback
 .text.Error_Handler
                0x080012d0        0x4 ./Core/Src/main.o
                0x080012d0                Error_Handler
 .text.MX_QUADSPI_Init
                0x080012d4       0x38 ./Core/Src/quadspi.o
                0x080012d4                MX_QUADSPI_Init
 .text.HAL_QSPI_MspInit
                0x0800130c      0x118 ./Core/Src/quadspi.o
                0x0800130c                HAL_QSPI_MspInit
 .text.MX_SPI2_Init
                0x08001424       0x64 ./Core/Src/spi.o
                0x08001424                MX_SPI2_Init
 .text.HAL_SPI_MspInit
                0x08001488       0xe0 ./Core/Src/spi.o
                0x08001488                HAL_SPI_MspInit
 .text.HAL_MspInit
                0x08001568       0x24 ./Core/Src/stm32h7xx_hal_msp.o
                0x08001568                HAL_MspInit
 .text.HAL_InitTick
                0x0800158c       0x90 ./Core/Src/stm32h7xx_hal_timebase_tim.o
                0x0800158c                HAL_InitTick
 .text.NMI_Handler
                0x0800161c        0x2 ./Core/Src/stm32h7xx_it.o
                0x0800161c                NMI_Handler
 .text.HardFault_Handler
                0x0800161e        0x2 ./Core/Src/stm32h7xx_it.o
                0x0800161e                HardFault_Handler
 .text.MemManage_Handler
                0x08001620        0x2 ./Core/Src/stm32h7xx_it.o
                0x08001620                MemManage_Handler
 .text.BusFault_Handler
                0x08001622        0x2 ./Core/Src/stm32h7xx_it.o
                0x08001622                BusFault_Handler
 .text.UsageFault_Handler
                0x08001624        0x2 ./Core/Src/stm32h7xx_it.o
                0x08001624                UsageFault_Handler
 .text.SVC_Handler
                0x08001626        0x2 ./Core/Src/stm32h7xx_it.o
                0x08001626                SVC_Handler
 .text.DebugMon_Handler
                0x08001628        0x2 ./Core/Src/stm32h7xx_it.o
                0x08001628                DebugMon_Handler
 .text.PendSV_Handler
                0x0800162a        0x2 ./Core/Src/stm32h7xx_it.o
                0x0800162a                PendSV_Handler
 .text.SysTick_Handler
                0x0800162c        0x2 ./Core/Src/stm32h7xx_it.o
                0x0800162c                SysTick_Handler
 *fill*         0x0800162e        0x2 
 .text.DMA1_Stream0_IRQHandler
                0x08001630        0xc ./Core/Src/stm32h7xx_it.o
                0x08001630                DMA1_Stream0_IRQHandler
 .text.DMA1_Stream1_IRQHandler
                0x0800163c        0xc ./Core/Src/stm32h7xx_it.o
                0x0800163c                DMA1_Stream1_IRQHandler
 .text.TIM1_UP_IRQHandler
                0x08001648        0xc ./Core/Src/stm32h7xx_it.o
                0x08001648                TIM1_UP_IRQHandler
 .text.SPI2_IRQHandler
                0x08001654        0xc ./Core/Src/stm32h7xx_it.o
                0x08001654                SPI2_IRQHandler
 .text.DMA2D_IRQHandler
                0x08001660        0xc ./Core/Src/stm32h7xx_it.o
                0x08001660                DMA2D_IRQHandler
 .text.OTG_FS_IRQHandler
                0x0800166c        0xc ./Core/Src/stm32h7xx_it.o
                0x0800166c                OTG_FS_IRQHandler
 .text.BDMA_Channel0_IRQHandler
                0x08001678        0xc ./Core/Src/stm32h7xx_it.o
                0x08001678                BDMA_Channel0_IRQHandler
 .text._sbrk    0x08001684       0x40 ./Core/Src/sysmem.o
                0x08001684                _sbrk
 .text.SystemInit
                0x080016c4       0xe4 ./Core/Src/system_stm32h7xx.o
                0x080016c4                SystemInit
 .text.ExitRun0Mode
                0x080017a8       0x18 ./Core/Src/system_stm32h7xx.o
                0x080017a8                ExitRun0Mode
 .text.MX_USART1_UART_Init
                0x080017c0       0x64 ./Core/Src/usart.o
                0x080017c0                MX_USART1_UART_Init
 .text.HAL_UART_MspInit
                0x08001824       0x94 ./Core/Src/usart.o
                0x08001824                HAL_UART_MspInit
 .text.Reset_Handler
                0x080018b8       0x54 ./Core/Startup/startup_stm32h743vitx.o
                0x080018b8                Reset_Handler
 .text.Default_Handler
                0x0800190c        0x2 ./Core/Startup/startup_stm32h743vitx.o
                0x0800190c                RTC_Alarm_IRQHandler
                0x0800190c                EXTI2_IRQHandler
                0x0800190c                TIM8_CC_IRQHandler
                0x0800190c                HRTIM1_Master_IRQHandler
                0x0800190c                UART8_IRQHandler
                0x0800190c                SPI4_IRQHandler
                0x0800190c                TIM1_CC_IRQHandler
                0x0800190c                BDMA_Channel6_IRQHandler
                0x0800190c                DMA2_Stream5_IRQHandler
                0x0800190c                HRTIM1_FLT_IRQHandler
                0x0800190c                JPEG_IRQHandler
                0x0800190c                DMA1_Stream5_IRQHandler
                0x0800190c                BDMA_Channel1_IRQHandler
                0x0800190c                HRTIM1_TIMD_IRQHandler
                0x0800190c                TAMP_STAMP_IRQHandler
                0x0800190c                EXTI3_IRQHandler
                0x0800190c                LPTIM4_IRQHandler
                0x0800190c                TIM8_TRG_COM_TIM14_IRQHandler
                0x0800190c                LPTIM2_IRQHandler
                0x0800190c                DFSDM1_FLT1_IRQHandler
                0x0800190c                DMAMUX2_OVR_IRQHandler
                0x0800190c                TIM8_UP_TIM13_IRQHandler
                0x0800190c                I2C3_ER_IRQHandler
                0x0800190c                DFSDM1_FLT2_IRQHandler
                0x0800190c                MDMA_IRQHandler
                0x0800190c                LPTIM3_IRQHandler
                0x0800190c                HSEM1_IRQHandler
                0x0800190c                EXTI0_IRQHandler
                0x0800190c                I2C2_EV_IRQHandler
                0x0800190c                DMA1_Stream2_IRQHandler
                0x0800190c                FPU_IRQHandler
                0x0800190c                OTG_HS_WKUP_IRQHandler
                0x0800190c                FDCAN1_IT1_IRQHandler
                0x0800190c                LTDC_ER_IRQHandler
                0x0800190c                DMA2_Stream2_IRQHandler
                0x0800190c                HRTIM1_TIME_IRQHandler
                0x0800190c                SPI1_IRQHandler
                0x0800190c                TIM6_DAC_IRQHandler
                0x0800190c                DCMI_IRQHandler
                0x0800190c                HRTIM1_TIMC_IRQHandler
                0x0800190c                DMA2_Stream3_IRQHandler
                0x0800190c                SAI2_IRQHandler
                0x0800190c                DFSDM1_FLT3_IRQHandler
                0x0800190c                USART6_IRQHandler
                0x0800190c                TIM17_IRQHandler
                0x0800190c                USART3_IRQHandler
                0x0800190c                BDMA_Channel7_IRQHandler
                0x0800190c                LPTIM5_IRQHandler
                0x0800190c                UART5_IRQHandler
                0x0800190c                ADC3_IRQHandler
                0x0800190c                DMA2_Stream0_IRQHandler
                0x0800190c                TIM4_IRQHandler
                0x0800190c                BDMA_Channel2_IRQHandler
                0x0800190c                QUADSPI_IRQHandler
                0x0800190c                I2C1_EV_IRQHandler
                0x0800190c                DMA1_Stream6_IRQHandler
                0x0800190c                DMAMUX1_OVR_IRQHandler
                0x0800190c                TIM16_IRQHandler
                0x0800190c                UART4_IRQHandler
                0x0800190c                BDMA_Channel5_IRQHandler
                0x0800190c                TIM3_IRQHandler
                0x0800190c                RCC_IRQHandler
                0x0800190c                TIM8_BRK_TIM12_IRQHandler
                0x0800190c                TIM1_TRG_COM_IRQHandler
                0x0800190c                Default_Handler
                0x0800190c                ECC_IRQHandler
                0x0800190c                CEC_IRQHandler
                0x0800190c                EXTI15_10_IRQHandler
                0x0800190c                ADC_IRQHandler
                0x0800190c                DMA1_Stream7_IRQHandler
                0x0800190c                HRTIM1_TIMA_IRQHandler
                0x0800190c                SPI5_IRQHandler
                0x0800190c                TIM7_IRQHandler
                0x0800190c                SDMMC1_IRQHandler
                0x0800190c                TIM5_IRQHandler
                0x0800190c                DMA2_Stream7_IRQHandler
                0x0800190c                TIM15_IRQHandler
                0x0800190c                PVD_AVD_IRQHandler
                0x0800190c                I2C3_EV_IRQHandler
                0x0800190c                EXTI9_5_IRQHandler
                0x0800190c                RTC_WKUP_IRQHandler
                0x0800190c                LTDC_IRQHandler
                0x0800190c                SAI3_IRQHandler
                0x0800190c                ETH_WKUP_IRQHandler
                0x0800190c                SPDIF_RX_IRQHandler
                0x0800190c                OTG_HS_EP1_IN_IRQHandler
                0x0800190c                CRS_IRQHandler
                0x0800190c                EXTI4_IRQHandler
                0x0800190c                RNG_IRQHandler
                0x0800190c                HRTIM1_TIMB_IRQHandler
                0x0800190c                FDCAN2_IT1_IRQHandler
                0x0800190c                ETH_IRQHandler
                0x0800190c                BDMA_Channel4_IRQHandler
                0x0800190c                OTG_HS_EP1_OUT_IRQHandler
                0x0800190c                WWDG_IRQHandler
                0x0800190c                SPI6_IRQHandler
                0x0800190c                MDIOS_IRQHandler
                0x0800190c                I2C4_EV_IRQHandler
                0x0800190c                FDCAN2_IT0_IRQHandler
                0x0800190c                LPUART1_IRQHandler
                0x0800190c                FDCAN1_IT0_IRQHandler
                0x0800190c                TIM2_IRQHandler
                0x0800190c                OTG_FS_WKUP_IRQHandler
                0x0800190c                OTG_HS_IRQHandler
                0x0800190c                TIM1_BRK_IRQHandler
                0x0800190c                EXTI1_IRQHandler
                0x0800190c                SDMMC2_IRQHandler
                0x0800190c                OTG_FS_EP1_OUT_IRQHandler
                0x0800190c                BDMA_Channel3_IRQHandler
                0x0800190c                UART7_IRQHandler
                0x0800190c                MDIOS_WKUP_IRQHandler
                0x0800190c                USART2_IRQHandler
                0x0800190c                DFSDM1_FLT0_IRQHandler
                0x0800190c                SAI4_IRQHandler
                0x0800190c                I2C2_ER_IRQHandler
                0x0800190c                DMA2_Stream1_IRQHandler
                0x0800190c                FLASH_IRQHandler
                0x0800190c                DMA2_Stream4_IRQHandler
                0x0800190c                USART1_IRQHandler
                0x0800190c                SPI3_IRQHandler
                0x0800190c                WAKEUP_PIN_IRQHandler
                0x0800190c                DMA1_Stream4_IRQHandler
                0x0800190c                OTG_FS_EP1_IN_IRQHandler
                0x0800190c                I2C1_ER_IRQHandler
                0x0800190c                FMC_IRQHandler
                0x0800190c                FDCAN_CAL_IRQHandler
                0x0800190c                SWPMI1_IRQHandler
                0x0800190c                COMP1_IRQHandler
                0x0800190c                LPTIM1_IRQHandler
                0x0800190c                I2C4_ER_IRQHandler
                0x0800190c                DMA2_Stream6_IRQHandler
                0x0800190c                SAI1_IRQHandler
                0x0800190c                DMA1_Stream3_IRQHandler
 *fill*         0x0800190e        0x2 
 .text.HAL_Init
                0x08001910       0x5c ./Drivers/STM32H7xx_HAL_Driver/Src/stm32h7xx_hal.o
                0x08001910                HAL_Init
 .text.HAL_IncTick
                0x0800196c       0x18 ./Drivers/STM32H7xx_HAL_Driver/Src/stm32h7xx_hal.o
                0x0800196c                HAL_IncTick
 .text.HAL_GetTick
                0x08001984        0xc ./Drivers/STM32H7xx_HAL_Driver/Src/stm32h7xx_hal.o
                0x08001984                HAL_GetTick
 .text.HAL_Delay
                0x08001990       0x24 ./Drivers/STM32H7xx_HAL_Driver/Src/stm32h7xx_hal.o
                0x08001990                HAL_Delay
 .text.HAL_GetREVID
                0x080019b4        0xc ./Drivers/STM32H7xx_HAL_Driver/Src/stm32h7xx_hal.o
                0x080019b4                HAL_GetREVID
 .text.HAL_SYSCFG_AnalogSwitchConfig
                0x080019c0       0x14 ./Drivers/STM32H7xx_HAL_Driver/Src/stm32h7xx_hal.o
                0x080019c0                HAL_SYSCFG_AnalogSwitchConfig
 .text.LL_ADC_IsEnabled
                0x080019d4        0x8 ./Drivers/STM32H7xx_HAL_Driver/Src/stm32h7xx_hal_adc.o
 .text.LL_ADC_REG_IsConversionOngoing
                0x080019dc        0x8 ./Drivers/STM32H7xx_HAL_Driver/Src/stm32h7xx_hal_adc.o
 .text.HAL_ADC_ConvHalfCpltCallback
                0x080019e4        0x2 ./Drivers/STM32H7xx_HAL_Driver/Src/stm32h7xx_hal_adc.o
                0x080019e4                HAL_ADC_ConvHalfCpltCallback
 .text.ADC_DMAHalfConvCplt
                0x080019e6        0xa ./Drivers/STM32H7xx_HAL_Driver/Src/stm32h7xx_hal_adc.o
                0x080019e6                ADC_DMAHalfConvCplt
 .text.ADC_DMAConvCplt
                0x080019f0       0x68 ./Drivers/STM32H7xx_HAL_Driver/Src/stm32h7xx_hal_adc.o
                0x080019f0                ADC_DMAConvCplt
 .text.ADC_DMAError
                0x08001a58       0x1a ./Drivers/STM32H7xx_HAL_Driver/Src/stm32h7xx_hal_adc.o
                0x08001a58                ADC_DMAError
 *fill*         0x08001a72        0x2 
 .text.HAL_ADC_ConfigChannel
                0x08001a74      0x3fc ./Drivers/STM32H7xx_HAL_Driver/Src/stm32h7xx_hal_adc.o
                0x08001a74                HAL_ADC_ConfigChannel
 .text.ADC_ConversionStop
                0x08001e70       0xcc ./Drivers/STM32H7xx_HAL_Driver/Src/stm32h7xx_hal_adc.o
                0x08001e70                ADC_ConversionStop
 .text.ADC_Enable
                0x08001f3c       0xac ./Drivers/STM32H7xx_HAL_Driver/Src/stm32h7xx_hal_adc.o
                0x08001f3c                ADC_Enable
 .text.HAL_ADC_Start_DMA
                0x08001fe8      0x110 ./Drivers/STM32H7xx_HAL_Driver/Src/stm32h7xx_hal_adc.o
                0x08001fe8                HAL_ADC_Start_DMA
 .text.ADC_Disable
                0x080020f8       0x6a ./Drivers/STM32H7xx_HAL_Driver/Src/stm32h7xx_hal_adc.o
                0x080020f8                ADC_Disable
 .text.HAL_ADC_Stop_DMA
                0x08002162       0x7c ./Drivers/STM32H7xx_HAL_Driver/Src/stm32h7xx_hal_adc.o
                0x08002162                HAL_ADC_Stop_DMA
 *fill*         0x080021de        0x2 
 .text.ADC_ConfigureBoostMode
                0x080021e0      0x12c ./Drivers/STM32H7xx_HAL_Driver/Src/stm32h7xx_hal_adc.o
                0x080021e0                ADC_ConfigureBoostMode
 .text.HAL_ADC_Init
                0x0800230c      0x210 ./Drivers/STM32H7xx_HAL_Driver/Src/stm32h7xx_hal_adc.o
                0x0800230c                HAL_ADC_Init
 .text.HAL_NVIC_SetPriorityGrouping
                0x0800251c       0x24 ./Drivers/STM32H7xx_HAL_Driver/Src/stm32h7xx_hal_cortex.o
                0x0800251c                HAL_NVIC_SetPriorityGrouping
 .text.HAL_NVIC_SetPriority
                0x08002540       0x64 ./Drivers/STM32H7xx_HAL_Driver/Src/stm32h7xx_hal_cortex.o
                0x08002540                HAL_NVIC_SetPriority
 .text.HAL_NVIC_EnableIRQ
                0x080025a4       0x1c ./Drivers/STM32H7xx_HAL_Driver/Src/stm32h7xx_hal_cortex.o
                0x080025a4                HAL_NVIC_EnableIRQ
 .text.HAL_MPU_Disable
                0x080025c0       0x1c ./Drivers/STM32H7xx_HAL_Driver/Src/stm32h7xx_hal_cortex.o
                0x080025c0                HAL_MPU_Disable
 .text.HAL_MPU_Enable
                0x080025dc       0x20 ./Drivers/STM32H7xx_HAL_Driver/Src/stm32h7xx_hal_cortex.o
                0x080025dc                HAL_MPU_Enable
 .text.HAL_MPU_ConfigRegion
                0x080025fc       0x58 ./Drivers/STM32H7xx_HAL_Driver/Src/stm32h7xx_hal_cortex.o
                0x080025fc                HAL_MPU_ConfigRegion
 .text.HAL_DCMI_Init
                0x08002654       0x90 ./Drivers/STM32H7xx_HAL_Driver/Src/stm32h7xx_hal_dcmi.o
                0x08002654                HAL_DCMI_Init
 .text.DMA_SetConfig
                0x080026e4      0x14c ./Drivers/STM32H7xx_HAL_Driver/Src/stm32h7xx_hal_dma.o
 .text.DMA_CalcBaseAndBitshift
                0x08002830       0x9c ./Drivers/STM32H7xx_HAL_Driver/Src/stm32h7xx_hal_dma.o
 .text.DMA_CalcDMAMUXChannelBaseAndMask
                0x080028cc       0x94 ./Drivers/STM32H7xx_HAL_Driver/Src/stm32h7xx_hal_dma.o
 .text.DMA_CalcDMAMUXRequestGenBaseAndMask
                0x08002960       0x70 ./Drivers/STM32H7xx_HAL_Driver/Src/stm32h7xx_hal_dma.o
 .text.HAL_DMA_Init
                0x080029d0      0x330 ./Drivers/STM32H7xx_HAL_Driver/Src/stm32h7xx_hal_dma.o
                0x080029d0                HAL_DMA_Init
 .text.HAL_DMA_Start_IT
                0x08002d00      0x1d8 ./Drivers/STM32H7xx_HAL_Driver/Src/stm32h7xx_hal_dma.o
                0x08002d00                HAL_DMA_Start_IT
 .text.HAL_DMA_Abort
                0x08002ed8      0x228 ./Drivers/STM32H7xx_HAL_Driver/Src/stm32h7xx_hal_dma.o
                0x08002ed8                HAL_DMA_Abort
 .text.HAL_DMA_Abort_IT
                0x08003100      0x120 ./Drivers/STM32H7xx_HAL_Driver/Src/stm32h7xx_hal_dma.o
                0x08003100                HAL_DMA_Abort_IT
 .text.HAL_DMA_IRQHandler
                0x08003220      0x3a0 ./Drivers/STM32H7xx_HAL_Driver/Src/stm32h7xx_hal_dma.o
                0x08003220                HAL_DMA_IRQHandler
 .text.HAL_DMA_GetError
                0x080035c0        0x4 ./Drivers/STM32H7xx_HAL_Driver/Src/stm32h7xx_hal_dma.o
                0x080035c0                HAL_DMA_GetError
 .text.HAL_DMA2D_Init
                0x080035c4       0x7a ./Drivers/STM32H7xx_HAL_Driver/Src/stm32h7xx_hal_dma2d.o
                0x080035c4                HAL_DMA2D_Init
 .text.HAL_DMA2D_LineEventCallback
                0x0800363e        0x2 ./Drivers/STM32H7xx_HAL_Driver/Src/stm32h7xx_hal_dma2d.o
                0x0800363e                HAL_DMA2D_LineEventCallback
 .text.HAL_DMA2D_CLUTLoadingCpltCallback
                0x08003640        0x2 ./Drivers/STM32H7xx_HAL_Driver/Src/stm32h7xx_hal_dma2d.o
                0x08003640                HAL_DMA2D_CLUTLoadingCpltCallback
 .text.HAL_DMA2D_IRQHandler
                0x08003642      0x114 ./Drivers/STM32H7xx_HAL_Driver/Src/stm32h7xx_hal_dma2d.o
                0x08003642                HAL_DMA2D_IRQHandler
 *fill*         0x08003756        0x2 
 .text.HAL_DMA2D_ConfigLayer
                0x08003758       0xc0 ./Drivers/STM32H7xx_HAL_Driver/Src/stm32h7xx_hal_dma2d.o
                0x08003758                HAL_DMA2D_ConfigLayer
 .text.HAL_GPIO_Init
                0x08003818      0x1d0 ./Drivers/STM32H7xx_HAL_Driver/Src/stm32h7xx_hal_gpio.o
                0x08003818                HAL_GPIO_Init
 .text.HAL_GPIO_WritePin
                0x080039e8        0xa ./Drivers/STM32H7xx_HAL_Driver/Src/stm32h7xx_hal_gpio.o
                0x080039e8                HAL_GPIO_WritePin
 .text.I2C_Flush_TXDR
                0x080039f2       0x1c ./Drivers/STM32H7xx_HAL_Driver/Src/stm32h7xx_hal_i2c.o
 *fill*         0x08003a0e        0x2 
 .text.I2C_TransferConfig
                0x08003a10       0x2c ./Drivers/STM32H7xx_HAL_Driver/Src/stm32h7xx_hal_i2c.o
 .text.I2C_IsErrorOccurred
                0x08003a3c      0x100 ./Drivers/STM32H7xx_HAL_Driver/Src/stm32h7xx_hal_i2c.o
 .text.I2C_WaitOnTXISFlagUntilTimeout
                0x08003b3c       0x56 ./Drivers/STM32H7xx_HAL_Driver/Src/stm32h7xx_hal_i2c.o
 .text.I2C_WaitOnFlagUntilTimeout
                0x08003b92       0x76 ./Drivers/STM32H7xx_HAL_Driver/Src/stm32h7xx_hal_i2c.o
 .text.I2C_WaitOnSTOPFlagUntilTimeout
                0x08003c08       0x52 ./Drivers/STM32H7xx_HAL_Driver/Src/stm32h7xx_hal_i2c.o
 .text.HAL_I2C_Init
                0x08003c5a       0xaa ./Drivers/STM32H7xx_HAL_Driver/Src/stm32h7xx_hal_i2c.o
                0x08003c5a                HAL_I2C_Init
 .text.HAL_I2C_Master_Transmit
                0x08003d04      0x15c ./Drivers/STM32H7xx_HAL_Driver/Src/stm32h7xx_hal_i2c.o
                0x08003d04                HAL_I2C_Master_Transmit
 .text.HAL_I2CEx_ConfigAnalogFilter
                0x08003e60       0x4c ./Drivers/STM32H7xx_HAL_Driver/Src/stm32h7xx_hal_i2c_ex.o
                0x08003e60                HAL_I2CEx_ConfigAnalogFilter
 .text.HAL_I2CEx_ConfigDigitalFilter
                0x08003eac       0x4a ./Drivers/STM32H7xx_HAL_Driver/Src/stm32h7xx_hal_i2c_ex.o
                0x08003eac                HAL_I2CEx_ConfigDigitalFilter
 .text.HAL_PCD_Init
                0x08003ef6       0xda ./Drivers/STM32H7xx_HAL_Driver/Src/stm32h7xx_hal_pcd.o
                0x08003ef6                HAL_PCD_Init
 .text.HAL_PCD_Start
                0x08003fd0       0x3e ./Drivers/STM32H7xx_HAL_Driver/Src/stm32h7xx_hal_pcd.o
                0x08003fd0                HAL_PCD_Start
 .text.HAL_PCD_SetAddress
                0x0800400e       0x26 ./Drivers/STM32H7xx_HAL_Driver/Src/stm32h7xx_hal_pcd.o
                0x0800400e                HAL_PCD_SetAddress
 .text.HAL_PCD_EP_Open
                0x08004034       0x72 ./Drivers/STM32H7xx_HAL_Driver/Src/stm32h7xx_hal_pcd.o
                0x08004034                HAL_PCD_EP_Open
 .text.HAL_PCD_EP_Close
                0x080040a6       0x5c ./Drivers/STM32H7xx_HAL_Driver/Src/stm32h7xx_hal_pcd.o
                0x080040a6                HAL_PCD_EP_Close
 .text.HAL_PCD_EP_Receive
                0x08004102       0x3c ./Drivers/STM32H7xx_HAL_Driver/Src/stm32h7xx_hal_pcd.o
                0x08004102                HAL_PCD_EP_Receive
 .text.HAL_PCD_EP_GetRxCount
                0x0800413e       0x10 ./Drivers/STM32H7xx_HAL_Driver/Src/stm32h7xx_hal_pcd.o
                0x0800413e                HAL_PCD_EP_GetRxCount
 .text.HAL_PCD_EP_Transmit
                0x0800414e       0x34 ./Drivers/STM32H7xx_HAL_Driver/Src/stm32h7xx_hal_pcd.o
                0x0800414e                HAL_PCD_EP_Transmit
 .text.HAL_PCD_EP_SetStall
                0x08004182       0x6e ./Drivers/STM32H7xx_HAL_Driver/Src/stm32h7xx_hal_pcd.o
                0x08004182                HAL_PCD_EP_SetStall
 .text.HAL_PCD_EP_ClrStall
                0x080041f0       0x6a ./Drivers/STM32H7xx_HAL_Driver/Src/stm32h7xx_hal_pcd.o
                0x080041f0                HAL_PCD_EP_ClrStall
 .text.HAL_PCD_EP_Abort
                0x0800425a       0x20 ./Drivers/STM32H7xx_HAL_Driver/Src/stm32h7xx_hal_pcd.o
                0x0800425a                HAL_PCD_EP_Abort
 *fill*         0x0800427a        0x2 
 .text.HAL_PCD_IRQHandler
                0x0800427c      0x6d0 ./Drivers/STM32H7xx_HAL_Driver/Src/stm32h7xx_hal_pcd.o
                0x0800427c                HAL_PCD_IRQHandler
 .text.HAL_PCDEx_SetTxFiFo
                0x0800494c       0x3e ./Drivers/STM32H7xx_HAL_Driver/Src/stm32h7xx_hal_pcd_ex.o
                0x0800494c                HAL_PCDEx_SetTxFiFo
 .text.HAL_PCDEx_SetRxFiFo
                0x0800498a        0x8 ./Drivers/STM32H7xx_HAL_Driver/Src/stm32h7xx_hal_pcd_ex.o
                0x0800498a                HAL_PCDEx_SetRxFiFo
 .text.HAL_PCDEx_ActivateLPM
                0x08004992       0x26 ./Drivers/STM32H7xx_HAL_Driver/Src/stm32h7xx_hal_pcd_ex.o
                0x08004992                HAL_PCDEx_ActivateLPM
 .text.HAL_PCDEx_LPM_Callback
                0x080049b8        0x2 ./Drivers/STM32H7xx_HAL_Driver/Src/stm32h7xx_hal_pcd_ex.o
                0x080049b8                HAL_PCDEx_LPM_Callback
 *fill*         0x080049ba        0x2 
 .text.HAL_PWREx_ConfigSupply
                0x080049bc       0x48 ./Drivers/STM32H7xx_HAL_Driver/Src/stm32h7xx_hal_pwr_ex.o
                0x080049bc                HAL_PWREx_ConfigSupply
 .text.HAL_PWREx_EnableUSBVoltageDetector
                0x08004a04       0x10 ./Drivers/STM32H7xx_HAL_Driver/Src/stm32h7xx_hal_pwr_ex.o
                0x08004a04                HAL_PWREx_EnableUSBVoltageDetector
 .text.QSPI_WaitFlagStateUntilTimeout
                0x08004a14       0x50 ./Drivers/STM32H7xx_HAL_Driver/Src/stm32h7xx_hal_qspi.o
 .text.HAL_QSPI_Init
                0x08004a64       0x98 ./Drivers/STM32H7xx_HAL_Driver/Src/stm32h7xx_hal_qspi.o
                0x08004a64                HAL_QSPI_Init
 .text.HAL_RCC_OscConfig
                0x08004afc      0x550 ./Drivers/STM32H7xx_HAL_Driver/Src/stm32h7xx_hal_rcc.o
                0x08004afc                HAL_RCC_OscConfig
 .text.HAL_RCC_MCOConfig
                0x0800504c       0x9c ./Drivers/STM32H7xx_HAL_Driver/Src/stm32h7xx_hal_rcc.o
                0x0800504c                HAL_RCC_MCOConfig
 .text.HAL_RCC_GetSysClockFreq
                0x080050e8      0x144 ./Drivers/STM32H7xx_HAL_Driver/Src/stm32h7xx_hal_rcc.o
                0x080050e8                HAL_RCC_GetSysClockFreq
 .text.HAL_RCC_ClockConfig
                0x0800522c      0x24c ./Drivers/STM32H7xx_HAL_Driver/Src/stm32h7xx_hal_rcc.o
                0x0800522c                HAL_RCC_ClockConfig
 .text.HAL_RCC_GetHCLKFreq
                0x08005478       0x44 ./Drivers/STM32H7xx_HAL_Driver/Src/stm32h7xx_hal_rcc.o
                0x08005478                HAL_RCC_GetHCLKFreq
 .text.HAL_RCC_GetPCLK1Freq
                0x080054bc       0x24 ./Drivers/STM32H7xx_HAL_Driver/Src/stm32h7xx_hal_rcc.o
                0x080054bc                HAL_RCC_GetPCLK1Freq
 .text.HAL_RCC_GetPCLK2Freq
                0x080054e0       0x24 ./Drivers/STM32H7xx_HAL_Driver/Src/stm32h7xx_hal_rcc.o
                0x080054e0                HAL_RCC_GetPCLK2Freq
 .text.HAL_RCC_GetClockConfig
                0x08005504       0x54 ./Drivers/STM32H7xx_HAL_Driver/Src/stm32h7xx_hal_rcc.o
                0x08005504                HAL_RCC_GetClockConfig
 .text.RCCEx_PLL2_Config
                0x08005558       0xec ./Drivers/STM32H7xx_HAL_Driver/Src/stm32h7xx_hal_rcc_ex.o
 .text.RCCEx_PLL3_Config
                0x08005644       0xec ./Drivers/STM32H7xx_HAL_Driver/Src/stm32h7xx_hal_rcc_ex.o
 .text.HAL_RCCEx_PeriphCLKConfig
                0x08005730      0x9cc ./Drivers/STM32H7xx_HAL_Driver/Src/stm32h7xx_hal_rcc_ex.o
                0x08005730                HAL_RCCEx_PeriphCLKConfig
 .text.HAL_RCCEx_GetD3PCLK1Freq
                0x080060fc       0x24 ./Drivers/STM32H7xx_HAL_Driver/Src/stm32h7xx_hal_rcc_ex.o
                0x080060fc                HAL_RCCEx_GetD3PCLK1Freq
 .text.HAL_RCCEx_GetPLL2ClockFreq
                0x08006120      0x154 ./Drivers/STM32H7xx_HAL_Driver/Src/stm32h7xx_hal_rcc_ex.o
                0x08006120                HAL_RCCEx_GetPLL2ClockFreq
 .text.HAL_RCCEx_GetPLL3ClockFreq
                0x08006274      0x154 ./Drivers/STM32H7xx_HAL_Driver/Src/stm32h7xx_hal_rcc_ex.o
                0x08006274                HAL_RCCEx_GetPLL3ClockFreq
 .text.HAL_RCCEx_GetPLL1ClockFreq
                0x080063c8      0x154 ./Drivers/STM32H7xx_HAL_Driver/Src/stm32h7xx_hal_rcc_ex.o
                0x080063c8                HAL_RCCEx_GetPLL1ClockFreq
 .text.HAL_RCCEx_GetPeriphCLKFreq
                0x0800651c      0x2d0 ./Drivers/STM32H7xx_HAL_Driver/Src/stm32h7xx_hal_rcc_ex.o
                0x0800651c                HAL_RCCEx_GetPeriphCLKFreq
 .text.SPI_CloseTransfer
                0x080067ec       0xac ./Drivers/STM32H7xx_HAL_Driver/Src/stm32h7xx_hal_spi.o
 .text.HAL_SPI_Init
                0x08006898      0x148 ./Drivers/STM32H7xx_HAL_Driver/Src/stm32h7xx_hal_spi.o
                0x08006898                HAL_SPI_Init
 .text.HAL_SPI_Transmit_DMA
                0x080069e0      0x164 ./Drivers/STM32H7xx_HAL_Driver/Src/stm32h7xx_hal_spi.o
                0x080069e0                HAL_SPI_Transmit_DMA
 .text.SPI_DMATransmitCplt
                0x08006b44       0x28 ./Drivers/STM32H7xx_HAL_Driver/Src/stm32h7xx_hal_spi.o
 .text.HAL_SPI_RxCpltCallback
                0x08006b6c        0x2 ./Drivers/STM32H7xx_HAL_Driver/Src/stm32h7xx_hal_spi.o
                0x08006b6c                HAL_SPI_RxCpltCallback
 .text.HAL_SPI_TxRxCpltCallback
                0x08006b6e        0x2 ./Drivers/STM32H7xx_HAL_Driver/Src/stm32h7xx_hal_spi.o
                0x08006b6e                HAL_SPI_TxRxCpltCallback
 .text.HAL_SPI_TxHalfCpltCallback
                0x08006b70        0x2 ./Drivers/STM32H7xx_HAL_Driver/Src/stm32h7xx_hal_spi.o
                0x08006b70                HAL_SPI_TxHalfCpltCallback
 .text.SPI_DMAHalfTransmitCplt
                0x08006b72        0xa ./Drivers/STM32H7xx_HAL_Driver/Src/stm32h7xx_hal_spi.o
 .text.HAL_SPI_ErrorCallback
                0x08006b7c        0x2 ./Drivers/STM32H7xx_HAL_Driver/Src/stm32h7xx_hal_spi.o
                0x08006b7c                HAL_SPI_ErrorCallback
 .text.SPI_DMAError
                0x08006b7e       0x2a ./Drivers/STM32H7xx_HAL_Driver/Src/stm32h7xx_hal_spi.o
 .text.SPI_DMAAbortOnError
                0x08006ba8       0x1a ./Drivers/STM32H7xx_HAL_Driver/Src/stm32h7xx_hal_spi.o
 .text.HAL_SPI_SuspendCallback
                0x08006bc2        0x2 ./Drivers/STM32H7xx_HAL_Driver/Src/stm32h7xx_hal_spi.o
                0x08006bc2                HAL_SPI_SuspendCallback
 .text.HAL_SPI_IRQHandler
                0x08006bc4      0x208 ./Drivers/STM32H7xx_HAL_Driver/Src/stm32h7xx_hal_spi.o
                0x08006bc4                HAL_SPI_IRQHandler
 .text.HAL_TIM_Base_MspInit
                0x08006dcc        0x2 ./Drivers/STM32H7xx_HAL_Driver/Src/stm32h7xx_hal_tim.o
                0x08006dcc                HAL_TIM_Base_MspInit
 *fill*         0x08006dce        0x2 
 .text.HAL_TIM_Base_Start_IT
                0x08006dd0       0x7c ./Drivers/STM32H7xx_HAL_Driver/Src/stm32h7xx_hal_tim.o
                0x08006dd0                HAL_TIM_Base_Start_IT
 .text.HAL_TIM_OC_DelayElapsedCallback
                0x08006e4c        0x2 ./Drivers/STM32H7xx_HAL_Driver/Src/stm32h7xx_hal_tim.o
                0x08006e4c                HAL_TIM_OC_DelayElapsedCallback
 .text.HAL_TIM_IC_CaptureCallback
                0x08006e4e        0x2 ./Drivers/STM32H7xx_HAL_Driver/Src/stm32h7xx_hal_tim.o
                0x08006e4e                HAL_TIM_IC_CaptureCallback
 .text.HAL_TIM_PWM_PulseFinishedCallback
                0x08006e50        0x2 ./Drivers/STM32H7xx_HAL_Driver/Src/stm32h7xx_hal_tim.o
                0x08006e50                HAL_TIM_PWM_PulseFinishedCallback
 .text.HAL_TIM_TriggerCallback
                0x08006e52        0x2 ./Drivers/STM32H7xx_HAL_Driver/Src/stm32h7xx_hal_tim.o
                0x08006e52                HAL_TIM_TriggerCallback
 .text.HAL_TIM_IRQHandler
                0x08006e54      0x140 ./Drivers/STM32H7xx_HAL_Driver/Src/stm32h7xx_hal_tim.o
                0x08006e54                HAL_TIM_IRQHandler
 .text.TIM_Base_SetConfig
                0x08006f94       0xa8 ./Drivers/STM32H7xx_HAL_Driver/Src/stm32h7xx_hal_tim.o
                0x08006f94                TIM_Base_SetConfig
 .text.HAL_TIM_Base_Init
                0x0800703c       0x60 ./Drivers/STM32H7xx_HAL_Driver/Src/stm32h7xx_hal_tim.o
                0x0800703c                HAL_TIM_Base_Init
 .text.HAL_TIMEx_CommutCallback
                0x0800709c        0x2 ./Drivers/STM32H7xx_HAL_Driver/Src/stm32h7xx_hal_tim_ex.o
                0x0800709c                HAL_TIMEx_CommutCallback
 .text.HAL_TIMEx_BreakCallback
                0x0800709e        0x2 ./Drivers/STM32H7xx_HAL_Driver/Src/stm32h7xx_hal_tim_ex.o
                0x0800709e                HAL_TIMEx_BreakCallback
 .text.HAL_TIMEx_Break2Callback
                0x080070a0        0x2 ./Drivers/STM32H7xx_HAL_Driver/Src/stm32h7xx_hal_tim_ex.o
                0x080070a0                HAL_TIMEx_Break2Callback
 *fill*         0x080070a2        0x2 
 .text.UART_EndRxTransfer
                0x080070a4       0x58 ./Drivers/STM32H7xx_HAL_Driver/Src/stm32h7xx_hal_uart.o
 .text.UART_SetConfig
                0x080070fc      0x2fc ./Drivers/STM32H7xx_HAL_Driver/Src/stm32h7xx_hal_uart.o
                0x080070fc                UART_SetConfig
 .text.UART_AdvFeatureConfig
                0x080073f8       0xaa ./Drivers/STM32H7xx_HAL_Driver/Src/stm32h7xx_hal_uart.o
                0x080073f8                UART_AdvFeatureConfig
 .text.UART_WaitOnFlagUntilTimeout
                0x080074a2       0x90 ./Drivers/STM32H7xx_HAL_Driver/Src/stm32h7xx_hal_uart.o
                0x080074a2                UART_WaitOnFlagUntilTimeout
 .text.HAL_UART_Transmit
                0x08007532       0xaa ./Drivers/STM32H7xx_HAL_Driver/Src/stm32h7xx_hal_uart.o
                0x08007532                HAL_UART_Transmit
 .text.UART_CheckIdleState
                0x080075dc       0xb6 ./Drivers/STM32H7xx_HAL_Driver/Src/stm32h7xx_hal_uart.o
                0x080075dc                UART_CheckIdleState
 .text.HAL_UART_Init
                0x08007692       0x60 ./Drivers/STM32H7xx_HAL_Driver/Src/stm32h7xx_hal_uart.o
                0x08007692                HAL_UART_Init
 *fill*         0x080076f2        0x2 
 .text.UARTEx_SetNbDataToProcess
                0x080076f4       0x44 ./Drivers/STM32H7xx_HAL_Driver/Src/stm32h7xx_hal_uart_ex.o
 .text.HAL_UARTEx_DisableFifoMode
                0x08007738       0x36 ./Drivers/STM32H7xx_HAL_Driver/Src/stm32h7xx_hal_uart_ex.o
                0x08007738                HAL_UARTEx_DisableFifoMode
 .text.HAL_UARTEx_SetTxFifoThreshold
                0x0800776e       0x40 ./Drivers/STM32H7xx_HAL_Driver/Src/stm32h7xx_hal_uart_ex.o
                0x0800776e                HAL_UARTEx_SetTxFifoThreshold
 .text.HAL_UARTEx_SetRxFifoThreshold
                0x080077ae       0x40 ./Drivers/STM32H7xx_HAL_Driver/Src/stm32h7xx_hal_uart_ex.o
                0x080077ae                HAL_UARTEx_SetRxFifoThreshold
 .text.USB_CoreReset
                0x080077ee       0x46 ./Drivers/STM32H7xx_HAL_Driver/Src/stm32h7xx_ll_usb.o
 .text.USB_CoreInit
                0x08007834       0x9c ./Drivers/STM32H7xx_HAL_Driver/Src/stm32h7xx_ll_usb.o
                0x08007834                USB_CoreInit
 .text.USB_SetTurnaroundTime
                0x080078d0       0xe0 ./Drivers/STM32H7xx_HAL_Driver/Src/stm32h7xx_ll_usb.o
                0x080078d0                USB_SetTurnaroundTime
 .text.USB_EnableGlobalInt
                0x080079b0        0xc ./Drivers/STM32H7xx_HAL_Driver/Src/stm32h7xx_ll_usb.o
                0x080079b0                USB_EnableGlobalInt
 .text.USB_DisableGlobalInt
                0x080079bc        0xc ./Drivers/STM32H7xx_HAL_Driver/Src/stm32h7xx_ll_usb.o
                0x080079bc                USB_DisableGlobalInt
 .text.USB_SetCurrentMode
                0x080079c8       0x5c ./Drivers/STM32H7xx_HAL_Driver/Src/stm32h7xx_ll_usb.o
                0x080079c8                USB_SetCurrentMode
 .text.USB_FlushTxFifo
                0x08007a24       0x46 ./Drivers/STM32H7xx_HAL_Driver/Src/stm32h7xx_ll_usb.o
                0x08007a24                USB_FlushTxFifo
 .text.USB_FlushRxFifo
                0x08007a6a       0x42 ./Drivers/STM32H7xx_HAL_Driver/Src/stm32h7xx_ll_usb.o
                0x08007a6a                USB_FlushRxFifo
 .text.USB_SetDevSpeed
                0x08007aac        0xe ./Drivers/STM32H7xx_HAL_Driver/Src/stm32h7xx_ll_usb.o
                0x08007aac                USB_SetDevSpeed
 *fill*         0x08007aba        0x2 
 .text.USB_DevInit
                0x08007abc      0x170 ./Drivers/STM32H7xx_HAL_Driver/Src/stm32h7xx_ll_usb.o
                0x08007abc                USB_DevInit
 .text.USB_GetDevSpeed
                0x08007c2c       0x16 ./Drivers/STM32H7xx_HAL_Driver/Src/stm32h7xx_ll_usb.o
                0x08007c2c                USB_GetDevSpeed
 .text.USB_ActivateEndpoint
                0x08007c42       0x7e ./Drivers/STM32H7xx_HAL_Driver/Src/stm32h7xx_ll_usb.o
                0x08007c42                USB_ActivateEndpoint
 .text.USB_DeactivateEndpoint
                0x08007cc0       0xac ./Drivers/STM32H7xx_HAL_Driver/Src/stm32h7xx_ll_usb.o
                0x08007cc0                USB_DeactivateEndpoint
 .text.USB_EPStopXfer
                0x08007d6c       0x84 ./Drivers/STM32H7xx_HAL_Driver/Src/stm32h7xx_ll_usb.o
                0x08007d6c                USB_EPStopXfer
 .text.USB_WritePacket
                0x08007df0       0x26 ./Drivers/STM32H7xx_HAL_Driver/Src/stm32h7xx_ll_usb.o
                0x08007df0                USB_WritePacket
 *fill*         0x08007e16        0x2 
 .text.USB_EPStartXfer
                0x08007e18      0x204 ./Drivers/STM32H7xx_HAL_Driver/Src/stm32h7xx_ll_usb.o
                0x08007e18                USB_EPStartXfer
 .text.USB_ReadPacket
                0x0800801c       0x40 ./Drivers/STM32H7xx_HAL_Driver/Src/stm32h7xx_ll_usb.o
                0x0800801c                USB_ReadPacket
 .text.USB_EPSetStall
                0x0800805c       0x56 ./Drivers/STM32H7xx_HAL_Driver/Src/stm32h7xx_ll_usb.o
                0x0800805c                USB_EPSetStall
 .text.USB_EPClearStall
                0x080080b2       0x52 ./Drivers/STM32H7xx_HAL_Driver/Src/stm32h7xx_ll_usb.o
                0x080080b2                USB_EPClearStall
 .text.USB_SetDevAddress
                0x08008104       0x20 ./Drivers/STM32H7xx_HAL_Driver/Src/stm32h7xx_ll_usb.o
                0x08008104                USB_SetDevAddress
 .text.USB_DevConnect
                0x08008124       0x1c ./Drivers/STM32H7xx_HAL_Driver/Src/stm32h7xx_ll_usb.o
                0x08008124                USB_DevConnect
 .text.USB_DevDisconnect
                0x08008140       0x1c ./Drivers/STM32H7xx_HAL_Driver/Src/stm32h7xx_ll_usb.o
                0x08008140                USB_DevDisconnect
 .text.USB_ReadInterrupts
                0x0800815c        0x8 ./Drivers/STM32H7xx_HAL_Driver/Src/stm32h7xx_ll_usb.o
                0x0800815c                USB_ReadInterrupts
 .text.USB_ReadDevAllOutEpInterrupt
                0x08008164       0x10 ./Drivers/STM32H7xx_HAL_Driver/Src/stm32h7xx_ll_usb.o
                0x08008164                USB_ReadDevAllOutEpInterrupt
 .text.USB_ReadDevAllInEpInterrupt
                0x08008174       0x10 ./Drivers/STM32H7xx_HAL_Driver/Src/stm32h7xx_ll_usb.o
                0x08008174                USB_ReadDevAllInEpInterrupt
 .text.USB_ReadDevOutEPInterrupt
                0x08008184       0x12 ./Drivers/STM32H7xx_HAL_Driver/Src/stm32h7xx_ll_usb.o
                0x08008184                USB_ReadDevOutEPInterrupt
 .text.USB_ReadDevInEPInterrupt
                0x08008196       0x22 ./Drivers/STM32H7xx_HAL_Driver/Src/stm32h7xx_ll_usb.o
                0x08008196                USB_ReadDevInEPInterrupt
 .text.USB_GetMode
                0x080081b8        0x8 ./Drivers/STM32H7xx_HAL_Driver/Src/stm32h7xx_ll_usb.o
                0x080081b8                USB_GetMode
 .text.USB_ActivateSetup
                0x080081c0       0x1c ./Drivers/STM32H7xx_HAL_Driver/Src/stm32h7xx_ll_usb.o
                0x080081c0                USB_ActivateSetup
 .text.USB_EP0_OutStart
                0x080081dc       0x4c ./Drivers/STM32H7xx_HAL_Driver/Src/stm32h7xx_ll_usb.o
                0x080081dc                USB_EP0_OutStart
 .text.USBD_CDC_EP0_RxReady
                0x08008228       0x38 ./Middlewares/ST/STM32_USB_Device_Library/Class/CDC/Src/usbd_cdc.o
 .text.USBD_CDC_GetDeviceQualifierDescriptor
                0x08008260        0xc ./Middlewares/ST/STM32_USB_Device_Library/Class/CDC/Src/usbd_cdc.o
                0x08008260                USBD_CDC_GetDeviceQualifierDescriptor
 .text.USBD_CDC_GetFSCfgDesc
                0x0800826c       0x48 ./Middlewares/ST/STM32_USB_Device_Library/Class/CDC/Src/usbd_cdc.o
 .text.USBD_CDC_GetOtherSpeedCfgDesc
                0x080082b4        0x4 ./Middlewares/ST/STM32_USB_Device_Library/Class/CDC/Src/usbd_cdc.o
 .text.USBD_CDC_GetHSCfgDesc
                0x080082b8       0x48 ./Middlewares/ST/STM32_USB_Device_Library/Class/CDC/Src/usbd_cdc.o
 .text.USBD_CDC_DataOut
                0x08008300       0x38 ./Middlewares/ST/STM32_USB_Device_Library/Class/CDC/Src/usbd_cdc.o
 .text.USBD_CDC_DataIn
                0x08008338       0x64 ./Middlewares/ST/STM32_USB_Device_Library/Class/CDC/Src/usbd_cdc.o
 .text.USBD_CDC_Setup
                0x0800839c       0xf0 ./Middlewares/ST/STM32_USB_Device_Library/Class/CDC/Src/usbd_cdc.o
 .text.USBD_CDC_DeInit
                0x0800848c       0x5a ./Middlewares/ST/STM32_USB_Device_Library/Class/CDC/Src/usbd_cdc.o
 .text.USBD_CDC_Init
                0x080084e6       0xc6 ./Middlewares/ST/STM32_USB_Device_Library/Class/CDC/Src/usbd_cdc.o
 .text.USBD_CDC_RegisterInterface
                0x080085ac       0x16 ./Middlewares/ST/STM32_USB_Device_Library/Class/CDC/Src/usbd_cdc.o
                0x080085ac                USBD_CDC_RegisterInterface
 .text.USBD_CDC_SetTxBuffer
                0x080085c2       0x1c ./Middlewares/ST/STM32_USB_Device_Library/Class/CDC/Src/usbd_cdc.o
                0x080085c2                USBD_CDC_SetTxBuffer
 .text.USBD_CDC_SetRxBuffer
                0x080085de       0x18 ./Middlewares/ST/STM32_USB_Device_Library/Class/CDC/Src/usbd_cdc.o
                0x080085de                USBD_CDC_SetRxBuffer
 .text.USBD_CDC_TransmitPacket
                0x080085f6       0x36 ./Middlewares/ST/STM32_USB_Device_Library/Class/CDC/Src/usbd_cdc.o
                0x080085f6                USBD_CDC_TransmitPacket
 .text.USBD_CDC_ReceivePacket
                0x0800862c       0x2c ./Middlewares/ST/STM32_USB_Device_Library/Class/CDC/Src/usbd_cdc.o
                0x0800862c                USBD_CDC_ReceivePacket
 .text.USBD_Init
                0x08008658       0x26 ./Middlewares/ST/STM32_USB_Device_Library/Core/Src/usbd_core.o
                0x08008658                USBD_Init
 .text.USBD_RegisterClass
                0x0800867e       0x32 ./Middlewares/ST/STM32_USB_Device_Library/Core/Src/usbd_core.o
                0x0800867e                USBD_RegisterClass
 .text.USBD_Start
                0x080086b0        0x4 ./Middlewares/ST/STM32_USB_Device_Library/Core/Src/usbd_core.o
                0x080086b0                USBD_Start
 .text.USBD_SetClassConfig
                0x080086b4        0xe ./Middlewares/ST/STM32_USB_Device_Library/Core/Src/usbd_core.o
                0x080086b4                USBD_SetClassConfig
 .text.USBD_ClrClassConfig
                0x080086c2       0x12 ./Middlewares/ST/STM32_USB_Device_Library/Core/Src/usbd_core.o
                0x080086c2                USBD_ClrClassConfig
 .text.USBD_LL_SetupStage
                0x080086d4       0x60 ./Middlewares/ST/STM32_USB_Device_Library/Core/Src/usbd_core.o
                0x080086d4                USBD_LL_SetupStage
 .text.USBD_LL_DataOutStage
                0x08008734       0x6a ./Middlewares/ST/STM32_USB_Device_Library/Core/Src/usbd_core.o
                0x08008734                USBD_LL_DataOutStage
 .text.USBD_LL_DataInStage
                0x0800879e       0xa6 ./Middlewares/ST/STM32_USB_Device_Library/Core/Src/usbd_core.o
                0x0800879e                USBD_LL_DataInStage
 .text.USBD_LL_Reset
                0x08008844       0x5e ./Middlewares/ST/STM32_USB_Device_Library/Core/Src/usbd_core.o
                0x08008844                USBD_LL_Reset
 .text.USBD_LL_SetSpeed
                0x080088a2        0x6 ./Middlewares/ST/STM32_USB_Device_Library/Core/Src/usbd_core.o
                0x080088a2                USBD_LL_SetSpeed
 .text.USBD_LL_Suspend
                0x080088a8       0x1c ./Middlewares/ST/STM32_USB_Device_Library/Core/Src/usbd_core.o
                0x080088a8                USBD_LL_Suspend
 .text.USBD_LL_Resume
                0x080088c4       0x16 ./Middlewares/ST/STM32_USB_Device_Library/Core/Src/usbd_core.o
                0x080088c4                USBD_LL_Resume
 .text.USBD_LL_SOF
                0x080088da       0x1a ./Middlewares/ST/STM32_USB_Device_Library/Core/Src/usbd_core.o
                0x080088da                USBD_LL_SOF
 .text.USBD_LL_IsoINIncomplete
                0x080088f4       0x26 ./Middlewares/ST/STM32_USB_Device_Library/Core/Src/usbd_core.o
                0x080088f4                USBD_LL_IsoINIncomplete
 .text.USBD_LL_IsoOUTIncomplete
                0x0800891a       0x26 ./Middlewares/ST/STM32_USB_Device_Library/Core/Src/usbd_core.o
                0x0800891a                USBD_LL_IsoOUTIncomplete
 .text.USBD_LL_DevConnected
                0x08008940        0x4 ./Middlewares/ST/STM32_USB_Device_Library/Core/Src/usbd_core.o
                0x08008940                USBD_LL_DevConnected
 .text.USBD_LL_DevDisconnected
                0x08008944       0x20 ./Middlewares/ST/STM32_USB_Device_Library/Core/Src/usbd_core.o
                0x08008944                USBD_LL_DevDisconnected
 .text.USBD_CoreFindIF
                0x08008964        0x4 ./Middlewares/ST/STM32_USB_Device_Library/Core/Src/usbd_core.o
                0x08008964                USBD_CoreFindIF
 .text.USBD_CoreFindEP
                0x08008968        0x4 ./Middlewares/ST/STM32_USB_Device_Library/Core/Src/usbd_core.o
                0x08008968                USBD_CoreFindEP
 .text.USBD_GetEpDesc
                0x0800896c       0x24 ./Middlewares/ST/STM32_USB_Device_Library/Core/Src/usbd_core.o
                0x0800896c                USBD_GetEpDesc
 .text.USBD_CtlError.constprop.0
                0x08008990       0x16 ./Middlewares/ST/STM32_USB_Device_Library/Core/Src/usbd_ctlreq.o
 *fill*         0x080089a6        0x2 
 .text.USBD_StdDevReq
                0x080089a8      0x2f0 ./Middlewares/ST/STM32_USB_Device_Library/Core/Src/usbd_ctlreq.o
                0x080089a8                USBD_StdDevReq
 .text.USBD_StdItfReq
                0x08008c98       0x5e ./Middlewares/ST/STM32_USB_Device_Library/Core/Src/usbd_ctlreq.o
                0x08008c98                USBD_StdItfReq
 .text.USBD_StdEPReq
                0x08008cf6      0x148 ./Middlewares/ST/STM32_USB_Device_Library/Core/Src/usbd_ctlreq.o
                0x08008cf6                USBD_StdEPReq
 .text.USBD_ParseSetupRequest
                0x08008e3e       0x16 ./Middlewares/ST/STM32_USB_Device_Library/Core/Src/usbd_ctlreq.o
                0x08008e3e                USBD_ParseSetupRequest
 .text.USBD_CtlError
                0x08008e54       0x16 ./Middlewares/ST/STM32_USB_Device_Library/Core/Src/usbd_ctlreq.o
                0x08008e54                USBD_CtlError
 .text.USBD_GetString
                0x08008e6a       0x38 ./Middlewares/ST/STM32_USB_Device_Library/Core/Src/usbd_ctlreq.o
                0x08008e6a                USBD_GetString
 .text.USBD_CtlSendData
                0x08008ea2       0x1a ./Middlewares/ST/STM32_USB_Device_Library/Core/Src/usbd_ioreq.o
                0x08008ea2                USBD_CtlSendData
 .text.USBD_CtlContinueSendData
                0x08008ebc       0x10 ./Middlewares/ST/STM32_USB_Device_Library/Core/Src/usbd_ioreq.o
                0x08008ebc                USBD_CtlContinueSendData
 .text.USBD_CtlPrepareRx
                0x08008ecc       0x1a ./Middlewares/ST/STM32_USB_Device_Library/Core/Src/usbd_ioreq.o
                0x08008ecc                USBD_CtlPrepareRx
 .text.USBD_CtlContinueRx
                0x08008ee6       0x10 ./Middlewares/ST/STM32_USB_Device_Library/Core/Src/usbd_ioreq.o
                0x08008ee6                USBD_CtlContinueRx
 .text.USBD_CtlSendStatus
                0x08008ef6       0x16 ./Middlewares/ST/STM32_USB_Device_Library/Core/Src/usbd_ioreq.o
                0x08008ef6                USBD_CtlSendStatus
 .text.USBD_CtlReceiveStatus
                0x08008f0c       0x16 ./Middlewares/ST/STM32_USB_Device_Library/Core/Src/usbd_ioreq.o
                0x08008f0c                USBD_CtlReceiveStatus
 *fill*         0x08008f22        0x2 
 .text.MX_USB_DEVICE_Init
                0x08008f24       0x54 ./USB_DEVICE/App/usb_device.o
                0x08008f24                MX_USB_DEVICE_Init
 .text.CDC_DeInit_FS
                0x08008f78        0x4 ./USB_DEVICE/App/usbd_cdc_if.o
 .text.CDC_Control_FS
                0x08008f7c       0x48 ./USB_DEVICE/App/usbd_cdc_if.o
 .text.CDC_TransmitCplt_FS
                0x08008fc4        0x4 ./USB_DEVICE/App/usbd_cdc_if.o
 .text.CDC_Init_FS
                0x08008fc8       0x28 ./USB_DEVICE/App/usbd_cdc_if.o
 .text.CDC_Transmit_FS
                0x08008ff0       0x2c ./USB_DEVICE/App/usbd_cdc_if.o
                0x08008ff0                CDC_Transmit_FS
 .text.CDC_Receive_FS
                0x0800901c       0x2c ./USB_DEVICE/App/usbd_cdc_if.o
 .text.USB_Transmit
                0x08009048        0x4 ./USB_DEVICE/App/usbd_cdc_if.o
                0x08009048                USB_Transmit
 .text.USBD_FS_DeviceDescriptor
                0x0800904c        0xc ./USB_DEVICE/App/usbd_desc.o
                0x0800904c                USBD_FS_DeviceDescriptor
 .text.USBD_FS_LangIDStrDescriptor
                0x08009058        0xc ./USB_DEVICE/App/usbd_desc.o
                0x08009058                USBD_FS_LangIDStrDescriptor
 .text.IntToUnicode
                0x08009064       0x2a ./USB_DEVICE/App/usbd_desc.o
 *fill*         0x0800908e        0x2 
 .text.USBD_FS_SerialStrDescriptor
                0x08009090       0x3c ./USB_DEVICE/App/usbd_desc.o
                0x08009090                USBD_FS_SerialStrDescriptor
 .text.USBD_FS_ManufacturerStrDescriptor
                0x080090cc       0x1c ./USB_DEVICE/App/usbd_desc.o
                0x080090cc                USBD_FS_ManufacturerStrDescriptor
 .text.USBD_FS_ProductStrDescriptor
                0x080090e8       0x1c ./USB_DEVICE/App/usbd_desc.o
                0x080090e8                USBD_FS_ProductStrDescriptor
 .text.USBD_FS_ConfigStrDescriptor
                0x08009104       0x1c ./USB_DEVICE/App/usbd_desc.o
                0x08009104                USBD_FS_ConfigStrDescriptor
 .text.USBD_FS_InterfaceStrDescriptor
                0x08009120       0x1c ./USB_DEVICE/App/usbd_desc.o
                0x08009120                USBD_FS_InterfaceStrDescriptor
 .text.HAL_PCD_MspInit
                0x0800913c       0xc4 ./USB_DEVICE/Target/usbd_conf.o
                0x0800913c                HAL_PCD_MspInit
 .text.HAL_PCD_SetupStageCallback
                0x08009200        0xc ./USB_DEVICE/Target/usbd_conf.o
                0x08009200                HAL_PCD_SetupStageCallback
 .text.HAL_PCD_DataOutStageCallback
                0x0800920c       0x12 ./USB_DEVICE/Target/usbd_conf.o
                0x0800920c                HAL_PCD_DataOutStageCallback
 .text.HAL_PCD_DataInStageCallback
                0x0800921e       0x10 ./USB_DEVICE/Target/usbd_conf.o
                0x0800921e                HAL_PCD_DataInStageCallback
 .text.HAL_PCD_SOFCallback
                0x0800922e        0x8 ./USB_DEVICE/Target/usbd_conf.o
                0x0800922e                HAL_PCD_SOFCallback
 .text.HAL_PCD_ResetCallback
                0x08009236       0x26 ./USB_DEVICE/Target/usbd_conf.o
                0x08009236                HAL_PCD_ResetCallback
 .text.HAL_PCD_SuspendCallback
                0x0800925c       0x30 ./USB_DEVICE/Target/usbd_conf.o
                0x0800925c                HAL_PCD_SuspendCallback
 .text.HAL_PCD_ResumeCallback
                0x0800928c        0x8 ./USB_DEVICE/Target/usbd_conf.o
                0x0800928c                HAL_PCD_ResumeCallback
 .text.HAL_PCD_ISOOUTIncompleteCallback
                0x08009294        0x8 ./USB_DEVICE/Target/usbd_conf.o
                0x08009294                HAL_PCD_ISOOUTIncompleteCallback
 .text.HAL_PCD_ISOINIncompleteCallback
                0x0800929c        0x8 ./USB_DEVICE/Target/usbd_conf.o
                0x0800929c                HAL_PCD_ISOINIncompleteCallback
 .text.HAL_PCD_ConnectCallback
                0x080092a4        0x8 ./USB_DEVICE/Target/usbd_conf.o
                0x080092a4                HAL_PCD_ConnectCallback
 .text.HAL_PCD_DisconnectCallback
                0x080092ac        0x8 ./USB_DEVICE/Target/usbd_conf.o
                0x080092ac                HAL_PCD_DisconnectCallback
 .text.USBD_LL_Init
                0x080092b4       0x5c ./USB_DEVICE/Target/usbd_conf.o
                0x080092b4                USBD_LL_Init
 .text.USBD_LL_IsStallEP
                0x08009310       0x24 ./USB_DEVICE/Target/usbd_conf.o
                0x08009310                USBD_LL_IsStallEP
 .text.USBD_LL_GetRxDataSize
                0x08009334        0x8 ./USB_DEVICE/Target/usbd_conf.o
                0x08009334                USBD_LL_GetRxDataSize
 .text.USBD_static_malloc
                0x0800933c        0x8 ./USB_DEVICE/Target/usbd_conf.o
                0x0800933c                USBD_static_malloc
 .text.USBD_static_free
                0x08009344        0x2 ./USB_DEVICE/Target/usbd_conf.o
                0x08009344                USBD_static_free
 .text.USBD_Get_USB_Status
                0x08009346        0xc ./USB_DEVICE/Target/usbd_conf.o
                0x08009346                USBD_Get_USB_Status
 .text.USBD_LL_Start
                0x08009352       0x12 ./USB_DEVICE/Target/usbd_conf.o
                0x08009352                USBD_LL_Start
 .text.USBD_LL_OpenEP
                0x08009364       0x18 ./USB_DEVICE/Target/usbd_conf.o
                0x08009364                USBD_LL_OpenEP
 .text.USBD_LL_CloseEP
                0x0800937c       0x12 ./USB_DEVICE/Target/usbd_conf.o
                0x0800937c                USBD_LL_CloseEP
 .text.USBD_LL_StallEP
                0x0800938e       0x12 ./USB_DEVICE/Target/usbd_conf.o
                0x0800938e                USBD_LL_StallEP
 .text.USBD_LL_ClearStallEP
                0x080093a0       0x12 ./USB_DEVICE/Target/usbd_conf.o
                0x080093a0                USBD_LL_ClearStallEP
 .text.USBD_LL_SetUSBAddress
                0x080093b2       0x12 ./USB_DEVICE/Target/usbd_conf.o
                0x080093b2                USBD_LL_SetUSBAddress
 .text.USBD_LL_Transmit
                0x080093c4       0x12 ./USB_DEVICE/Target/usbd_conf.o
                0x080093c4                USBD_LL_Transmit
 .text.USBD_LL_PrepareReceive
                0x080093d6       0x12 ./USB_DEVICE/Target/usbd_conf.o
                0x080093d6                USBD_LL_PrepareReceive
 .text.do_dump  0x080093e8      0x124 ./debug_console/debug_console.o
                0x080093e8                do_dump
 .text.debug_parse
                0x0800950c      0x658 ./debug_console/debug_console.o
                0x0800950c                debug_parse
 .text.debug_rcv
                0x08009b64       0xa8 ./debug_console/debug_console.o
                0x08009b64                debug_rcv
 .text.DebugTask
                0x08009c0c       0x88 ./debug_console/debug_console.o
                0x08009c0c                DebugTask
 .text.DebugPutChar
                0x08009c94       0x84 ./debug_console/debug_console.o
                0x08009c94                DebugPutChar
 .text.DebugSend
                0x08009d18       0x34 ./debug_console/debug_console.o
                0x08009d18                DebugSend
 .text.DebugPrint
                0x08009d4c       0x30 ./debug_console/debug_console.o
                0x08009d4c                DebugPrint
 .text.DoDebugSerial
                0x08009d7c       0xb8 ./debug_console/debug_console.o
                0x08009d7c                DoDebugSerial
 .text.USB_Receive
                0x08009e34       0x9c ./debug_console/debug_console.o
                0x08009e34                USB_Receive
 .text._strtoul_l.isra.0
                0x08009ed0       0xdc C:/ST/STM32CubeIDE_1.18.0/STM32CubeIDE/plugins/com.st.stm32cube.ide.mcu.externaltools.gnu-tools-for-stm32.13.3.rel1.win32_1.0.0.202411081344/tools/bin/../lib/gcc/arm-none-eabi/13.3.1/../../../../arm-none-eabi/lib/thumb/v7e-m+dp/hard\libc_nano.a(libc_a-strtoul.o)
 .text._strtoul_r
                0x08009fac        0x4 C:/ST/STM32CubeIDE_1.18.0/STM32CubeIDE/plugins/com.st.stm32cube.ide.mcu.externaltools.gnu-tools-for-stm32.13.3.rel1.win32_1.0.0.202411081344/tools/bin/../lib/gcc/arm-none-eabi/13.3.1/../../../../arm-none-eabi/lib/thumb/v7e-m+dp/hard\libc_nano.a(libc_a-strtoul.o)
                0x08009fac                _strtoul_r
 .text.strtoul  0x08009fb0       0x14 C:/ST/STM32CubeIDE_1.18.0/STM32CubeIDE/plugins/com.st.stm32cube.ide.mcu.externaltools.gnu-tools-for-stm32.13.3.rel1.win32_1.0.0.202411081344/tools/bin/../lib/gcc/arm-none-eabi/13.3.1/../../../../arm-none-eabi/lib/thumb/v7e-m+dp/hard\libc_nano.a(libc_a-strtoul.o)
                0x08009fb0                strtoul
 .text.sprintf  0x08009fc4       0x44 C:/ST/STM32CubeIDE_1.18.0/STM32CubeIDE/plugins/com.st.stm32cube.ide.mcu.externaltools.gnu-tools-for-stm32.13.3.rel1.win32_1.0.0.202411081344/tools/bin/../lib/gcc/arm-none-eabi/13.3.1/../../../../arm-none-eabi/lib/thumb/v7e-m+dp/hard\libc_nano.a(libc_a-sprintf.o)
                0x08009fc4                siprintf
                0x08009fc4                sprintf
 .text.sscanf   0x0800a008       0x58 C:/ST/STM32CubeIDE_1.18.0/STM32CubeIDE/plugins/com.st.stm32cube.ide.mcu.externaltools.gnu-tools-for-stm32.13.3.rel1.win32_1.0.0.202411081344/tools/bin/../lib/gcc/arm-none-eabi/13.3.1/../../../../arm-none-eabi/lib/thumb/v7e-m+dp/hard\libc_nano.a(libc_a-sscanf.o)
                0x0800a008                siscanf
                0x0800a008                sscanf
 .text.__seofread
                0x0800a060        0x4 C:/ST/STM32CubeIDE_1.18.0/STM32CubeIDE/plugins/com.st.stm32cube.ide.mcu.externaltools.gnu-tools-for-stm32.13.3.rel1.win32_1.0.0.202411081344/tools/bin/../lib/gcc/arm-none-eabi/13.3.1/../../../../arm-none-eabi/lib/thumb/v7e-m+dp/hard\libc_nano.a(libc_a-stdio.o)
                0x0800a060                __seofread
 .text._vsprintf_r
                0x0800a064       0x2c C:/ST/STM32CubeIDE_1.18.0/STM32CubeIDE/plugins/com.st.stm32cube.ide.mcu.externaltools.gnu-tools-for-stm32.13.3.rel1.win32_1.0.0.202411081344/tools/bin/../lib/gcc/arm-none-eabi/13.3.1/../../../../arm-none-eabi/lib/thumb/v7e-m+dp/hard\libc_nano.a(libc_a-vsprintf.o)
                0x0800a064                _vsprintf_r
                0x0800a064                _vsiprintf_r
 .text.vsprintf
                0x0800a090       0x14 C:/ST/STM32CubeIDE_1.18.0/STM32CubeIDE/plugins/com.st.stm32cube.ide.mcu.externaltools.gnu-tools-for-stm32.13.3.rel1.win32_1.0.0.202411081344/tools/bin/../lib/gcc/arm-none-eabi/13.3.1/../../../../arm-none-eabi/lib/thumb/v7e-m+dp/hard\libc_nano.a(libc_a-vsprintf.o)
                0x0800a090                vsiprintf
                0x0800a090                vsprintf
 .text.memset   0x0800a0a4       0x10 C:/ST/STM32CubeIDE_1.18.0/STM32CubeIDE/plugins/com.st.stm32cube.ide.mcu.externaltools.gnu-tools-for-stm32.13.3.rel1.win32_1.0.0.202411081344/tools/bin/../lib/gcc/arm-none-eabi/13.3.1/../../../../arm-none-eabi/lib/thumb/v7e-m+dp/hard\libc_nano.a(libc_a-memset.o)
                0x0800a0a4                memset
 .text.__errno  0x0800a0b4        0xc C:/ST/STM32CubeIDE_1.18.0/STM32CubeIDE/plugins/com.st.stm32cube.ide.mcu.externaltools.gnu-tools-for-stm32.13.3.rel1.win32_1.0.0.202411081344/tools/bin/../lib/gcc/arm-none-eabi/13.3.1/../../../../arm-none-eabi/lib/thumb/v7e-m+dp/hard\libc_nano.a(libc_a-errno.o)
                0x0800a0b4                __errno
 .text.__libc_init_array
                0x0800a0c0       0x48 C:/ST/STM32CubeIDE_1.18.0/STM32CubeIDE/plugins/com.st.stm32cube.ide.mcu.externaltools.gnu-tools-for-stm32.13.3.rel1.win32_1.0.0.202411081344/tools/bin/../lib/gcc/arm-none-eabi/13.3.1/../../../../arm-none-eabi/lib/thumb/v7e-m+dp/hard\libc_nano.a(libc_a-init.o)
                0x0800a0c0                __libc_init_array
 .text.__retarget_lock_acquire_recursive
                0x0800a108        0x2 C:/ST/STM32CubeIDE_1.18.0/STM32CubeIDE/plugins/com.st.stm32cube.ide.mcu.externaltools.gnu-tools-for-stm32.13.3.rel1.win32_1.0.0.202411081344/tools/bin/../lib/gcc/arm-none-eabi/13.3.1/../../../../arm-none-eabi/lib/thumb/v7e-m+dp/hard\libc_nano.a(libc_a-lock.o)
                0x0800a108                __retarget_lock_acquire_recursive
 .text.__retarget_lock_release_recursive
                0x0800a10a        0x2 C:/ST/STM32CubeIDE_1.18.0/STM32CubeIDE/plugins/com.st.stm32cube.ide.mcu.externaltools.gnu-tools-for-stm32.13.3.rel1.win32_1.0.0.202411081344/tools/bin/../lib/gcc/arm-none-eabi/13.3.1/../../../../arm-none-eabi/lib/thumb/v7e-m+dp/hard\libc_nano.a(libc_a-lock.o)
                0x0800a10a                __retarget_lock_release_recursive
 .text._free_r  0x0800a10c       0x94 C:/ST/STM32CubeIDE_1.18.0/STM32CubeIDE/plugins/com.st.stm32cube.ide.mcu.externaltools.gnu-tools-for-stm32.13.3.rel1.win32_1.0.0.202411081344/tools/bin/../lib/gcc/arm-none-eabi/13.3.1/../../../../arm-none-eabi/lib/thumb/v7e-m+dp/hard\libc_nano.a(libc_a-freer.o)
                0x0800a10c                _free_r
 .text.sbrk_aligned
                0x0800a1a0       0x44 C:/ST/STM32CubeIDE_1.18.0/STM32CubeIDE/plugins/com.st.stm32cube.ide.mcu.externaltools.gnu-tools-for-stm32.13.3.rel1.win32_1.0.0.202411081344/tools/bin/../lib/gcc/arm-none-eabi/13.3.1/../../../../arm-none-eabi/lib/thumb/v7e-m+dp/hard\libc_nano.a(libc_a-mallocr.o)
 .text._malloc_r
                0x0800a1e4      0x100 C:/ST/STM32CubeIDE_1.18.0/STM32CubeIDE/plugins/com.st.stm32cube.ide.mcu.externaltools.gnu-tools-for-stm32.13.3.rel1.win32_1.0.0.202411081344/tools/bin/../lib/gcc/arm-none-eabi/13.3.1/../../../../arm-none-eabi/lib/thumb/v7e-m+dp/hard\libc_nano.a(libc_a-mallocr.o)
                0x0800a1e4                _malloc_r
 .text.__malloc_lock
                0x0800a2e4        0xc C:/ST/STM32CubeIDE_1.18.0/STM32CubeIDE/plugins/com.st.stm32cube.ide.mcu.externaltools.gnu-tools-for-stm32.13.3.rel1.win32_1.0.0.202411081344/tools/bin/../lib/gcc/arm-none-eabi/13.3.1/../../../../arm-none-eabi/lib/thumb/v7e-m+dp/hard\libc_nano.a(libc_a-mlock.o)
                0x0800a2e4                __malloc_lock
 .text.__malloc_unlock
                0x0800a2f0        0xc C:/ST/STM32CubeIDE_1.18.0/STM32CubeIDE/plugins/com.st.stm32cube.ide.mcu.externaltools.gnu-tools-for-stm32.13.3.rel1.win32_1.0.0.202411081344/tools/bin/../lib/gcc/arm-none-eabi/13.3.1/../../../../arm-none-eabi/lib/thumb/v7e-m+dp/hard\libc_nano.a(libc_a-mlock.o)
                0x0800a2f0                __malloc_unlock
 .text.__ssputs_r
                0x0800a2fc       0xb6 C:/ST/STM32CubeIDE_1.18.0/STM32CubeIDE/plugins/com.st.stm32cube.ide.mcu.externaltools.gnu-tools-for-stm32.13.3.rel1.win32_1.0.0.202411081344/tools/bin/../lib/gcc/arm-none-eabi/13.3.1/../../../../arm-none-eabi/lib/thumb/v7e-m+dp/hard\libc_nano.a(libc_a-nano-svfprintf.o)
                0x0800a2fc                __ssputs_r
 *fill*         0x0800a3b2        0x2 
 .text._svfprintf_r
                0x0800a3b4      0x1f8 C:/ST/STM32CubeIDE_1.18.0/STM32CubeIDE/plugins/com.st.stm32cube.ide.mcu.externaltools.gnu-tools-for-stm32.13.3.rel1.win32_1.0.0.202411081344/tools/bin/../lib/gcc/arm-none-eabi/13.3.1/../../../../arm-none-eabi/lib/thumb/v7e-m+dp/hard\libc_nano.a(libc_a-nano-svfprintf.o)
                0x0800a3b4                _svfiprintf_r
                0x0800a3b4                _svfprintf_r
 .text._sungetc_r
                0x0800a5ac       0x7a C:/ST/STM32CubeIDE_1.18.0/STM32CubeIDE/plugins/com.st.stm32cube.ide.mcu.externaltools.gnu-tools-for-stm32.13.3.rel1.win32_1.0.0.202411081344/tools/bin/../lib/gcc/arm-none-eabi/13.3.1/../../../../arm-none-eabi/lib/thumb/v7e-m+dp/hard\libc_nano.a(libc_a-nano-svfscanf.o)
                0x0800a5ac                _sungetc_r
 .text.__ssrefill_r
                0x0800a626       0x3a C:/ST/STM32CubeIDE_1.18.0/STM32CubeIDE/plugins/com.st.stm32cube.ide.mcu.externaltools.gnu-tools-for-stm32.13.3.rel1.win32_1.0.0.202411081344/tools/bin/../lib/gcc/arm-none-eabi/13.3.1/../../../../arm-none-eabi/lib/thumb/v7e-m+dp/hard\libc_nano.a(libc_a-nano-svfscanf.o)
                0x0800a626                __ssrefill_r
 .text.__ssvfscanf_r
                0x0800a660      0x2ec C:/ST/STM32CubeIDE_1.18.0/STM32CubeIDE/plugins/com.st.stm32cube.ide.mcu.externaltools.gnu-tools-for-stm32.13.3.rel1.win32_1.0.0.202411081344/tools/bin/../lib/gcc/arm-none-eabi/13.3.1/../../../../arm-none-eabi/lib/thumb/v7e-m+dp/hard\libc_nano.a(libc_a-nano-svfscanf.o)
                0x0800a660                __ssvfiscanf_r
                0x0800a660                __ssvfscanf_r
 .text._printf_common
                0x0800a94c       0xda C:/ST/STM32CubeIDE_1.18.0/STM32CubeIDE/plugins/com.st.stm32cube.ide.mcu.externaltools.gnu-tools-for-stm32.13.3.rel1.win32_1.0.0.202411081344/tools/bin/../lib/gcc/arm-none-eabi/13.3.1/../../../../arm-none-eabi/lib/thumb/v7e-m+dp/hard\libc_nano.a(libc_a-nano-vfprintf_i.o)
                0x0800a94c                _printf_common
 *fill*         0x0800aa26        0x2 
 .text._printf_i
                0x0800aa28      0x23c C:/ST/STM32CubeIDE_1.18.0/STM32CubeIDE/plugins/com.st.stm32cube.ide.mcu.externaltools.gnu-tools-for-stm32.13.3.rel1.win32_1.0.0.202411081344/tools/bin/../lib/gcc/arm-none-eabi/13.3.1/../../../../arm-none-eabi/lib/thumb/v7e-m+dp/hard\libc_nano.a(libc_a-nano-vfprintf_i.o)
                0x0800aa28                _printf_i
 .text._scanf_chars
                0x0800ac64       0xb4 C:/ST/STM32CubeIDE_1.18.0/STM32CubeIDE/plugins/com.st.stm32cube.ide.mcu.externaltools.gnu-tools-for-stm32.13.3.rel1.win32_1.0.0.202411081344/tools/bin/../lib/gcc/arm-none-eabi/13.3.1/../../../../arm-none-eabi/lib/thumb/v7e-m+dp/hard\libc_nano.a(libc_a-nano-vfscanf_i.o)
                0x0800ac64                _scanf_chars
 .text._scanf_i
                0x0800ad18      0x1e8 C:/ST/STM32CubeIDE_1.18.0/STM32CubeIDE/plugins/com.st.stm32cube.ide.mcu.externaltools.gnu-tools-for-stm32.13.3.rel1.win32_1.0.0.202411081344/tools/bin/../lib/gcc/arm-none-eabi/13.3.1/../../../../arm-none-eabi/lib/thumb/v7e-m+dp/hard\libc_nano.a(libc_a-nano-vfscanf_i.o)
                0x0800ad18                _scanf_i
 .text.__sccl   0x0800af00       0x72 C:/ST/STM32CubeIDE_1.18.0/STM32CubeIDE/plugins/com.st.stm32cube.ide.mcu.externaltools.gnu-tools-for-stm32.13.3.rel1.win32_1.0.0.202411081344/tools/bin/../lib/gcc/arm-none-eabi/13.3.1/../../../../arm-none-eabi/lib/thumb/v7e-m+dp/hard\libc_nano.a(libc_a-sccl.o)
                0x0800af00                __sccl
 .text.__submore
                0x0800af72       0x74 C:/ST/STM32CubeIDE_1.18.0/STM32CubeIDE/plugins/com.st.stm32cube.ide.mcu.externaltools.gnu-tools-for-stm32.13.3.rel1.win32_1.0.0.202411081344/tools/bin/../lib/gcc/arm-none-eabi/13.3.1/../../../../arm-none-eabi/lib/thumb/v7e-m+dp/hard\libc_nano.a(libc_a-ungetc.o)
                0x0800af72                __submore
 .text.memmove  0x0800afe6       0x34 C:/ST/STM32CubeIDE_1.18.0/STM32CubeIDE/plugins/com.st.stm32cube.ide.mcu.externaltools.gnu-tools-for-stm32.13.3.rel1.win32_1.0.0.202411081344/tools/bin/../lib/gcc/arm-none-eabi/13.3.1/../../../../arm-none-eabi/lib/thumb/v7e-m+dp/hard\libc_nano.a(libc_a-memmove.o)
                0x0800afe6                memmove
 *fill*         0x0800b01a        0x2 
 .text._sbrk_r  0x0800b01c       0x20 C:/ST/STM32CubeIDE_1.18.0/STM32CubeIDE/plugins/com.st.stm32cube.ide.mcu.externaltools.gnu-tools-for-stm32.13.3.rel1.win32_1.0.0.202411081344/tools/bin/../lib/gcc/arm-none-eabi/13.3.1/../../../../arm-none-eabi/lib/thumb/v7e-m+dp/hard\libc_nano.a(libc_a-sbrkr.o)
                0x0800b01c                _sbrk_r
 .text.memcpy   0x0800b03c       0x1c C:/ST/STM32CubeIDE_1.18.0/STM32CubeIDE/plugins/com.st.stm32cube.ide.mcu.externaltools.gnu-tools-for-stm32.13.3.rel1.win32_1.0.0.202411081344/tools/bin/../lib/gcc/arm-none-eabi/13.3.1/../../../../arm-none-eabi/lib/thumb/v7e-m+dp/hard\libc_nano.a(libc_a-memcpy-stub.o)
                0x0800b03c                memcpy
 .text._realloc_r
                0x0800b058       0x5c C:/ST/STM32CubeIDE_1.18.0/STM32CubeIDE/plugins/com.st.stm32cube.ide.mcu.externaltools.gnu-tools-for-stm32.13.3.rel1.win32_1.0.0.202411081344/tools/bin/../lib/gcc/arm-none-eabi/13.3.1/../../../../arm-none-eabi/lib/thumb/v7e-m+dp/hard\libc_nano.a(libc_a-reallocr.o)
                0x0800b058                _realloc_r
 .text._strtol_l.isra.0
                0x0800b0b4       0xf4 C:/ST/STM32CubeIDE_1.18.0/STM32CubeIDE/plugins/com.st.stm32cube.ide.mcu.externaltools.gnu-tools-for-stm32.13.3.rel1.win32_1.0.0.202411081344/tools/bin/../lib/gcc/arm-none-eabi/13.3.1/../../../../arm-none-eabi/lib/thumb/v7e-m+dp/hard\libc_nano.a(libc_a-strtol.o)
 .text._strtol_r
                0x0800b1a8        0x4 C:/ST/STM32CubeIDE_1.18.0/STM32CubeIDE/plugins/com.st.stm32cube.ide.mcu.externaltools.gnu-tools-for-stm32.13.3.rel1.win32_1.0.0.202411081344/tools/bin/../lib/gcc/arm-none-eabi/13.3.1/../../../../arm-none-eabi/lib/thumb/v7e-m+dp/hard\libc_nano.a(libc_a-strtol.o)
                0x0800b1a8                _strtol_r
 .text._malloc_usable_size_r
                0x0800b1ac       0x10 C:/ST/STM32CubeIDE_1.18.0/STM32CubeIDE/plugins/com.st.stm32cube.ide.mcu.externaltools.gnu-tools-for-stm32.13.3.rel1.win32_1.0.0.202411081344/tools/bin/../lib/gcc/arm-none-eabi/13.3.1/../../../../arm-none-eabi/lib/thumb/v7e-m+dp/hard\libc_nano.a(libc_a-msizer.o)
                0x0800b1ac                _malloc_usable_size_r
 *(.glue_7)
 .glue_7        0x0800b1bc        0x0 linker stubs
 *(.glue_7t)
 .glue_7t       0x0800b1bc        0x0 linker stubs
 *(.eh_frame)
 .eh_frame      0x0800b1bc        0x0 C:/ST/STM32CubeIDE_1.18.0/STM32CubeIDE/plugins/com.st.stm32cube.ide.mcu.externaltools.gnu-tools-for-stm32.13.3.rel1.win32_1.0.0.202411081344/tools/bin/../lib/gcc/arm-none-eabi/13.3.1/thumb/v7e-m+dp/hard/crtbegin.o
 *(.init)
 .init          0x0800b1bc        0x4 C:/ST/STM32CubeIDE_1.18.0/STM32CubeIDE/plugins/com.st.stm32cube.ide.mcu.externaltools.gnu-tools-for-stm32.13.3.rel1.win32_1.0.0.202411081344/tools/bin/../lib/gcc/arm-none-eabi/13.3.1/thumb/v7e-m+dp/hard/crti.o
                0x0800b1bc                _init
 .init          0x0800b1c0        0x8 C:/ST/STM32CubeIDE_1.18.0/STM32CubeIDE/plugins/com.st.stm32cube.ide.mcu.externaltools.gnu-tools-for-stm32.13.3.rel1.win32_1.0.0.202411081344/tools/bin/../lib/gcc/arm-none-eabi/13.3.1/thumb/v7e-m+dp/hard/crtn.o
 *(.fini)
 .fini          0x0800b1c8        0x4 C:/ST/STM32CubeIDE_1.18.0/STM32CubeIDE/plugins/com.st.stm32cube.ide.mcu.externaltools.gnu-tools-for-stm32.13.3.rel1.win32_1.0.0.202411081344/tools/bin/../lib/gcc/arm-none-eabi/13.3.1/thumb/v7e-m+dp/hard/crti.o
                0x0800b1c8                _fini
 .fini          0x0800b1cc        0x8 C:/ST/STM32CubeIDE_1.18.0/STM32CubeIDE/plugins/com.st.stm32cube.ide.mcu.externaltools.gnu-tools-for-stm32.13.3.rel1.win32_1.0.0.202411081344/tools/bin/../lib/gcc/arm-none-eabi/13.3.1/thumb/v7e-m+dp/hard/crtn.o
                0x0800b1d4                        . = ALIGN (0x4)
                0x0800b1d4                        _etext = .

.vfp11_veneer   0x0800b1d4        0x0
 .vfp11_veneer  0x0800b1d4        0x0 linker stubs

.v4_bx          0x0800b1d4        0x0
 .v4_bx         0x0800b1d4        0x0 linker stubs

.iplt           0x0800b1d4        0x0
 .iplt          0x0800b1d4        0x0 C:/ST/STM32CubeIDE_1.18.0/STM32CubeIDE/plugins/com.st.stm32cube.ide.mcu.externaltools.gnu-tools-for-stm32.13.3.rel1.win32_1.0.0.202411081344/tools/bin/../lib/gcc/arm-none-eabi/13.3.1/thumb/v7e-m+dp/hard/crtbegin.o

.rodata         0x0800b1d4      0x3fc
                0x0800b1d4                        . = ALIGN (0x4)
 *(.rodata)
 .rodata        0x0800b1d4      0x1d5 ./debug_console/debug_console.o
 *fill*         0x0800b3a9        0x3 
 .rodata        0x0800b3ac        0xc C:/ST/STM32CubeIDE_1.18.0/STM32CubeIDE/plugins/com.st.stm32cube.ide.mcu.externaltools.gnu-tools-for-stm32.13.3.rel1.win32_1.0.0.202411081344/tools/bin/../lib/gcc/arm-none-eabi/13.3.1/../../../../arm-none-eabi/lib/thumb/v7e-m+dp/hard\libc_nano.a(libc_a-nano-vfscanf_i.o)
 *(.rodata*)
 .rodata.HAL_ADC_ErrorCallback.str1.1
                0x0800b3b8       0xd6 ./Core/Src/adc.o
                                 0x16 (size before relaxing)
 .rodata.main.str1.1
                0x0800b48e       0x30 ./Core/Src/main.o
 .rodata.D1CorePrescTable
                0x0800b48e       0x10 ./Core/Src/system_stm32h7xx.o
                0x0800b48e                D1CorePrescTable
 .rodata.flagBitshiftOffset.0
                0x0800b49e        0x8 ./Drivers/STM32H7xx_HAL_Driver/Src/stm32h7xx_hal_dma.o
 .rodata.UARTPrescTable
                0x0800b4a6       0x18 ./Drivers/STM32H7xx_HAL_Driver/Src/stm32h7xx_hal_uart.o
                0x0800b4a6                UARTPrescTable
 .rodata.denominator.0
                0x0800b4be        0x8 ./Drivers/STM32H7xx_HAL_Driver/Src/stm32h7xx_hal_uart_ex.o
 .rodata.numerator.1
                0x0800b4c6        0x8 ./Drivers/STM32H7xx_HAL_Driver/Src/stm32h7xx_hal_uart_ex.o
 .rodata.USBD_FS_ManufacturerStrDescriptor.str1.1
                0x0800b4ce       0x13 ./USB_DEVICE/App/usbd_desc.o
 .rodata.USBD_FS_ProductStrDescriptor.str1.1
                0x0800b4ce       0x16 ./USB_DEVICE/App/usbd_desc.o
 .rodata.USBD_FS_ConfigStrDescriptor.str1.1
                0x0800b4ce        0xb ./USB_DEVICE/App/usbd_desc.o
 .rodata.USBD_FS_InterfaceStrDescriptor.str1.1
                0x0800b4ce        0xe ./USB_DEVICE/App/usbd_desc.o
 .rodata._ctype_
                0x0800b4ce      0x101 C:/ST/STM32CubeIDE_1.18.0/STM32CubeIDE/plugins/com.st.stm32cube.ide.mcu.externaltools.gnu-tools-for-stm32.13.3.rel1.win32_1.0.0.202411081344/tools/bin/../lib/gcc/arm-none-eabi/13.3.1/../../../../arm-none-eabi/lib/thumb/v7e-m+dp/hard\libc_nano.a(libc_a-ctype_.o)
                0x0800b4ce                _ctype_
 .rodata._svfprintf_r.str1.1
                0x0800b5cf       0x11 C:/ST/STM32CubeIDE_1.18.0/STM32CubeIDE/plugins/com.st.stm32cube.ide.mcu.externaltools.gnu-tools-for-stm32.13.3.rel1.win32_1.0.0.202411081344/tools/bin/../lib/gcc/arm-none-eabi/13.3.1/../../../../arm-none-eabi/lib/thumb/v7e-m+dp/hard\libc_nano.a(libc_a-nano-svfprintf.o)
 .rodata.__ssvfscanf_r.str1.1
                0x0800b5cf        0x4 C:/ST/STM32CubeIDE_1.18.0/STM32CubeIDE/plugins/com.st.stm32cube.ide.mcu.externaltools.gnu-tools-for-stm32.13.3.rel1.win32_1.0.0.202411081344/tools/bin/../lib/gcc/arm-none-eabi/13.3.1/../../../../arm-none-eabi/lib/thumb/v7e-m+dp/hard\libc_nano.a(libc_a-nano-svfscanf.o)
 .rodata._printf_i.str1.1
                0x0800b5cf       0x22 C:/ST/STM32CubeIDE_1.18.0/STM32CubeIDE/plugins/com.st.stm32cube.ide.mcu.externaltools.gnu-tools-for-stm32.13.3.rel1.win32_1.0.0.202411081344/tools/bin/../lib/gcc/arm-none-eabi/13.3.1/../../../../arm-none-eabi/lib/thumb/v7e-m+dp/hard\libc_nano.a(libc_a-nano-vfprintf_i.o)
 .rodata._scanf_i.str1.1
                0x0800b5cf       0x12 C:/ST/STM32CubeIDE_1.18.0/STM32CubeIDE/plugins/com.st.stm32cube.ide.mcu.externaltools.gnu-tools-for-stm32.13.3.rel1.win32_1.0.0.202411081344/tools/bin/../lib/gcc/arm-none-eabi/13.3.1/../../../../arm-none-eabi/lib/thumb/v7e-m+dp/hard\libc_nano.a(libc_a-nano-vfscanf_i.o)
 .rodata.str1.1
                0x0800b5cf        0x9 C:/ST/STM32CubeIDE_1.18.0/STM32CubeIDE/plugins/com.st.stm32cube.ide.mcu.externaltools.gnu-tools-for-stm32.13.3.rel1.win32_1.0.0.202411081344/tools/bin/../lib/gcc/arm-none-eabi/13.3.1/../../../../arm-none-eabi/lib/thumb/v7e-m+dp/hard\libc_nano.a(libc_a-nano-vfscanf_i.o)
                0x0800b5f4                        . = ALIGN (0x4)
 *fill*         0x0800b5cf        0x1 

.ARM.extab
 *(.ARM.extab* .gnu.linkonce.armextab.*)

.ARM            0x0800b5d0        0x8
                0x0800b5d0                        __exidx_start = .
 *(.ARM.exidx*)
 .ARM.exidx     0x0800b5d0        0x8 C:/ST/STM32CubeIDE_1.18.0/STM32CubeIDE/plugins/com.st.stm32cube.ide.mcu.externaltools.gnu-tools-for-stm32.13.3.rel1.win32_1.0.0.202411081344/tools/bin/../lib/gcc/arm-none-eabi/13.3.1/../../../../arm-none-eabi/lib/thumb/v7e-m+dp/hard\libc_nano.a(libc_a-strlen.o)
 .ARM.exidx     0x0800b5d8        0x0 C:/ST/STM32CubeIDE_1.18.0/STM32CubeIDE/plugins/com.st.stm32cube.ide.mcu.externaltools.gnu-tools-for-stm32.13.3.rel1.win32_1.0.0.202411081344/tools/bin/../lib/gcc/arm-none-eabi/13.3.1/../../../../arm-none-eabi/lib/thumb/v7e-m+dp/hard\libc_nano.a(libc_a-memchr.o)
                                  0x8 (size before relaxing)
 .ARM.exidx     0x0800b5d8        0x0 C:/ST/STM32CubeIDE_1.18.0/STM32CubeIDE/plugins/com.st.stm32cube.ide.mcu.externaltools.gnu-tools-for-stm32.13.3.rel1.win32_1.0.0.202411081344/tools/bin/../lib/gcc/arm-none-eabi/13.3.1/thumb/v7e-m+dp/hard\libgcc.a(_udivmoddi4.o)
                                  0x8 (size before relaxing)
                0x0800b5d8                        __exidx_end = .

.preinit_array  0x0800b5d8        0x0
                0x0800b5d8                        PROVIDE (__preinit_array_start = .)
 *(.preinit_array*)
                0x0800b5d8                        PROVIDE (__preinit_array_end = .)

.init_array     0x0800b5d8        0x4
                0x0800b5d8                        PROVIDE (__init_array_start = .)
 *(SORT_BY_NAME(.init_array.*))
 *(.init_array*)
 .init_array    0x0800b5d8        0x4 C:/ST/STM32CubeIDE_1.18.0/STM32CubeIDE/plugins/com.st.stm32cube.ide.mcu.externaltools.gnu-tools-for-stm32.13.3.rel1.win32_1.0.0.202411081344/tools/bin/../lib/gcc/arm-none-eabi/13.3.1/thumb/v7e-m+dp/hard/crtbegin.o
                0x0800b5dc                        PROVIDE (__init_array_end = .)

.fini_array     0x0800b5dc        0x4
                [!provide]                        PROVIDE (__fini_array_start = .)
 *(SORT_BY_NAME(.fini_array.*))
 *(.fini_array*)
 .fini_array    0x0800b5dc        0x4 C:/ST/STM32CubeIDE_1.18.0/STM32CubeIDE/plugins/com.st.stm32cube.ide.mcu.externaltools.gnu-tools-for-stm32.13.3.rel1.win32_1.0.0.202411081344/tools/bin/../lib/gcc/arm-none-eabi/13.3.1/thumb/v7e-m+dp/hard/crtbegin.o
                [!provide]                        PROVIDE (__fini_array_end = .)
                0x0800b5e0                        _sidata = LOADADDR (.data)

.rel.dyn        0x0800b5e0        0x0
 .rel.iplt      0x0800b5e0        0x0 C:/ST/STM32CubeIDE_1.18.0/STM32CubeIDE/plugins/com.st.stm32cube.ide.mcu.externaltools.gnu-tools-for-stm32.13.3.rel1.win32_1.0.0.202411081344/tools/bin/../lib/gcc/arm-none-eabi/13.3.1/thumb/v7e-m+dp/hard/crtbegin.o

.data           0x24000000      0x15c load address 0x0800b5e0
                0x24000000                        . = ALIGN (0x4)
                0x24000000                        _sdata = .
 *(.data)
 *(.data*)
 .data.SystemD2Clock
                0x24000000        0x4 ./Core/Src/system_stm32h7xx.o
                0x24000000                SystemD2Clock
 .data.SystemCoreClock
                0x24000004        0x4 ./Core/Src/system_stm32h7xx.o
                0x24000004                SystemCoreClock
 .data.uwTickFreq
                0x24000008        0x1 ./Drivers/STM32H7xx_HAL_Driver/Src/stm32h7xx_hal.o
                0x24000008                uwTickFreq
 *fill*         0x24000009        0x3 
 .data.uwTickPrio
                0x2400000c        0x4 ./Drivers/STM32H7xx_HAL_Driver/Src/stm32h7xx_hal.o
                0x2400000c                uwTickPrio
 .data.USBD_CDC_CfgDesc
                0x24000010       0x43 ./Middlewares/ST/STM32_USB_Device_Library/Class/CDC/Src/usbd_cdc.o
 *fill*         0x24000053        0x1 
 .data.USBD_CDC
                0x24000054       0x38 ./Middlewares/ST/STM32_USB_Device_Library/Class/CDC/Src/usbd_cdc.o
                0x24000054                USBD_CDC
 .data.USBD_CDC_DeviceQualifierDesc
                0x2400008c        0xa ./Middlewares/ST/STM32_USB_Device_Library/Class/CDC/Src/usbd_cdc.o
 *fill*         0x24000096        0x2 
 .data.USBD_Interface_fops_FS
                0x24000098       0x14 ./USB_DEVICE/App/usbd_cdc_if.o
                0x24000098                USBD_Interface_fops_FS
 .data.linecoding
                0x240000ac        0x8 ./USB_DEVICE/App/usbd_cdc_if.o
                0x240000ac                linecoding
 .data.USBD_StringSerial
                0x240000b4       0x1a ./USB_DEVICE/App/usbd_desc.o
                0x240000b4                USBD_StringSerial
 *fill*         0x240000ce        0x2 
 .data.USBD_LangIDDesc
                0x240000d0        0x4 ./USB_DEVICE/App/usbd_desc.o
                0x240000d0                USBD_LangIDDesc
 .data.USBD_FS_DeviceDesc
                0x240000d4       0x12 ./USB_DEVICE/App/usbd_desc.o
                0x240000d4                USBD_FS_DeviceDesc
 *fill*         0x240000e6        0x2 
 .data.FS_Desc  0x240000e8       0x20 ./USB_DEVICE/App/usbd_desc.o
                0x240000e8                FS_Desc
 .data.debug_port